Archive member included to satisfy reference by file (symbol)

d:/clion/tools/gcc-arm-none-eabi-10.3-2021.10-win32/gcc-arm-none-eabi-10.3-2021.10/bin/../lib/gcc/arm-none-eabi/10.3.1/thumb/v7-m/nofp\libgcc.a(_arm_muldf3.o)
                              CMakeFiles/v1.elf.dir/control/control.c.obj (__aeabi_dmul)
d:/clion/tools/gcc-arm-none-eabi-10.3-2021.10-win32/gcc-arm-none-eabi-10.3-2021.10/bin/../lib/gcc/arm-none-eabi/10.3.1/thumb/v7-m/nofp\libgcc.a(_arm_mulsf3.o)
                              CMakeFiles/v1.elf.dir/pid/PID.c.obj (__aeabi_fmul)
d:/clion/tools/gcc-arm-none-eabi-10.3-2021.10-win32/gcc-arm-none-eabi-10.3-2021.10/bin/../lib/gcc/arm-none-eabi/10.3.1/thumb/v7-m/nofp\libgcc.a(_arm_addsubdf3.o)
                              CMakeFiles/v1.elf.dir/control/control.c.obj (__aeabi_dadd)
d:/clion/tools/gcc-arm-none-eabi-10.3-2021.10-win32/gcc-arm-none-eabi-10.3-2021.10/bin/../lib/gcc/arm-none-eabi/10.3.1/thumb/v7-m/nofp\libgcc.a(_arm_muldivdf3.o)
                              CMakeFiles/v1.elf.dir/control/control.c.obj (__aeabi_ddiv)
d:/clion/tools/gcc-arm-none-eabi-10.3-2021.10-win32/gcc-arm-none-eabi-10.3-2021.10/bin/../lib/gcc/arm-none-eabi/10.3.1/thumb/v7-m/nofp\libgcc.a(_arm_truncdfsf2.o)
                              CMakeFiles/v1.elf.dir/control/control.c.obj (__aeabi_d2f)
d:/clion/tools/gcc-arm-none-eabi-10.3-2021.10-win32/gcc-arm-none-eabi-10.3-2021.10/bin/../lib/gcc/arm-none-eabi/10.3.1/thumb/v7-m/nofp\libgcc.a(_arm_addsubsf3.o)
                              CMakeFiles/v1.elf.dir/pid/PID.c.obj (__aeabi_fsub)
d:/clion/tools/gcc-arm-none-eabi-10.3-2021.10-win32/gcc-arm-none-eabi-10.3-2021.10/bin/../lib/gcc/arm-none-eabi/10.3.1/thumb/v7-m/nofp\libgcc.a(_arm_cmpsf2.o)
                              CMakeFiles/v1.elf.dir/pid/PID.c.obj (__aeabi_fcmplt)
d:/clion/tools/gcc-arm-none-eabi-10.3-2021.10-win32/gcc-arm-none-eabi-10.3-2021.10/bin/../lib/gcc/arm-none-eabi/10.3.1/thumb/v7-m/nofp\libgcc.a(_arm_fixsfsi.o)
                              CMakeFiles/v1.elf.dir/Core/Src/main.c.obj (__aeabi_f2iz)
d:/clion/tools/gcc-arm-none-eabi-10.3-2021.10-win32/gcc-arm-none-eabi-10.3-2021.10/bin/../lib/gcc/arm-none-eabi/10.3.1/thumb/v7-m/nofp\libgcc.a(_arm_fixunssfsi.o)
                              CMakeFiles/v1.elf.dir/control/control.c.obj (__aeabi_f2uiz)
d:/clion/tools/gcc-arm-none-eabi-10.3-2021.10-win32/gcc-arm-none-eabi-10.3-2021.10/bin/../lib/gcc/arm-none-eabi/10.3.1/../../../../arm-none-eabi/lib/thumb/v7-m/nofp\libg.a(lib_a-atoff.o)
                              CMakeFiles/v1.elf.dir/Core/Src/usart.c.obj (atoff)
d:/clion/tools/gcc-arm-none-eabi-10.3-2021.10-win32/gcc-arm-none-eabi-10.3-2021.10/bin/../lib/gcc/arm-none-eabi/10.3.1/../../../../arm-none-eabi/lib/thumb/v7-m/nofp\libg.a(lib_a-errno.o)
                              CMakeFiles/v1.elf.dir/Core/Src/syscalls.c.obj (__errno)
d:/clion/tools/gcc-arm-none-eabi-10.3-2021.10-win32/gcc-arm-none-eabi-10.3-2021.10/bin/../lib/gcc/arm-none-eabi/10.3.1/../../../../arm-none-eabi/lib/thumb/v7-m/nofp\libg.a(lib_a-exit.o)
                              d:/clion/tools/gcc-arm-none-eabi-10.3-2021.10-win32/gcc-arm-none-eabi-10.3-2021.10/bin/../lib/gcc/arm-none-eabi/10.3.1/../../../../arm-none-eabi/lib/thumb/v7-m/nofp/crt0.o (exit)
d:/clion/tools/gcc-arm-none-eabi-10.3-2021.10-win32/gcc-arm-none-eabi-10.3-2021.10/bin/../lib/gcc/arm-none-eabi/10.3.1/../../../../arm-none-eabi/lib/thumb/v7-m/nofp\libg.a(lib_a-impure.o)
                              d:/clion/tools/gcc-arm-none-eabi-10.3-2021.10-win32/gcc-arm-none-eabi-10.3-2021.10/bin/../lib/gcc/arm-none-eabi/10.3.1/../../../../arm-none-eabi/lib/thumb/v7-m/nofp\libg.a(lib_a-exit.o) (_global_impure_ptr)
d:/clion/tools/gcc-arm-none-eabi-10.3-2021.10-win32/gcc-arm-none-eabi-10.3-2021.10/bin/../lib/gcc/arm-none-eabi/10.3.1/../../../../arm-none-eabi/lib/thumb/v7-m/nofp\libg.a(lib_a-init.o)
                              d:/clion/tools/gcc-arm-none-eabi-10.3-2021.10-win32/gcc-arm-none-eabi-10.3-2021.10/bin/../lib/gcc/arm-none-eabi/10.3.1/../../../../arm-none-eabi/lib/thumb/v7-m/nofp/crt0.o (__libc_init_array)
d:/clion/tools/gcc-arm-none-eabi-10.3-2021.10-win32/gcc-arm-none-eabi-10.3-2021.10/bin/../lib/gcc/arm-none-eabi/10.3.1/../../../../arm-none-eabi/lib/thumb/v7-m/nofp\libg.a(lib_a-memset.o)
                              d:/clion/tools/gcc-arm-none-eabi-10.3-2021.10-win32/gcc-arm-none-eabi-10.3-2021.10/bin/../lib/gcc/arm-none-eabi/10.3.1/../../../../arm-none-eabi/lib/thumb/v7-m/nofp/crt0.o (memset)
d:/clion/tools/gcc-arm-none-eabi-10.3-2021.10-win32/gcc-arm-none-eabi-10.3-2021.10/bin/../lib/gcc/arm-none-eabi/10.3.1/../../../../arm-none-eabi/lib/thumb/v7-m/nofp\libg.a(lib_a-sprintf.o)
                              CMakeFiles/v1.elf.dir/Core/Src/main.c.obj (sprintf)
d:/clion/tools/gcc-arm-none-eabi-10.3-2021.10-win32/gcc-arm-none-eabi-10.3-2021.10/bin/../lib/gcc/arm-none-eabi/10.3.1/../../../../arm-none-eabi/lib/thumb/v7-m/nofp\libg.a(lib_a-strstr.o)
                              CMakeFiles/v1.elf.dir/Core/Src/usart.c.obj (strstr)
[...]
Memory Configuration

Name             Origin             Length             Attributes
RAM              0x20000000         0x00005000         xrw
FLASH            0x08000000         0x00020000         xr
*default*        0x00000000         0xffffffff

Linker script and memory map

LOAD d:/clion/tools/gcc-arm-none-eabi-10.3-2021.10-win32/gcc-arm-none-eabi-10.3-2021.10/bin/../lib/gcc/arm-none-eabi/10.3.1/thumb/v7-m/nofp/crti.o
LOAD d:/clion/tools/gcc-arm-none-eabi-10.3-2021.10-win32/gcc-arm-none-eabi-10.3-2021.10/bin/../lib/gcc/arm-none-eabi/10.3.1/thumb/v7-m/nofp/crtbegin.o
LOAD d:/clion/tools/gcc-arm-none-eabi-10.3-2021.10-win32/gcc-arm-none-eabi-10.3-2021.10/bin/../lib/gcc/arm-none-eabi/10.3.1/../../../../arm-none-eabi/lib/thumb/v7-m/nofp/crt0.o
LOAD CMakeFiles/v1.elf.dir/Core/Src/gpio.c.obj
LOAD CMakeFiles/v1.elf.dir/Core/Src/main.c.obj
LOAD CMakeFiles/v1.elf.dir/Core/Src/stm32f1xx_hal_msp.c.obj
LOAD CMakeFiles/v1.elf.dir/Core/Src/stm32f1xx_it.c.obj
LOAD CMakeFiles/v1.elf.dir/Core/Src/syscalls.c.obj
LOAD CMakeFiles/v1.elf.dir/Core/Src/sysmem.c.obj
LOAD CMakeFiles/v1.elf.dir/Core/Src/system_stm32f1xx.c.obj
LOAD CMakeFiles/v1.elf.dir/Core/Src/tim.c.obj
LOAD CMakeFiles/v1.elf.dir/Core/Src/usart.c.obj
LOAD CMakeFiles/v1.elf.dir/Core/Startup/startup_stm32f103c8tx.s.obj
LOAD CMakeFiles/v1.elf.dir/Drivers/STM32F1xx_HAL_Driver/Src/stm32f1xx_hal.c.obj
LOAD CMakeFiles/v1.elf.dir/Drivers/STM32F1xx_HAL_Driver/Src/stm32f1xx_hal_cortex.c.obj
LOAD CMakeFiles/v1.elf.dir/Drivers/STM32F1xx_HAL_Driver/Src/stm32f1xx_hal_dma.c.obj
LOAD CMakeFiles/v1.elf.dir/Drivers/STM32F1xx_HAL_Driver/Src/stm32f1xx_hal_exti.c.obj
LOAD CMakeFiles/v1.elf.dir/Drivers/STM32F1xx_HAL_Driver/Src/stm32f1xx_hal_flash.c.obj
LOAD CMakeFiles/v1.elf.dir/Drivers/STM32F1xx_HAL_Driver/Src/stm32f1xx_hal_flash_ex.c.obj
LOAD CMakeFiles/v1.elf.dir/Drivers/STM32F1xx_HAL_Driver/Src/stm32f1xx_hal_gpio.c.obj
LOAD CMakeFiles/v1.elf.dir/Drivers/STM32F1xx_HAL_Driver/Src/stm32f1xx_hal_gpio_ex.c.obj
LOAD CMakeFiles/v1.elf.dir/Drivers/STM32F1xx_HAL_Driver/Src/stm32f1xx_hal_pwr.c.obj
LOAD CMakeFiles/v1.elf.dir/Drivers/STM32F1xx_HAL_Driver/Src/stm32f1xx_hal_rcc.c.obj
LOAD CMakeFiles/v1.elf.dir/Drivers/STM32F1xx_HAL_Driver/Src/stm32f1xx_hal_rcc_ex.c.obj
LOAD CMakeFiles/v1.elf.dir/Drivers/STM32F1xx_HAL_Driver/Src/stm32f1xx_hal_tim.c.obj
LOAD CMakeFiles/v1.elf.dir/Drivers/STM32F1xx_HAL_Driver/Src/stm32f1xx_hal_tim_ex.c.obj
LOAD CMakeFiles/v1.elf.dir/Drivers/STM32F1xx_HAL_Driver/Src/stm32f1xx_hal_uart.c.obj
LOAD CMakeFiles/v1.elf.dir/control/control.c.obj
LOAD CMakeFiles/v1.elf.dir/oled_sim/oled.c.obj
LOAD CMakeFiles/v1.elf.dir/pid/PID.c.obj
START GROUP
LOAD d:/clion/tools/gcc-arm-none-eabi-10.3-2021.10-win32/gcc-arm-none-eabi-10.3-2021.10/bin/../lib/gcc/arm-none-eabi/10.3.1/thumb/v7-m/nofp\libgcc.a
LOAD d:/clion/tools/gcc-arm-none-eabi-10.3-2021.10-win32/gcc-arm-none-eabi-10.3-2021.10/bin/../lib/gcc/arm-none-eabi/10.3.1/../../../../arm-none-eabi/lib/thumb/v7-m/nofp\libg.a
LOAD d:/clion/tools/gcc-arm-none-eabi-10.3-2021.10-win32/gcc-arm-none-eabi-10.3-2021.10/bin/../lib/gcc/arm-none-eabi/10.3.1/../../../../arm-none-eabi/lib/thumb/v7-m/nofp\libc.a
END GROUP
LOAD d:/clion/tools/gcc-arm-none-eabi-10.3-2021.10-win32/gcc-arm-none-eabi-10.3-2021.10/bin/../lib/gcc/arm-none-eabi/10.3.1/thumb/v7-m/nofp/crtend.o
LOAD d:/clion/tools/gcc-arm-none-eabi-10.3-2021.10-win32/gcc-arm-none-eabi-10.3-2021.10/bin/../lib/gcc/arm-none-eabi/10.3.1/thumb/v7-m/nofp/crtn.o
                0x20005000                _estack = (ORIGIN (RAM) + LENGTH (RAM))
                0x00000200                _Min_Heap_Size = 0x200
                0x00000400                _Min_Stack_Size = 0x400

.isr_vector     0x08000000      0x10c
                0x08000000                . = ALIGN (0x4)
 *(.isr_vector)
 .isr_vector    0x08000000      0x10c CMakeFiles/v1.elf.dir/Core/Startup/startup_stm32f103c8tx.s.obj
                0x08000000                g_pfnVectors
                0x0800010c                . = ALIGN (0x4)

.text           0x08000110     0xbce0
                0x08000110                . = ALIGN (0x4)
 *(.text)
 .text          0x08000110       0x40 d:/clion/tools/gcc-arm-none-eabi-10.3-2021.10-win32/gcc-arm-none-eabi-10.3-2021.10/bin/../lib/gcc/arm-none-eabi/10.3.1/thumb/v7-m/nofp/crtbegin.o
 .text          0x08000150      0x168 d:/clion/tools/gcc-arm-none-eabi-10.3-2021.10-win32/gcc-arm-none-eabi-10.3-2021.10/bin/../lib/gcc/arm-none-eabi/10.3.1/thumb/v7-m/nofp\libgcc.a(_arm_mulsf3.o)
                0x08000150                __aeabi_fmul
                0x08000150                __mulsf3
 .text          0x080002b8      0x378 d:/clion/tools/gcc-arm-none-eabi-10.3-2021.10-win32/gcc-arm-none-eabi-10.3-2021.10/bin/../lib/gcc/arm-none-eabi/10.3.1/thumb/v7-m/nofp\libgcc.a(_arm_addsubdf3.o)
                0x080002b8                __aeabi_drsub
                0x080002c0                __aeabi_dsub
                0x080002c0                __subdf3
                0x080002c4                __aeabi_dadd
                0x080002c4                __adddf3
                0x0800053c                __floatunsidf
                0x0800053c                __aeabi_ui2d
                0x0800055c                __floatsidf
                0x0800055c                __aeabi_i2d
                0x08000580                __aeabi_f2d
                0x08000580                __extendsfdf2
                0x080005c4                __floatundidf
                0x080005c4                __aeabi_ul2d
                0x080005d4                __floatdidf
                0x080005d4                __aeabi_l2d
 .text          0x08000630      0x424 d:/clion/tools/gcc-arm-none-eabi-10.3-2021.10-win32/gcc-arm-none-eabi-10.3-2021.10/bin/../lib/gcc/arm-none-eabi/10.3.1/thumb/v7-m/nofp\libgcc.a(_arm_muldivdf3.o)
                0x08000630                __aeabi_dmul
                0x08000630                __muldf3
                0x08000884                __divdf3
                0x08000884                __aeabi_ddiv
 .text          0x08000a54       0xa0 d:/clion/tools/gcc-arm-none-eabi-10.3-2021.10-win32/gcc-arm-none-eabi-10.3-2021.10/bin/../lib/gcc/arm-none-eabi/10.3.1/thumb/v7-m/nofp\libgcc.a(_arm_truncdfsf2.o)
                0x08000a54                __truncdfsf2
                0x08000a54                __aeabi_d2f
 .text          0x08000af4      0x21c d:/clion/tools/gcc-arm-none-eabi-10.3-2021.10-win32/gcc-arm-none-eabi-10.3-2021.10/bin/../lib/gcc/arm-none-eabi/10.3.1/thumb/v7-m/nofp\libgcc.a(_arm_addsubsf3.o)
                0x08000af4                __aeabi_frsub
                0x08000afc                __subsf3
                0x08000afc                __aeabi_fsub
                0x08000b00                __aeabi_fadd
                0x08000b00                __addsf3
                0x08000c60                __aeabi_ui2f
                0x08000c60                __floatunsisf
                0x08000c68                __aeabi_i2f
                0x08000c68                __floatsisf
                0x08000c84                __aeabi_ul2f
                0x08000c84                __floatundisf
                0x08000c94                __aeabi_l2f
                0x08000c94                __floatdisf
 .text          0x08000d10       0xec d:/clion/tools/gcc-arm-none-eabi-10.3-2021.10-win32/gcc-arm-none-eabi-10.3-2021.10/bin/../lib/gcc/arm-none-eabi/10.3.1/thumb/v7-m/nofp\libgcc.a(_arm_cmpsf2.o)
                0x08000d10                __gesf2
                0x08000d10                __gtsf2
                0x08000d18                __lesf2
                0x08000d18                __ltsf2
                0x08000d20                __nesf2
                0x08000d20                __eqsf2
                0x08000d20                __cmpsf2
                0x08000d80                __aeabi_cfrcmple
                0x08000d88                __aeabi_cfcmpeq
                0x08000d88                __aeabi_cfcmple
                0x08000d98                __aeabi_fcmpeq
                0x08000dac                __aeabi_fcmplt
                0x08000dc0                __aeabi_fcmple
                0x08000dd4                __aeabi_fcmpge
                0x08000de8                __aeabi_fcmpgt
 .text          0x08000dfc       0x4c d:/clion/tools/gcc-arm-none-eabi-10.3-2021.10-win32/gcc-arm-none-eabi-10.3-2021.10/bin/../lib/gcc/arm-none-eabi/10.3.1/thumb/v7-m/nofp\libgcc.a(_arm_fixsfsi.o)
                0x08000dfc                __aeabi_f2iz
                0x08000dfc                __fixsfsi
 .text          0x08000e48       0x40 d:/clion/tools/gcc-arm-none-eabi-10.3-2021.10-win32/gcc-arm-none-eabi-10.3-2021.10/bin/../lib/gcc/arm-none-eabi/10.3.1/thumb/v7-m/nofp\libgcc.a(_arm_fixunssfsi.o)
                0x08000e48                __fixunssfsi
                0x08000e48                __aeabi_f2uiz
 .text          0x08000e88       0xec d:/clion/tools/gcc-arm-none-eabi-10.3-2021.10-win32/gcc-arm-none-eabi-10.3-2021.10/bin/../lib/gcc/arm-none-eabi/10.3.1/../../../../arm-none-eabi/lib/thumb/v7-m/nofp\libg.a(lib_a-memcpy.o)
                0x08000e88                memcpy
 .text          0x08000f74      0x110 d:/clion/tools/gcc-arm-none-eabi-10.3-2021.10-win32/gcc-arm-none-eabi-10.3-2021.10/bin/../lib/gcc/arm-none-eabi/10.3.1/thumb/v7-m/nofp\libgcc.a(_arm_cmpdf2.o)
                0x08000f74                __gtdf2
                0x08000f74                __gedf2
                0x08000f7c                __ltdf2
                0x08000f7c                __ledf2
                0x08000f84                __nedf2
                0x08000f84                __eqdf2
                0x08000f84                __cmpdf2
                0x08001000                __aeabi_cdrcmple
                0x08001010                __aeabi_cdcmpeq
                0x08001010                __aeabi_cdcmple
                0x08001020                __aeabi_dcmpeq
                0x08001034                __aeabi_dcmplt
                0x08001048                __aeabi_dcmple
                0x0800105c                __aeabi_dcmpge
                0x08001070                __aeabi_dcmpgt
 .text          0x08001084       0x2c d:/clion/tools/gcc-arm-none-eabi-10.3-2021.10-win32/gcc-arm-none-eabi-10.3-2021.10/bin/../lib/gcc/arm-none-eabi/10.3.1/thumb/v7-m/nofp\libgcc.a(_arm_unorddf2.o)
                0x08001084                __unorddf2
                0x08001084                __aeabi_dcmpun
 .text          0x080010b0       0x50 d:/clion/tools/gcc-arm-none-eabi-10.3-2021.10-win32/gcc-arm-none-eabi-10.3-2021.10/bin/../lib/gcc/arm-none-eabi/10.3.1/thumb/v7-m/nofp\libgcc.a(_arm_fixdfsi.o)
                0x080010b0                __aeabi_d2iz
                0x080010b0                __fixdfsi
 .text          0x08001100       0x40 d:/clion/tools/gcc-arm-none-eabi-10.3-2021.10-win32/gcc-arm-none-eabi-10.3-2021.10/bin/../lib/gcc/arm-none-eabi/10.3.1/thumb/v7-m/nofp\libgcc.a(_arm_fixunsdfsi.o)
                0x08001100                __aeabi_d2uiz
                0x08001100                __fixunsdfsi
 .text          0x08001140       0x2c d:/clion/tools/gcc-arm-none-eabi-10.3-2021.10-win32/gcc-arm-none-eabi-10.3-2021.10/bin/../lib/gcc/arm-none-eabi/10.3.1/thumb/v7-m/nofp\libgcc.a(_arm_unordsf2.o)
                0x08001140                __unordsf2
                0x08001140                __aeabi_fcmpun
 .text          0x0800116c       0x30 d:/clion/tools/gcc-arm-none-eabi-10.3-2021.10-win32/gcc-arm-none-eabi-10.3-2021.10/bin/../lib/gcc/arm-none-eabi/10.3.1/thumb/v7-m/nofp\libgcc.a(_aeabi_uldivmod.o)
                0x0800116c                __aeabi_uldivmod
 .text          0x0800119c       0x34 d:/clion/tools/gcc-arm-none-eabi-10.3-2021.10-win32/gcc-arm-none-eabi-10.3-2021.10/bin/../lib/gcc/arm-none-eabi/10.3.1/thumb/v7-m/nofp\libgcc.a(_fixdfdi.o)
                0x0800119c                __fixdfdi
                0x0800119c                __aeabi_d2lz
 .text          0x080011d0       0x3c d:/clion/tools/gcc-arm-none-eabi-10.3-2021.10-win32/gcc-arm-none-eabi-10.3-2021.10/bin/../lib/gcc/arm-none-eabi/10.3.1/thumb/v7-m/nofp\libgcc.a(_fixunsdfdi.o)
                0x080011d0                __fixunsdfdi
                0x080011d0                __aeabi_d2ulz
 .text          0x0800120c      0x2d4 d:/clion/tools/gcc-arm-none-eabi-10.3-2021.10-win32/gcc-arm-none-eabi-10.3-2021.10/bin/../lib/gcc/arm-none-eabi/10.3.1/thumb/v7-m/nofp\libgcc.a(_udivmoddi4.o)
                0x0800120c                __udivmoddi4
 .text          0x080014e0        0x4 d:/clion/tools/gcc-arm-none-eabi-10.3-2021.10-win32/gcc-arm-none-eabi-10.3-2021.10/bin/../lib/gcc/arm-none-eabi/10.3.1/thumb/v7-m/nofp\libgcc.a(_dvmd_tls.o)
                0x080014e0                __aeabi_idiv0
                0x080014e0                __aeabi_ldiv0
 *(.text*)
 .text.MX_GPIO_Init
                0x080014e4       0xb4 CMakeFiles/v1.elf.dir/Core/Src/gpio.c.obj
                0x080014e4                MX_GPIO_Init
 .text.__io_putchar
                0x08001598       0x20 CMakeFiles/v1.elf.dir/Core/Src/main.c.obj
                0x08001598                __io_putchar
 .text.Error_Handler
                0x080015b8        0x4 CMakeFiles/v1.elf.dir/Core/Src/main.c.obj
                0x080015b8                Error_Handler
 .text.SystemClock_Config
                0x080015bc       0x64 CMakeFiles/v1.elf.dir/Core/Src/main.c.obj
                0x080015bc                SystemClock_Config
 .text.main     0x08001620      0x140 CMakeFiles/v1.elf.dir/Core/Src/main.c.obj
                0x08001620                main
 .text.HAL_MspInit
                0x08001760       0x44 CMakeFiles/v1.elf.dir/Core/Src/stm32f1xx_hal_msp.c.obj
                0x08001760                HAL_MspInit
 .text.NMI_Handler
                0x080017a4        0x2 CMakeFiles/v1.elf.dir/Core/Src/stm32f1xx_it.c.obj
                0x080017a4                NMI_Handler
 .text.HardFault_Handler
                0x080017a6        0x2 CMakeFiles/v1.elf.dir/Core/Src/stm32f1xx_it.c.obj
                0x080017a6                HardFault_Handler
 .text.MemManage_Handler
                0x080017a8        0x2 CMakeFiles/v1.elf.dir/Core/Src/stm32f1xx_it.c.obj
                0x080017a8                MemManage_Handler
 .text.BusFault_Handler
                0x080017aa        0x2 CMakeFiles/v1.elf.dir/Core/Src/stm32f1xx_it.c.obj
                0x080017aa                BusFault_Handler
 .text.UsageFault_Handler
                0x080017ac        0x2 CMakeFiles/v1.elf.dir/Core/Src/stm32f1xx_it.c.obj
                0x080017ac                UsageFault_Handler
 .text.SVC_Handler
                0x080017ae        0x2 CMakeFiles/v1.elf.dir/Core/Src/stm32f1xx_it.c.obj
                0x080017ae                SVC_Handler
 .text.DebugMon_Handler
                0x080017b0        0x2 CMakeFiles/v1.elf.dir/Core/Src/stm32f1xx_it.c.obj
                0x080017b0                DebugMon_Handler
 .text.PendSV_Handler
                0x080017b2        0x2 CMakeFiles/v1.elf.dir/Core/Src/stm32f1xx_it.c.obj
                0x080017b2                PendSV_Handler
 .text.SysTick_Handler
                0x080017b4        0x8 CMakeFiles/v1.elf.dir/Core/Src/stm32f1xx_it.c.obj
                0x080017b4                SysTick_Handler
 .text.TIM4_IRQHandler
                0x080017bc       0x10 CMakeFiles/v1.elf.dir/Core/Src/stm32f1xx_it.c.obj
                0x080017bc                TIM4_IRQHandler
 .text.USART1_IRQHandler
                0x080017cc       0x10 CMakeFiles/v1.elf.dir/Core/Src/stm32f1xx_it.c.obj
                0x080017cc                USART1_IRQHandler
 .text.USART2_IRQHandler
                0x080017dc       0x10 CMakeFiles/v1.elf.dir/Core/Src/stm32f1xx_it.c.obj
                0x080017dc                USART2_IRQHandler
 .text._getpid  0x080017ec        0x4 CMakeFiles/v1.elf.dir/Core/Src/syscalls.c.obj
                0x080017ec                _getpid
 .text._kill    0x080017f0       0x10 CMakeFiles/v1.elf.dir/Core/Src/syscalls.c.obj
                0x080017f0                _kill
 .text._exit    0x08001800        0xc CMakeFiles/v1.elf.dir/Core/Src/syscalls.c.obj
                0x08001800                _exit
 .text._read    0x0800180c       0x20 CMakeFiles/v1.elf.dir/Core/Src/syscalls.c.obj
                0x0800180c                _read
 .text._write   0x0800182c       0x1c CMakeFiles/v1.elf.dir/Core/Src/syscalls.c.obj
                0x0800182c                _write
 .text._close   0x08001848        0x6 CMakeFiles/v1.elf.dir/Core/Src/syscalls.c.obj
                0x08001848                _close
 .text._fstat   0x0800184e        0xa CMakeFiles/v1.elf.dir/Core/Src/syscalls.c.obj
                0x0800184e                _fstat
 .text._isatty  0x08001858        0x4 CMakeFiles/v1.elf.dir/Core/Src/syscalls.c.obj
                0x08001858                _isatty
 .text._lseek   0x0800185c        0x4 CMakeFiles/v1.elf.dir/Core/Src/syscalls.c.obj
                0x0800185c                _lseek
 .text._sbrk    0x08001860       0x48 CMakeFiles/v1.elf.dir/Core/Src/sysmem.c.obj
                0x08001860                _sbrk
 .text.SystemInit
                0x080018a8        0x2 CMakeFiles/v1.elf.dir/Core/Src/system_stm32f1xx.c.obj
                0x080018a8                SystemInit
 *fill*         0x080018aa        0x2 
 .text.HAL_TIM_PeriodElapsedCallback
                0x080018ac       0x60 CMakeFiles/v1.elf.dir/Core/Src/tim.c.obj
                0x080018ac                HAL_TIM_PeriodElapsedCallback
 .text.MX_TIM4_Init
                0x0800190c       0x70 CMakeFiles/v1.elf.dir/Core/Src/tim.c.obj
                0x0800190c                MX_TIM4_Init
 .text.HAL_TIM_Base_MspInit
                0x0800197c       0x60 CMakeFiles/v1.elf.dir/Core/Src/tim.c.obj
                0x0800197c                HAL_TIM_Base_MspInit
 .text.HAL_TIM_MspPostInit
                0x080019dc       0x88 CMakeFiles/v1.elf.dir/Core/Src/tim.c.obj
                0x080019dc                HAL_TIM_MspPostInit
 .text.MX_TIM2_Init
                0x08001a64       0xc4 CMakeFiles/v1.elf.dir/Core/Src/tim.c.obj
                0x08001a64                MX_TIM2_Init
 .text.HAL_UART_RxCpltCallback
                0x08001b28       0x98 CMakeFiles/v1.elf.dir/Core/Src/usart.c.obj
                0x08001b28                HAL_UART_RxCpltCallback
 .text.MX_USART1_UART_Init
                0x08001bc0       0x34 CMakeFiles/v1.elf.dir/Core/Src/usart.c.obj
                0x08001bc0                MX_USART1_UART_Init
 .text.MX_USART2_UART_Init
                0x08001bf4       0x34 CMakeFiles/v1.elf.dir/Core/Src/usart.c.obj
                0x08001bf4                MX_USART2_UART_Init
 .text.HAL_UART_MspInit
                0x08001c28      0x108 CMakeFiles/v1.elf.dir/Core/Src/usart.c.obj
                0x08001c28                HAL_UART_MspInit
 .text.Reset_Handler
                0x08001d30       0x48 CMakeFiles/v1.elf.dir/Core/Startup/startup_stm32f103c8tx.s.obj
                0x08001d30                Reset_Handler
 .text.Default_Handler
                0x08001d78        0x2 CMakeFiles/v1.elf.dir/Core/Startup/startup_stm32f103c8tx.s.obj
                0x08001d78                RTC_Alarm_IRQHandler
                0x08001d78                EXTI2_IRQHandler
                0x08001d78                TIM1_CC_IRQHandler
                0x08001d78                PVD_IRQHandler
                0x08001d78                EXTI3_IRQHandler
                0x08001d78                EXTI0_IRQHandler
                0x08001d78                I2C2_EV_IRQHandler
                0x08001d78                ADC1_2_IRQHandler
                0x08001d78                SPI1_IRQHandler
                0x08001d78                TAMPER_IRQHandler
                0x08001d78                DMA1_Channel4_IRQHandler
                0x08001d78                USART3_IRQHandler
                0x08001d78                RTC_IRQHandler
                0x08001d78                DMA1_Channel7_IRQHandler
                0x08001d78                CAN1_RX1_IRQHandler
                0x08001d78                I2C1_EV_IRQHandler
                0x08001d78                DMA1_Channel6_IRQHandler
                0x08001d78                TIM3_IRQHandler
                0x08001d78                RCC_IRQHandler
                0x08001d78                TIM1_TRG_COM_IRQHandler
                0x08001d78                DMA1_Channel1_IRQHandler
                0x08001d78                Default_Handler
                0x08001d78                EXTI15_10_IRQHandler
                0x08001d78                EXTI9_5_IRQHandler
                0x08001d78                SPI2_IRQHandler
                0x08001d78                DMA1_Channel5_IRQHandler
                0x08001d78                EXTI4_IRQHandler
                0x08001d78                USB_LP_CAN1_RX0_IRQHandler
                0x08001d78                USB_HP_CAN1_TX_IRQHandler
                0x08001d78                DMA1_Channel3_IRQHandler
                0x08001d78                TIM1_UP_IRQHandler
                0x08001d78                WWDG_IRQHandler
                0x08001d78                TIM2_IRQHandler
                0x08001d78                TIM1_BRK_IRQHandler
                0x08001d78                EXTI1_IRQHandler
                0x08001d78                I2C2_ER_IRQHandler
                0x08001d78                DMA1_Channel2_IRQHandler
                0x08001d78                CAN1_SCE_IRQHandler
                0x08001d78                FLASH_IRQHandler
                0x08001d78                I2C1_ER_IRQHandler
                0x08001d78                USBWakeUp_IRQHandler
 *fill*         0x08001d7a        0x2 
 .text.HAL_InitTick
                0x08001d7c       0x4c CMakeFiles/v1.elf.dir/Drivers/STM32F1xx_HAL_Driver/Src/stm32f1xx_hal.c.obj
                0x08001d7c                HAL_InitTick
 .text.HAL_Init
                0x08001dc8       0x24 CMakeFiles/v1.elf.dir/Drivers/STM32F1xx_HAL_Driver/Src/stm32f1xx_hal.c.obj
                0x08001dc8                HAL_Init
 .text.HAL_IncTick
                0x08001dec       0x18 CMakeFiles/v1.elf.dir/Drivers/STM32F1xx_HAL_Driver/Src/stm32f1xx_hal.c.obj
                0x08001dec                HAL_IncTick
 .text.HAL_GetTick
                0x08001e04        0xc CMakeFiles/v1.elf.dir/Drivers/STM32F1xx_HAL_Driver/Src/stm32f1xx_hal.c.obj
                0x08001e04                HAL_GetTick
 .text.HAL_Delay
                0x08001e10       0x28 CMakeFiles/v1.elf.dir/Drivers/STM32F1xx_HAL_Driver/Src/stm32f1xx_hal.c.obj
                0x08001e10                HAL_Delay
 .text.HAL_NVIC_SetPriorityGrouping
                0x08001e38       0x24 CMakeFiles/v1.elf.dir/Drivers/STM32F1xx_HAL_Driver/Src/stm32f1xx_hal_cortex.c.obj
                0x08001e38                HAL_NVIC_SetPriorityGrouping
 .text.HAL_NVIC_SetPriority
                0x08001e5c       0x70 CMakeFiles/v1.elf.dir/Drivers/STM32F1xx_HAL_Driver/Src/stm32f1xx_hal_cortex.c.obj
                0x08001e5c                HAL_NVIC_SetPriority
 .text.HAL_NVIC_EnableIRQ
                0x08001ecc       0x1c CMakeFiles/v1.elf.dir/Drivers/STM32F1xx_HAL_Driver/Src/stm32f1xx_hal_cortex.c.obj
                0x08001ecc                HAL_NVIC_EnableIRQ
 .text.HAL_SYSTICK_Config
                0x08001ee8       0x28 CMakeFiles/v1.elf.dir/Drivers/STM32F1xx_HAL_Driver/Src/stm32f1xx_hal_cortex.c.obj
                0x08001ee8                HAL_SYSTICK_Config
 .text.HAL_DMA_Abort
                0x08001f10       0x46 CMakeFiles/v1.elf.dir/Drivers/STM32F1xx_HAL_Driver/Src/stm32f1xx_hal_dma.c.obj
                0x08001f10                HAL_DMA_Abort
 *fill*         0x08001f56        0x2 
 .text.HAL_DMA_Abort_IT
                0x08001f58       0x98 CMakeFiles/v1.elf.dir/Drivers/STM32F1xx_HAL_Driver/Src/stm32f1xx_hal_dma.c.obj
                0x08001f58                HAL_DMA_Abort_IT
 .text.HAL_GPIO_Init
                0x08001ff0      0x224 CMakeFiles/v1.elf.dir/Drivers/STM32F1xx_HAL_Driver/Src/stm32f1xx_hal_gpio.c.obj
                0x08001ff0                HAL_GPIO_Init
 .text.HAL_GPIO_WritePin
                0x08002214        0xc CMakeFiles/v1.elf.dir/Drivers/STM32F1xx_HAL_Driver/Src/stm32f1xx_hal_gpio.c.obj
                0x08002214                HAL_GPIO_WritePin
 .text.HAL_GPIO_TogglePin
                0x08002220       0x12 CMakeFiles/v1.elf.dir/Drivers/STM32F1xx_HAL_Driver/Src/stm32f1xx_hal_gpio.c.obj
                0x08002220                HAL_GPIO_TogglePin
 *fill*         0x08002232        0x2 
 .text.RCC_Delay
                0x08002234       0x2c CMakeFiles/v1.elf.dir/Drivers/STM32F1xx_HAL_Driver/Src/stm32f1xx_hal_rcc.c.obj
 .text.HAL_RCC_OscConfig
                0x08002260      0x410 CMakeFiles/v1.elf.dir/Drivers/STM32F1xx_HAL_Driver/Src/stm32f1xx_hal_rcc.c.obj
                0x08002260                HAL_RCC_OscConfig
 .text.HAL_RCC_GetSysClockFreq
                0x08002670       0x54 CMakeFiles/v1.elf.dir/Drivers/STM32F1xx_HAL_Driver/Src/stm32f1xx_hal_rcc.c.obj
                0x08002670                HAL_RCC_GetSysClockFreq
 .text.HAL_RCC_ClockConfig
                0x080026c4      0x16c CMakeFiles/v1.elf.dir/Drivers/STM32F1xx_HAL_Driver/Src/stm32f1xx_hal_rcc.c.obj
                0x080026c4                HAL_RCC_ClockConfig
 .text.HAL_RCC_GetHCLKFreq
                0x08002830        0xc CMakeFiles/v1.elf.dir/Drivers/STM32F1xx_HAL_Driver/Src/stm32f1xx_hal_rcc.c.obj
                0x08002830                HAL_RCC_GetHCLKFreq
 .text.HAL_RCC_GetPCLK1Freq
                0x0800283c       0x20 CMakeFiles/v1.elf.dir/Drivers/STM32F1xx_HAL_Driver/Src/stm32f1xx_hal_rcc.c.obj
                0x0800283c                HAL_RCC_GetPCLK1Freq
 .text.HAL_RCC_GetPCLK2Freq
                0x0800285c       0x20 CMakeFiles/v1.elf.dir/Drivers/STM32F1xx_HAL_Driver/Src/stm32f1xx_hal_rcc.c.obj
                0x0800285c                HAL_RCC_GetPCLK2Freq
 .text.TIM_OC1_SetConfig
                0x0800287c       0x5c CMakeFiles/v1.elf.dir/Drivers/STM32F1xx_HAL_Driver/Src/stm32f1xx_hal_tim.c.obj
 .text.TIM_OC3_SetConfig
                0x080028d8       0x64 CMakeFiles/v1.elf.dir/Drivers/STM32F1xx_HAL_Driver/Src/stm32f1xx_hal_tim.c.obj
 .text.TIM_OC4_SetConfig
                0x0800293c       0x48 CMakeFiles/v1.elf.dir/Drivers/STM32F1xx_HAL_Driver/Src/stm32f1xx_hal_tim.c.obj
 .text.TIM_TI1_ConfigInputStage
                0x08002984       0x24 CMakeFiles/v1.elf.dir/Drivers/STM32F1xx_HAL_Driver/Src/stm32f1xx_hal_tim.c.obj
 .text.TIM_TI2_ConfigInputStage
                0x080029a8       0x26 CMakeFiles/v1.elf.dir/Drivers/STM32F1xx_HAL_Driver/Src/stm32f1xx_hal_tim.c.obj
 .text.TIM_ITRx_SetConfig
                0x080029ce       0x10 CMakeFiles/v1.elf.dir/Drivers/STM32F1xx_HAL_Driver/Src/stm32f1xx_hal_tim.c.obj
 *fill*         0x080029de        0x2 
 .text.HAL_TIM_Base_Start_IT
                0x080029e0       0x68 CMakeFiles/v1.elf.dir/Drivers/STM32F1xx_HAL_Driver/Src/stm32f1xx_hal_tim.c.obj
                0x080029e0                HAL_TIM_Base_Start_IT
 .text.HAL_TIM_PWM_MspInit
                0x08002a48        0x2 CMakeFiles/v1.elf.dir/Drivers/STM32F1xx_HAL_Driver/Src/stm32f1xx_hal_tim.c.obj
                0x08002a48                HAL_TIM_PWM_MspInit
 .text.HAL_TIM_OC_DelayElapsedCallback
                0x08002a4a        0x2 CMakeFiles/v1.elf.dir/Drivers/STM32F1xx_HAL_Driver/Src/stm32f1xx_hal_tim.c.obj
                0x08002a4a                HAL_TIM_OC_DelayElapsedCallback
 .text.HAL_TIM_IC_CaptureCallback
                0x08002a4c        0x2 CMakeFiles/v1.elf.dir/Drivers/STM32F1xx_HAL_Driver/Src/stm32f1xx_hal_tim.c.obj
                0x08002a4c                HAL_TIM_IC_CaptureCallback
 .text.HAL_TIM_PWM_PulseFinishedCallback
                0x08002a4e        0x2 CMakeFiles/v1.elf.dir/Drivers/STM32F1xx_HAL_Driver/Src/stm32f1xx_hal_tim.c.obj
                0x08002a4e                HAL_TIM_PWM_PulseFinishedCallback
 .text.HAL_TIM_TriggerCallback
                0x08002a50        0x2 CMakeFiles/v1.elf.dir/Drivers/STM32F1xx_HAL_Driver/Src/stm32f1xx_hal_tim.c.obj
                0x08002a50                HAL_TIM_TriggerCallback
 .text.HAL_TIM_IRQHandler
                0x08002a52      0x17a CMakeFiles/v1.elf.dir/Drivers/STM32F1xx_HAL_Driver/Src/stm32f1xx_hal_tim.c.obj
                0x08002a52                HAL_TIM_IRQHandler
 .text.TIM_Base_SetConfig
                0x08002bcc       0x74 CMakeFiles/v1.elf.dir/Drivers/STM32F1xx_HAL_Driver/Src/stm32f1xx_hal_tim.c.obj
                0x08002bcc                TIM_Base_SetConfig
 .text.HAL_TIM_Base_Init
                0x08002c40       0x58 CMakeFiles/v1.elf.dir/Drivers/STM32F1xx_HAL_Driver/Src/stm32f1xx_hal_tim.c.obj
                0x08002c40                HAL_TIM_Base_Init
 .text.HAL_TIM_PWM_Init
                0x08002c98       0x58 CMakeFiles/v1.elf.dir/Drivers/STM32F1xx_HAL_Driver/Src/stm32f1xx_hal_tim.c.obj
                0x08002c98                HAL_TIM_PWM_Init
 .text.TIM_OC2_SetConfig
                0x08002cf0       0x64 CMakeFiles/v1.elf.dir/Drivers/STM32F1xx_HAL_Driver/Src/stm32f1xx_hal_tim.c.obj
                0x08002cf0                TIM_OC2_SetConfig
 .text.HAL_TIM_PWM_ConfigChannel
                0x08002d54       0xdc CMakeFiles/v1.elf.dir/Drivers/STM32F1xx_HAL_Driver/Src/stm32f1xx_hal_tim.c.obj
                0x08002d54                HAL_TIM_PWM_ConfigChannel
 .text.TIM_ETR_SetConfig
                0x08002e30       0x18 CMakeFiles/v1.elf.dir/Drivers/STM32F1xx_HAL_Driver/Src/stm32f1xx_hal_tim.c.obj
                0x08002e30                TIM_ETR_SetConfig
 .text.HAL_TIM_ConfigClockSource
                0x08002e48       0xfe CMakeFiles/v1.elf.dir/Drivers/STM32F1xx_HAL_Driver/Src/stm32f1xx_hal_tim.c.obj
                0x08002e48                HAL_TIM_ConfigClockSource
 .text.TIM_CCxChannelCmd
                0x08002f46       0x1e CMakeFiles/v1.elf.dir/Drivers/STM32F1xx_HAL_Driver/Src/stm32f1xx_hal_tim.c.obj
                0x08002f46                TIM_CCxChannelCmd
 .text.HAL_TIM_PWM_Start
                0x08002f64       0xdc CMakeFiles/v1.elf.dir/Drivers/STM32F1xx_HAL_Driver/Src/stm32f1xx_hal_tim.c.obj
                0x08002f64                HAL_TIM_PWM_Start
 .text.HAL_TIMEx_MasterConfigSynchronization
                0x08003040       0x6c CMakeFiles/v1.elf.dir/Drivers/STM32F1xx_HAL_Driver/Src/stm32f1xx_hal_tim_ex.c.obj
                0x08003040                HAL_TIMEx_MasterConfigSynchronization
 .text.HAL_TIMEx_CommutCallback
                0x080030ac        0x2 CMakeFiles/v1.elf.dir/Drivers/STM32F1xx_HAL_Driver/Src/stm32f1xx_hal_tim_ex.c.obj
                0x080030ac                HAL_TIMEx_CommutCallback
 .text.HAL_TIMEx_BreakCallback
                0x080030ae        0x2 CMakeFiles/v1.elf.dir/Drivers/STM32F1xx_HAL_Driver/Src/stm32f1xx_hal_tim_ex.c.obj
                0x080030ae                HAL_TIMEx_BreakCallback
 .text.UART_EndRxTransfer
                0x080030b0       0x5c CMakeFiles/v1.elf.dir/Drivers/STM32F1xx_HAL_Driver/Src/stm32f1xx_hal_uart.c.obj
 .text.UART_Transmit_IT
                0x0800310c       0x60 CMakeFiles/v1.elf.dir/Drivers/STM32F1xx_HAL_Driver/Src/stm32f1xx_hal_uart.c.obj
 .text.UART_SetConfig
                0x0800316c       0x94 CMakeFiles/v1.elf.dir/Drivers/STM32F1xx_HAL_Driver/Src/stm32f1xx_hal_uart.c.obj
 .text.UART_WaitOnFlagUntilTimeout
                0x08003200       0x88 CMakeFiles/v1.elf.dir/Drivers/STM32F1xx_HAL_Driver/Src/stm32f1xx_hal_uart.c.obj
 .text.HAL_UART_Init
                0x08003288       0x60 CMakeFiles/v1.elf.dir/Drivers/STM32F1xx_HAL_Driver/Src/stm32f1xx_hal_uart.c.obj
                0x08003288                HAL_UART_Init
 .text.HAL_UART_Transmit
                0x080032e8       0xbe CMakeFiles/v1.elf.dir/Drivers/STM32F1xx_HAL_Driver/Src/stm32f1xx_hal_uart.c.obj
                0x080032e8                HAL_UART_Transmit
 .text.HAL_UART_TxCpltCallback
                0x080033a6        0x2 CMakeFiles/v1.elf.dir/Drivers/STM32F1xx_HAL_Driver/Src/stm32f1xx_hal_uart.c.obj
                0x080033a6                HAL_UART_TxCpltCallback
 .text.UART_EndTransmit_IT
                0x080033a8       0x1a CMakeFiles/v1.elf.dir/Drivers/STM32F1xx_HAL_Driver/Src/stm32f1xx_hal_uart.c.obj
 .text.HAL_UART_ErrorCallback
                0x080033c2        0x2 CMakeFiles/v1.elf.dir/Drivers/STM32F1xx_HAL_Driver/Src/stm32f1xx_hal_uart.c.obj
                0x080033c2                HAL_UART_ErrorCallback
 .text.UART_DMAAbortOnError
                0x080033c4       0x10 CMakeFiles/v1.elf.dir/Drivers/STM32F1xx_HAL_Driver/Src/stm32f1xx_hal_uart.c.obj
 .text.HAL_UARTEx_RxEventCallback
                0x080033d4        0x2 CMakeFiles/v1.elf.dir/Drivers/STM32F1xx_HAL_Driver/Src/stm32f1xx_hal_uart.c.obj
                0x080033d4                HAL_UARTEx_RxEventCallback
 .text.UART_Receive_IT
                0x080033d6       0xe6 CMakeFiles/v1.elf.dir/Drivers/STM32F1xx_HAL_Driver/Src/stm32f1xx_hal_uart.c.obj
 .text.HAL_UART_IRQHandler
                0x080034bc      0x288 CMakeFiles/v1.elf.dir/Drivers/STM32F1xx_HAL_Driver/Src/stm32f1xx_hal_uart.c.obj
                0x080034bc                HAL_UART_IRQHandler
 .text.UART_Start_Receive_IT
                0x08003744       0x36 CMakeFiles/v1.elf.dir/Drivers/STM32F1xx_HAL_Driver/Src/stm32f1xx_hal_uart.c.obj
                0x08003744                UART_Start_Receive_IT
 .text.HAL_UART_Receive_IT
                0x0800377a       0x26 CMakeFiles/v1.elf.dir/Drivers/STM32F1xx_HAL_Driver/Src/stm32f1xx_hal_uart.c.obj
                0x0800377a                HAL_UART_Receive_IT
 .text.Servo_X_Angle_Set
                0x080037a0       0x6c CMakeFiles/v1.elf.dir/control/control.c.obj
                0x080037a0                Servo_X_Angle_Set
 *fill*         0x0800380c        0x4 
 .text.Servo_Y_Angle_Set
                0x08003810       0x60 CMakeFiles/v1.elf.dir/control/control.c.obj
                0x08003810                Servo_Y_Angle_Set
 .text.IICStart
                0x08003870       0x3c CMakeFiles/v1.elf.dir/oled_sim/oled.c.obj
                0x08003870                IICStart
 .text.IICStop  0x080038ac       0x30 CMakeFiles/v1.elf.dir/oled_sim/oled.c.obj
                0x080038ac                IICStop
 .text.IIC_WaitAck
                0x080038dc       0x24 CMakeFiles/v1.elf.dir/oled_sim/oled.c.obj
                0x080038dc                IIC_WaitAck
 .text.Write_IIC_Byte
                0x08003900       0x60 CMakeFiles/v1.elf.dir/oled_sim/oled.c.obj
                0x08003900                Write_IIC_Byte
 .text.Write_IIC_Command
                0x08003960       0x2c CMakeFiles/v1.elf.dir/oled_sim/oled.c.obj
                0x08003960                Write_IIC_Command
 .text.Write_IIC_Data
                0x0800398c       0x2c CMakeFiles/v1.elf.dir/oled_sim/oled.c.obj
                0x0800398c                Write_IIC_Data
 .text.OLED_WR_Byte
                0x080039b8       0x14 CMakeFiles/v1.elf.dir/oled_sim/oled.c.obj
                0x080039b8                OLED_WR_Byte
 .text.OLED_DisplayTurn
                0x080039cc       0x30 CMakeFiles/v1.elf.dir/oled_sim/oled.c.obj
                0x080039cc                OLED_DisplayTurn
 .text.OLED_Set_Pos
                0x080039fc       0x26 CMakeFiles/v1.elf.dir/oled_sim/oled.c.obj
                0x080039fc                OLED_Set_Pos
 .text.OLED_Clear
                0x08003a22       0x40 CMakeFiles/v1.elf.dir/oled_sim/oled.c.obj
                0x08003a22                OLED_Clear
 *fill*         0x08003a62        0x2 
 .text.OLED_ShowChar
                0x08003a64       0x98 CMakeFiles/v1.elf.dir/oled_sim/oled.c.obj
                0x08003a64                OLED_ShowChar
 .text.OLED_ShowString
                0x08003afc       0x36 CMakeFiles/v1.elf.dir/oled_sim/oled.c.obj
                0x08003afc                OLED_ShowString
 .text.OLED_Init
                0x08003b32       0xe6 CMakeFiles/v1.elf.dir/oled_sim/oled.c.obj
                0x08003b32                OLED_Init
 .text.PID_Init
                0x08003c18       0x18 CMakeFiles/v1.elf.dir/pid/PID.c.obj
                0x08003c18                PID_Init
 .text.Position_PID
                0x08003c30       0x78 CMakeFiles/v1.elf.dir/pid/PID.c.obj
                0x08003c30                Position_PID
 .text.atoff    0x08003ca8        0x8 d:/clion/tools/gcc-arm-none-eabi-10.3-2021.10-win32/gcc-arm-none-eabi-10.3-2021.10/bin/../lib/gcc/arm-none-eabi/10.3.1/../../../../arm-none-eabi/lib/thumb/v7-m/nofp\libg.a(lib_a-atoff.o)
                0x08003ca8                atoff
 .text.__errno  0x08003cb0        0xc d:/clion/tools/gcc-arm-none-eabi-10.3-2021.10-win32/gcc-arm-none-eabi-10.3-2021.10/bin/../lib/gcc/arm-none-eabi/10.3.1/../../../../arm-none-eabi/lib/thumb/v7-m/nofp\libg.a(lib_a-errno.o)
                0x08003cb0                __errno
 .text.__libc_init_array
                0x08003cbc       0x48 d:/clion/tools/gcc-arm-none-eabi-10.3-2021.10-win32/gcc-arm-none-eabi-10.3-2021.10/bin/../lib/gcc/arm-none-eabi/10.3.1/../../../../arm-none-eabi/lib/thumb/v7-m/nofp\libg.a(lib_a-init.o)
                0x08003cbc                __libc_init_array
 .text.memset   0x08003d04       0xa4 d:/clion/tools/gcc-arm-none-eabi-10.3-2021.10-win32/gcc-arm-none-eabi-10.3-2021.10/bin/../lib/gcc/arm-none-eabi/10.3.1/../../../../arm-none-eabi/lib/thumb/v7-m/nofp\libg.a(lib_a-memset.o)
                0x08003d04                memset
 .text.sprintf  0x08003da8       0x44 d:/clion/tools/gcc-arm-none-eabi-10.3-2021.10-win32/gcc-arm-none-eabi-10.3-2021.10/bin/../lib/gcc/arm-none-eabi/10.3.1/../../../../arm-none-eabi/lib/thumb/v7-m/nofp\libg.a(lib_a-sprintf.o)
                0x08003da8                sprintf
 .text.two_way_long_needle
                0x08003dec      0x2b8 d:/clion/tools/gcc-arm-none-eabi-10.3-2021.10-win32/gcc-arm-none-eabi-10.3-2021.10/bin/../lib/gcc/arm-none-eabi/10.3.1/../../../../arm-none-eabi/lib/thumb/v7-m/nofp\libg.a(lib_a-strstr.o)
 .text.strstr   0x080040a4      0x168 d:/clion/tools/gcc-arm-none-eabi-10.3-2021.10-win32/gcc-arm-none-eabi-10.3-2021.10/bin/../lib/gcc/arm-none-eabi/10.3.1/../../../../arm-none-eabi/lib/thumb/v7-m/nofp\libg.a(lib_a-strstr.o)
                0x080040a4                strstr
 *fill*         0x0800420c        0x4 
 .text._strtod_l
                0x08004210      0xf38 d:/clion/tools/gcc-arm-none-eabi-10.3-2021.10-win32/gcc-arm-none-eabi-10.3-2021.10/bin/../lib/gcc/arm-none-eabi/10.3.1/../../../../arm-none-eabi/lib/thumb/v7-m/nofp\libg.a(lib_a-strtod.o)
                0x08004210                _strtod_l
 .text.strtof   0x08005148       0xa0 d:/clion/tools/gcc-arm-none-eabi-10.3-2021.10-win32/gcc-arm-none-eabi-10.3-2021.10/bin/../lib/gcc/arm-none-eabi/10.3.1/../../../../arm-none-eabi/lib/thumb/v7-m/nofp\libg.a(lib_a-strtod.o)
                0x08005148                strtof
 .text._svfprintf_r
                0x080051e8     0x1aa4 d:/clion/tools/gcc-arm-none-eabi-10.3-2021.10-win32/gcc-arm-none-eabi-10.3-2021.10/bin/../lib/gcc/arm-none-eabi/10.3.1/../../../../arm-none-eabi/lib/thumb/v7-m/nofp\libg.a(lib_a-svfprintf.o)
                0x080051e8                _svfprintf_r
 .text.startup.register_fini
                0x08006c8c       0x14 d:/clion/tools/gcc-arm-none-eabi-10.3-2021.10-win32/gcc-arm-none-eabi-10.3-2021.10/bin/../lib/gcc/arm-none-eabi/10.3.1/../../../../arm-none-eabi/lib/thumb/v7-m/nofp\libg.a(lib_a-__call_atexit.o)
 .text.atexit   0x08006ca0        0xc d:/clion/tools/gcc-arm-none-eabi-10.3-2021.10-win32/gcc-arm-none-eabi-10.3-2021.10/bin/../lib/gcc/arm-none-eabi/10.3.1/../../../../arm-none-eabi/lib/thumb/v7-m/nofp\libg.a(lib_a-atexit.o)
                0x08006ca0                atexit
 .text.quorem   0x08006cac      0x12c d:/clion/tools/gcc-arm-none-eabi-10.3-2021.10-win32/gcc-arm-none-eabi-10.3-2021.10/bin/../lib/gcc/arm-none-eabi/10.3.1/../../../../arm-none-eabi/lib/thumb/v7-m/nofp\libg.a(lib_a-dtoa.o)
 .text._dtoa_r  0x08006dd8      0xecc d:/clion/tools/gcc-arm-none-eabi-10.3-2021.10-win32/gcc-arm-none-eabi-10.3-2021.10/bin/../lib/gcc/arm-none-eabi/10.3.1/../../../../arm-none-eabi/lib/thumb/v7-m/nofp\libg.a(lib_a-dtoa.o)
                0x08006dd8                _dtoa_r
 .text.__libc_fini_array
                0x08007ca4       0x2c d:/clion/tools/gcc-arm-none-eabi-10.3-2021.10-win32/gcc-arm-none-eabi-10.3-2021.10/bin/../lib/gcc/arm-none-eabi/10.3.1/../../../../arm-none-eabi/lib/thumb/v7-m/nofp\libg.a(lib_a-fini.o)
                0x08007ca4                __libc_fini_array
 .text._malloc_trim_r
                0x08007cd0       0xa0 d:/clion/tools/gcc-arm-none-eabi-10.3-2021.10-win32/gcc-arm-none-eabi-10.3-2021.10/bin/../lib/gcc/arm-none-eabi/10.3.1/../../../../arm-none-eabi/lib/thumb/v7-m/nofp\libg.a(lib_a-freer.o)
                0x08007cd0                _malloc_trim_r
 .text._free_r  0x08007d70      0x200 d:/clion/tools/gcc-arm-none-eabi-10.3-2021.10-win32/gcc-arm-none-eabi-10.3-2021.10/bin/../lib/gcc/arm-none-eabi/10.3.1/../../../../arm-none-eabi/lib/thumb/v7-m/nofp\libg.a(lib_a-freer.o)
                0x08007d70                _free_r
 .text.rshift   0x08007f70       0xa4 d:/clion/tools/gcc-arm-none-eabi-10.3-2021.10-win32/gcc-arm-none-eabi-10.3-2021.10/bin/../lib/gcc/arm-none-eabi/10.3.1/../../../../arm-none-eabi/lib/thumb/v7-m/nofp\libg.a(lib_a-gdtoa-gethex.o)
 .text.__gethex
                0x08008014      0x5c4 d:/clion/tools/gcc-arm-none-eabi-10.3-2021.10-win32/gcc-arm-none-eabi-10.3-2021.10/bin/../lib/gcc/arm-none-eabi/10.3.1/../../../../arm-none-eabi/lib/thumb/v7-m/nofp\libg.a(lib_a-gdtoa-gethex.o)
                0x08008014                __gethex
 .text.__match  0x080085d8       0x34 d:/clion/tools/gcc-arm-none-eabi-10.3-2021.10-win32/gcc-arm-none-eabi-10.3-2021.10/bin/../lib/gcc/arm-none-eabi/10.3.1/../../../../arm-none-eabi/lib/thumb/v7-m/nofp\libg.a(lib_a-gdtoa-hexnan.o)
                0x080085d8                __match
 .text.__hexnan
                0x0800860c      0x1ac d:/clion/tools/gcc-arm-none-eabi-10.3-2021.10-win32/gcc-arm-none-eabi-10.3-2021.10/bin/../lib/gcc/arm-none-eabi/10.3.1/../../../../arm-none-eabi/lib/thumb/v7-m/nofp\libg.a(lib_a-gdtoa-hexnan.o)
                0x0800860c                __hexnan
 .text.__locale_mb_cur_max
                0x080087b8        0xc d:/clion/tools/gcc-arm-none-eabi-10.3-2021.10-win32/gcc-arm-none-eabi-10.3-2021.10/bin/../lib/gcc/arm-none-eabi/10.3.1/../../../../arm-none-eabi/lib/thumb/v7-m/nofp\libg.a(lib_a-locale.o)
                0x080087b8                __locale_mb_cur_max
 .text._localeconv_r
                0x080087c4        0x8 d:/clion/tools/gcc-arm-none-eabi-10.3-2021.10-win32/gcc-arm-none-eabi-10.3-2021.10/bin/../lib/gcc/arm-none-eabi/10.3.1/../../../../arm-none-eabi/lib/thumb/v7-m/nofp\libg.a(lib_a-localeconv.o)
                0x080087c4                _localeconv_r
 .text.__retarget_lock_init_recursive
                0x080087cc        0x4 d:/clion/tools/gcc-arm-none-eabi-10.3-2021.10-win32/gcc-arm-none-eabi-10.3-2021.10/bin/../lib/gcc/arm-none-eabi/10.3.1/../../../../arm-none-eabi/lib/thumb/v7-m/nofp\libg.a(lib_a-lock.o)
                0x080087cc                __retarget_lock_init_recursive
 .text.__retarget_lock_close_recursive
                0x080087d0        0x4 d:/clion/tools/gcc-arm-none-eabi-10.3-2021.10-win32/gcc-arm-none-eabi-10.3-2021.10/bin/../lib/gcc/arm-none-eabi/10.3.1/../../../../arm-none-eabi/lib/thumb/v7-m/nofp\libg.a(lib_a-lock.o)
                0x080087d0                __retarget_lock_close_recursive
 .text.__retarget_lock_acquire_recursive
                0x080087d4        0x4 d:/clion/tools/gcc-arm-none-eabi-10.3-2021.10-win32/gcc-arm-none-eabi-10.3-2021.10/bin/../lib/gcc/arm-none-eabi/10.3.1/../../../../arm-none-eabi/lib/thumb/v7-m/nofp\libg.a(lib_a-lock.o)
                0x080087d4                __retarget_lock_acquire_recursive
 .text.__retarget_lock_release_recursive
                0x080087d8        0x4 d:/clion/tools/gcc-arm-none-eabi-10.3-2021.10-win32/gcc-arm-none-eabi-10.3-2021.10/bin/../lib/gcc/arm-none-eabi/10.3.1/../../../../arm-none-eabi/lib/thumb/v7-m/nofp\libg.a(lib_a-lock.o)
                0x080087d8                __retarget_lock_release_recursive
 .text._malloc_r
                0x080087dc      0x558 d:/clion/tools/gcc-arm-none-eabi-10.3-2021.10-win32/gcc-arm-none-eabi-10.3-2021.10/bin/../lib/gcc/arm-none-eabi/10.3.1/../../../../arm-none-eabi/lib/thumb/v7-m/nofp\libg.a(lib_a-mallocr.o)
                0x080087dc                _malloc_r
 .text.__ascii_mbtowc
                0x08008d34       0x2c d:/clion/tools/gcc-arm-none-eabi-10.3-2021.10-win32/gcc-arm-none-eabi-10.3-2021.10/bin/../lib/gcc/arm-none-eabi/10.3.1/../../../../arm-none-eabi/lib/thumb/v7-m/nofp\libg.a(lib_a-mbtowc_r.o)
                0x08008d34                __ascii_mbtowc
 .text.memchr   0x08008d60       0x90 d:/clion/tools/gcc-arm-none-eabi-10.3-2021.10-win32/gcc-arm-none-eabi-10.3-2021.10/bin/../lib/gcc/arm-none-eabi/10.3.1/../../../../arm-none-eabi/lib/thumb/v7-m/nofp\libg.a(lib_a-memchr-stub.o)
                0x08008d60                memchr
 .text.memcmp   0x08008df0       0x68 d:/clion/tools/gcc-arm-none-eabi-10.3-2021.10-win32/gcc-arm-none-eabi-10.3-2021.10/bin/../lib/gcc/arm-none-eabi/10.3.1/../../../../arm-none-eabi/lib/thumb/v7-m/nofp\libg.a(lib_a-memcmp.o)
                0x08008df0                memcmp
 .text.__malloc_lock
                0x08008e58        0xc d:/clion/tools/gcc-arm-none-eabi-10.3-2021.10-win32/gcc-arm-none-eabi-10.3-2021.10/bin/../lib/gcc/arm-none-eabi/10.3.1/../../../../arm-none-eabi/lib/thumb/v7-m/nofp\libg.a(lib_a-mlock.o)
                0x08008e58                __malloc_lock
 .text.__malloc_unlock
                0x08008e64        0xc d:/clion/tools/gcc-arm-none-eabi-10.3-2021.10-win32/gcc-arm-none-eabi-10.3-2021.10/bin/../lib/gcc/arm-none-eabi/10.3.1/../../../../arm-none-eabi/lib/thumb/v7-m/nofp\libg.a(lib_a-mlock.o)
                0x08008e64                __malloc_unlock
 .text._Balloc  0x08008e70       0x4c d:/clion/tools/gcc-arm-none-eabi-10.3-2021.10-win32/gcc-arm-none-eabi-10.3-2021.10/bin/../lib/gcc/arm-none-eabi/10.3.1/../../../../arm-none-eabi/lib/thumb/v7-m/nofp\libg.a(lib_a-mprec.o)
                0x08008e70                _Balloc
 .text._Bfree   0x08008ebc       0x14 d:/clion/tools/gcc-arm-none-eabi-10.3-2021.10-win32/gcc-arm-none-eabi-10.3-2021.10/bin/../lib/gcc/arm-none-eabi/10.3.1/../../../../arm-none-eabi/lib/thumb/v7-m/nofp\libg.a(lib_a-mprec.o)
                0x08008ebc                _Bfree
 .text.__multadd
                0x08008ed0       0xa4 d:/clion/tools/gcc-arm-none-eabi-10.3-2021.10-win32/gcc-arm-none-eabi-10.3-2021.10/bin/../lib/gcc/arm-none-eabi/10.3.1/../../../../arm-none-eabi/lib/thumb/v7-m/nofp\libg.a(lib_a-mprec.o)
                0x08008ed0                __multadd
 .text.__s2b    0x08008f74       0xb4 d:/clion/tools/gcc-arm-none-eabi-10.3-2021.10-win32/gcc-arm-none-eabi-10.3-2021.10/bin/../lib/gcc/arm-none-eabi/10.3.1/../../../../arm-none-eabi/lib/thumb/v7-m/nofp\libg.a(lib_a-mprec.o)
                0x08008f74                __s2b
 .text.__hi0bits
                0x08009028       0x40 d:/clion/tools/gcc-arm-none-eabi-10.3-2021.10-win32/gcc-arm-none-eabi-10.3-2021.10/bin/../lib/gcc/arm-none-eabi/10.3.1/../../../../arm-none-eabi/lib/thumb/v7-m/nofp\libg.a(lib_a-mprec.o)
                0x08009028                __hi0bits
 .text.__lo0bits
                0x08009068       0x58 d:/clion/tools/gcc-arm-none-eabi-10.3-2021.10-win32/gcc-arm-none-eabi-10.3-2021.10/bin/../lib/gcc/arm-none-eabi/10.3.1/../../../../arm-none-eabi/lib/thumb/v7-m/nofp\libg.a(lib_a-mprec.o)
                0x08009068                __lo0bits
 .text.__i2b    0x080090c0       0x5c d:/clion/tools/gcc-arm-none-eabi-10.3-2021.10-win32/gcc-arm-none-eabi-10.3-2021.10/bin/../lib/gcc/arm-none-eabi/10.3.1/../../../../arm-none-eabi/lib/thumb/v7-m/nofp\libg.a(lib_a-mprec.o)
                0x080090c0                __i2b
 .text.__multiply
                0x0800911c      0x15c d:/clion/tools/gcc-arm-none-eabi-10.3-2021.10-win32/gcc-arm-none-eabi-10.3-2021.10/bin/../lib/gcc/arm-none-eabi/10.3.1/../../../../arm-none-eabi/lib/thumb/v7-m/nofp\libg.a(lib_a-mprec.o)
                0x0800911c                __multiply
 .text.__pow5mult
                0x08009278       0xb8 d:/clion/tools/gcc-arm-none-eabi-10.3-2021.10-win32/gcc-arm-none-eabi-10.3-2021.10/bin/../lib/gcc/arm-none-eabi/10.3.1/../../../../arm-none-eabi/lib/thumb/v7-m/nofp\libg.a(lib_a-mprec.o)
                0x08009278                __pow5mult
 .text.__lshift
                0x08009330       0xec d:/clion/tools/gcc-arm-none-eabi-10.3-2021.10-win32/gcc-arm-none-eabi-10.3-2021.10/bin/../lib/gcc/arm-none-eabi/10.3.1/../../../../arm-none-eabi/lib/thumb/v7-m/nofp\libg.a(lib_a-mprec.o)
                0x08009330                __lshift
 .text.__mcmp   0x0800941c       0x40 d:/clion/tools/gcc-arm-none-eabi-10.3-2021.10-win32/gcc-arm-none-eabi-10.3-2021.10/bin/../lib/gcc/arm-none-eabi/10.3.1/../../../../arm-none-eabi/lib/thumb/v7-m/nofp\libg.a(lib_a-mprec.o)
                0x0800941c                __mcmp
 .text.__mdiff  0x0800945c      0x14c d:/clion/tools/gcc-arm-none-eabi-10.3-2021.10-win32/gcc-arm-none-eabi-10.3-2021.10/bin/../lib/gcc/arm-none-eabi/10.3.1/../../../../arm-none-eabi/lib/thumb/v7-m/nofp\libg.a(lib_a-mprec.o)
                0x0800945c                __mdiff
 .text.__ulp    0x080095a8       0x44 d:/clion/tools/gcc-arm-none-eabi-10.3-2021.10-win32/gcc-arm-none-eabi-10.3-2021.10/bin/../lib/gcc/arm-none-eabi/10.3.1/../../../../arm-none-eabi/lib/thumb/v7-m/nofp\libg.a(lib_a-mprec.o)
                0x080095a8                __ulp
 .text.__b2d    0x080095ec       0xd0 d:/clion/tools/gcc-arm-none-eabi-10.3-2021.10-win32/gcc-arm-none-eabi-10.3-2021.10/bin/../lib/gcc/arm-none-eabi/10.3.1/../../../../arm-none-eabi/lib/thumb/v7-m/nofp\libg.a(lib_a-mprec.o)
                0x080095ec                __b2d
 .text.__d2b    0x080096bc       0xc4 d:/clion/tools/gcc-arm-none-eabi-10.3-2021.10-win32/gcc-arm-none-eabi-10.3-2021.10/bin/../lib/gcc/arm-none-eabi/10.3.1/../../../../arm-none-eabi/lib/thumb/v7-m/nofp\libg.a(lib_a-mprec.o)
                0x080096bc                __d2b
 .text.__ratio  0x08009780       0x60 d:/clion/tools/gcc-arm-none-eabi-10.3-2021.10-win32/gcc-arm-none-eabi-10.3-2021.10/bin/../lib/gcc/arm-none-eabi/10.3.1/../../../../arm-none-eabi/lib/thumb/v7-m/nofp\libg.a(lib_a-mprec.o)
                0x08009780                __ratio
 .text.__copybits
                0x080097e0       0x60 d:/clion/tools/gcc-arm-none-eabi-10.3-2021.10-win32/gcc-arm-none-eabi-10.3-2021.10/bin/../lib/gcc/arm-none-eabi/10.3.1/../../../../arm-none-eabi/lib/thumb/v7-m/nofp\libg.a(lib_a-mprec.o)
                0x080097e0                __copybits
 .text.__any_on
                0x08009840       0x60 d:/clion/tools/gcc-arm-none-eabi-10.3-2021.10-win32/gcc-arm-none-eabi-10.3-2021.10/bin/../lib/gcc/arm-none-eabi/10.3.1/../../../../arm-none-eabi/lib/thumb/v7-m/nofp\libg.a(lib_a-mprec.o)
                0x08009840                __any_on
 .text.frexp    0x080098a0       0x70 d:/clion/tools/gcc-arm-none-eabi-10.3-2021.10-win32/gcc-arm-none-eabi-10.3-2021.10/bin/../lib/gcc/arm-none-eabi/10.3.1/../../../../arm-none-eabi/lib/thumb/v7-m/nofp\libg.a(lib_a-s_frexp.o)
                0x080098a0                frexp
 .text.nan      0x08009910        0xc d:/clion/tools/gcc-arm-none-eabi-10.3-2021.10-win32/gcc-arm-none-eabi-10.3-2021.10/bin/../lib/gcc/arm-none-eabi/10.3.1/../../../../arm-none-eabi/lib/thumb/v7-m/nofp\libg.a(lib_a-s_nan.o)
                0x08009910                nan
 .text._sbrk_r  0x0800991c       0x24 d:/clion/tools/gcc-arm-none-eabi-10.3-2021.10-win32/gcc-arm-none-eabi-10.3-2021.10/bin/../lib/gcc/arm-none-eabi/10.3.1/../../../../arm-none-eabi/lib/thumb/v7-m/nofp\libg.a(lib_a-sbrkr.o)
                0x0800991c                _sbrk_r
 .text.nanf     0x08009940        0x8 d:/clion/tools/gcc-arm-none-eabi-10.3-2021.10-win32/gcc-arm-none-eabi-10.3-2021.10/bin/../lib/gcc/arm-none-eabi/10.3.1/../../../../arm-none-eabi/lib/thumb/v7-m/nofp\libg.a(lib_a-sf_nan.o)
                0x08009940                nanf
 .text.strchr   0x08009948       0xcc d:/clion/tools/gcc-arm-none-eabi-10.3-2021.10-win32/gcc-arm-none-eabi-10.3-2021.10/bin/../lib/gcc/arm-none-eabi/10.3.1/../../../../arm-none-eabi/lib/thumb/v7-m/nofp\libg.a(lib_a-strchr.o)
                0x08009948                strchr
 .text.strlen   0x08009a14       0x5c d:/clion/tools/gcc-arm-none-eabi-10.3-2021.10-win32/gcc-arm-none-eabi-10.3-2021.10/bin/../lib/gcc/arm-none-eabi/10.3.1/../../../../arm-none-eabi/lib/thumb/v7-m/nofp\libg.a(lib_a-strlen-stub.o)
                0x08009a14                strlen
 .text.strncmp  0x08009a70       0x7c d:/clion/tools/gcc-arm-none-eabi-10.3-2021.10-win32/gcc-arm-none-eabi-10.3-2021.10/bin/../lib/gcc/arm-none-eabi/10.3.1/../../../../arm-none-eabi/lib/thumb/v7-m/nofp\libg.a(lib_a-strncmp.o)
                0x08009a70                strncmp
 .text.strncpy  0x08009aec       0x68 d:/clion/tools/gcc-arm-none-eabi-10.3-2021.10-win32/gcc-arm-none-eabi-10.3-2021.10/bin/../lib/gcc/arm-none-eabi/10.3.1/../../../../arm-none-eabi/lib/thumb/v7-m/nofp\libg.a(lib_a-strncpy.o)
                0x08009aec                strncpy
 .text.strnlen  0x08009b54       0x24 d:/clion/tools/gcc-arm-none-eabi-10.3-2021.10-win32/gcc-arm-none-eabi-10.3-2021.10/bin/../lib/gcc/arm-none-eabi/10.3.1/../../../../arm-none-eabi/lib/thumb/v7-m/nofp\libg.a(lib_a-strnlen.o)
                0x08009b54                strnlen
 .text.__ssprint_r
                0x08009b78       0xfc d:/clion/tools/gcc-arm-none-eabi-10.3-2021.10-win32/gcc-arm-none-eabi-10.3-2021.10/bin/../lib/gcc/arm-none-eabi/10.3.1/../../../../arm-none-eabi/lib/thumb/v7-m/nofp\libg.a(lib_a-svfiprintf.o)
                0x08009b78                __ssprint_r
 .text.__ascii_wctomb
                0x08009c74       0x1c d:/clion/tools/gcc-arm-none-eabi-10.3-2021.10-win32/gcc-arm-none-eabi-10.3-2021.10/bin/../lib/gcc/arm-none-eabi/10.3.1/../../../../arm-none-eabi/lib/thumb/v7-m/nofp\libg.a(lib_a-wctomb_r.o)
                0x08009c74                __ascii_wctomb
 .text.__register_exitproc
                0x08009c90       0x8c d:/clion/tools/gcc-arm-none-eabi-10.3-2021.10-win32/gcc-arm-none-eabi-10.3-2021.10/bin/../lib/gcc/arm-none-eabi/10.3.1/../../../../arm-none-eabi/lib/thumb/v7-m/nofp\libg.a(lib_a-__atexit.o)
                0x08009c90                __register_exitproc
 .text.__assert_func
                0x08009d1c       0x40 d:/clion/tools/gcc-arm-none-eabi-10.3-2021.10-win32/gcc-arm-none-eabi-10.3-2021.10/bin/../lib/gcc/arm-none-eabi/10.3.1/../../../../arm-none-eabi/lib/thumb/v7-m/nofp\libg.a(lib_a-assert.o)
                0x08009d1c                __assert_func
 .text._calloc_r
                0x08009d5c       0x78 d:/clion/tools/gcc-arm-none-eabi-10.3-2021.10-win32/gcc-arm-none-eabi-10.3-2021.10/bin/../lib/gcc/arm-none-eabi/10.3.1/../../../../arm-none-eabi/lib/thumb/v7-m/nofp\libg.a(lib_a-callocr.o)
                0x08009d5c                _calloc_r
 .text.fiprintf
                0x08009dd4       0x28 d:/clion/tools/gcc-arm-none-eabi-10.3-2021.10-win32/gcc-arm-none-eabi-10.3-2021.10/bin/../lib/gcc/arm-none-eabi/10.3.1/../../../../arm-none-eabi/lib/thumb/v7-m/nofp\libg.a(lib_a-fiprintf.o)
                0x08009dd4                fiprintf
 .text.memmove  0x08009dfc       0xf8 d:/clion/tools/gcc-arm-none-eabi-10.3-2021.10-win32/gcc-arm-none-eabi-10.3-2021.10/bin/../lib/gcc/arm-none-eabi/10.3.1/../../../../arm-none-eabi/lib/thumb/v7-m/nofp\libg.a(lib_a-memmove.o)
                0x08009dfc                memmove
 .text._realloc_r
                0x08009ef4      0x3dc d:/clion/tools/gcc-arm-none-eabi-10.3-2021.10-win32/gcc-arm-none-eabi-10.3-2021.10/bin/../lib/gcc/arm-none-eabi/10.3.1/../../../../arm-none-eabi/lib/thumb/v7-m/nofp\libg.a(lib_a-reallocr.o)
                0x08009ef4                _realloc_r
 .text.__sprint_r.part.0
                0x0800a2d0       0x78 d:/clion/tools/gcc-arm-none-eabi-10.3-2021.10-win32/gcc-arm-none-eabi-10.3-2021.10/bin/../lib/gcc/arm-none-eabi/10.3.1/../../../../arm-none-eabi/lib/thumb/v7-m/nofp\libg.a(lib_a-vfiprintf.o)
 .text._vfiprintf_r
                0x0800a348      0xd98 d:/clion/tools/gcc-arm-none-eabi-10.3-2021.10-win32/gcc-arm-none-eabi-10.3-2021.10/bin/../lib/gcc/arm-none-eabi/10.3.1/../../../../arm-none-eabi/lib/thumb/v7-m/nofp\libg.a(lib_a-vfiprintf.o)
                0x0800a348                _vfiprintf_r
 .text.__sbprintf
                0x0800b0e0       0x84 d:/clion/tools/gcc-arm-none-eabi-10.3-2021.10-win32/gcc-arm-none-eabi-10.3-2021.10/bin/../lib/gcc/arm-none-eabi/10.3.1/../../../../arm-none-eabi/lib/thumb/v7-m/nofp\libg.a(lib_a-vfiprintf.o)
 .text.__swsetup_r
                0x0800b164       0xd4 d:/clion/tools/gcc-arm-none-eabi-10.3-2021.10-win32/gcc-arm-none-eabi-10.3-2021.10/bin/../lib/gcc/arm-none-eabi/10.3.1/../../../../arm-none-eabi/lib/thumb/v7-m/nofp\libg.a(lib_a-wsetup.o)
                0x0800b164                __swsetup_r
 .text.abort    0x0800b238       0x10 d:/clion/tools/gcc-arm-none-eabi-10.3-2021.10-win32/gcc-arm-none-eabi-10.3-2021.10/bin/../lib/gcc/arm-none-eabi/10.3.1/../../../../arm-none-eabi/lib/thumb/v7-m/nofp\libg.a(lib_a-abort.o)
                0x0800b238                abort
 .text.__sflush_r
                0x0800b248      0x124 d:/clion/tools/gcc-arm-none-eabi-10.3-2021.10-win32/gcc-arm-none-eabi-10.3-2021.10/bin/../lib/gcc/arm-none-eabi/10.3.1/../../../../arm-none-eabi/lib/thumb/v7-m/nofp\libg.a(lib_a-fflush.o)
                0x0800b248                __sflush_r
 .text._fflush_r
                0x0800b36c       0x5c d:/clion/tools/gcc-arm-none-eabi-10.3-2021.10-win32/gcc-arm-none-eabi-10.3-2021.10/bin/../lib/gcc/arm-none-eabi/10.3.1/../../../../arm-none-eabi/lib/thumb/v7-m/nofp\libg.a(lib_a-fflush.o)
                0x0800b36c                _fflush_r
 .text._cleanup_r
                0x0800b3c8        0xc d:/clion/tools/gcc-arm-none-eabi-10.3-2021.10-win32/gcc-arm-none-eabi-10.3-2021.10/bin/../lib/gcc/arm-none-eabi/10.3.1/../../../../arm-none-eabi/lib/thumb/v7-m/nofp\libg.a(lib_a-findfp.o)
                0x0800b3c8                _cleanup_r
 .text.__sinit  0x0800b3d4      0x10c d:/clion/tools/gcc-arm-none-eabi-10.3-2021.10-win32/gcc-arm-none-eabi-10.3-2021.10/bin/../lib/gcc/arm-none-eabi/10.3.1/../../../../arm-none-eabi/lib/thumb/v7-m/nofp\libg.a(lib_a-findfp.o)
                0x0800b3d4                __sinit
 .text.__sfp_lock_acquire
                0x0800b4e0        0xc d:/clion/tools/gcc-arm-none-eabi-10.3-2021.10-win32/gcc-arm-none-eabi-10.3-2021.10/bin/../lib/gcc/arm-none-eabi/10.3.1/../../../../arm-none-eabi/lib/thumb/v7-m/nofp\libg.a(lib_a-findfp.o)
                0x0800b4e0                __sfp_lock_acquire
 .text.__sfp_lock_release
                0x0800b4ec        0xc d:/clion/tools/gcc-arm-none-eabi-10.3-2021.10-win32/gcc-arm-none-eabi-10.3-2021.10/bin/../lib/gcc/arm-none-eabi/10.3.1/../../../../arm-none-eabi/lib/thumb/v7-m/nofp\libg.a(lib_a-findfp.o)
                0x0800b4ec                __sfp_lock_release
 .text.__fputwc
                0x0800b4f8       0xa0 d:/clion/tools/gcc-arm-none-eabi-10.3-2021.10-win32/gcc-arm-none-eabi-10.3-2021.10/bin/../lib/gcc/arm-none-eabi/10.3.1/../../../../arm-none-eabi/lib/thumb/v7-m/nofp\libg.a(lib_a-fputwc.o)
                0x0800b4f8                __fputwc
 .text._fputwc_r
                0x0800b598       0x68 d:/clion/tools/gcc-arm-none-eabi-10.3-2021.10-win32/gcc-arm-none-eabi-10.3-2021.10/bin/../lib/gcc/arm-none-eabi/10.3.1/../../../../arm-none-eabi/lib/thumb/v7-m/nofp\libg.a(lib_a-fputwc.o)
                0x0800b598                _fputwc_r
 .text.__sfvwrite_r
                0x0800b600      0x2f0 d:/clion/tools/gcc-arm-none-eabi-10.3-2021.10-win32/gcc-arm-none-eabi-10.3-2021.10/bin/../lib/gcc/arm-none-eabi/10.3.1/../../../../arm-none-eabi/lib/thumb/v7-m/nofp\libg.a(lib_a-fvwrite.o)
                0x0800b600                __sfvwrite_r
 .text._fwalk_reent
                0x0800b8f0       0x48 d:/clion/tools/gcc-arm-none-eabi-10.3-2021.10-win32/gcc-arm-none-eabi-10.3-2021.10/bin/../lib/gcc/arm-none-eabi/10.3.1/../../../../arm-none-eabi/lib/thumb/v7-m/nofp\libg.a(lib_a-fwalk.o)
                0x0800b8f0                _fwalk_reent
 .text.__smakebuf_r
                0x0800b938       0xe0 d:/clion/tools/gcc-arm-none-eabi-10.3-2021.10-win32/gcc-arm-none-eabi-10.3-2021.10/bin/../lib/gcc/arm-none-eabi/10.3.1/../../../../arm-none-eabi/lib/thumb/v7-m/nofp\libg.a(lib_a-makebuf.o)
                0x0800b938                __smakebuf_r
 .text.raise    0x0800ba18       0x5c d:/clion/tools/gcc-arm-none-eabi-10.3-2021.10-win32/gcc-arm-none-eabi-10.3-2021.10/bin/../lib/gcc/arm-none-eabi/10.3.1/../../../../arm-none-eabi/lib/thumb/v7-m/nofp\libg.a(lib_a-signal.o)
                0x0800ba18                raise
 .text._kill_r  0x0800ba74       0x28 d:/clion/tools/gcc-arm-none-eabi-10.3-2021.10-win32/gcc-arm-none-eabi-10.3-2021.10/bin/../lib/gcc/arm-none-eabi/10.3.1/../../../../arm-none-eabi/lib/thumb/v7-m/nofp\libg.a(lib_a-signalr.o)
                0x0800ba74                _kill_r
 .text._getpid_r
                0x0800ba9c        0x4 d:/clion/tools/gcc-arm-none-eabi-10.3-2021.10-win32/gcc-arm-none-eabi-10.3-2021.10/bin/../lib/gcc/arm-none-eabi/10.3.1/../../../../arm-none-eabi/lib/thumb/v7-m/nofp\libg.a(lib_a-signalr.o)
                0x0800ba9c                _getpid_r
 .text.__sread  0x0800baa0       0x24 d:/clion/tools/gcc-arm-none-eabi-10.3-2021.10-win32/gcc-arm-none-eabi-10.3-2021.10/bin/../lib/gcc/arm-none-eabi/10.3.1/../../../../arm-none-eabi/lib/thumb/v7-m/nofp\libg.a(lib_a-stdio.o)
                0x0800baa0                __sread
 .text.__swrite
                0x0800bac4       0x40 d:/clion/tools/gcc-arm-none-eabi-10.3-2021.10-win32/gcc-arm-none-eabi-10.3-2021.10/bin/../lib/gcc/arm-none-eabi/10.3.1/../../../../arm-none-eabi/lib/thumb/v7-m/nofp\libg.a(lib_a-stdio.o)
                0x0800bac4                __swrite
 .text.__sseek  0x0800bb04       0x20 d:/clion/tools/gcc-arm-none-eabi-10.3-2021.10-win32/gcc-arm-none-eabi-10.3-2021.10/bin/../lib/gcc/arm-none-eabi/10.3.1/../../../../arm-none-eabi/lib/thumb/v7-m/nofp\libg.a(lib_a-stdio.o)
                0x0800bb04                __sseek
 .text.__sclose
                0x0800bb24        0x8 d:/clion/tools/gcc-arm-none-eabi-10.3-2021.10-win32/gcc-arm-none-eabi-10.3-2021.10/bin/../lib/gcc/arm-none-eabi/10.3.1/../../../../arm-none-eabi/lib/thumb/v7-m/nofp\libg.a(lib_a-stdio.o)
                0x0800bb24                __sclose
 .text.__swbuf_r
                0x0800bb2c       0xb0 d:/clion/tools/gcc-arm-none-eabi-10.3-2021.10-win32/gcc-arm-none-eabi-10.3-2021.10/bin/../lib/gcc/arm-none-eabi/10.3.1/../../../../arm-none-eabi/lib/thumb/v7-m/nofp\libg.a(lib_a-wbuf.o)
                0x0800bb2c                __swbuf_r
 .text._wcrtomb_r
                0x0800bbdc       0x3c d:/clion/tools/gcc-arm-none-eabi-10.3-2021.10-win32/gcc-arm-none-eabi-10.3-2021.10/bin/../lib/gcc/arm-none-eabi/10.3.1/../../../../arm-none-eabi/lib/thumb/v7-m/nofp\libg.a(lib_a-wcrtomb.o)
                0x0800bbdc                _wcrtomb_r
 .text._write_r
                0x0800bc18       0x2c d:/clion/tools/gcc-arm-none-eabi-10.3-2021.10-win32/gcc-arm-none-eabi-10.3-2021.10/bin/../lib/gcc/arm-none-eabi/10.3.1/../../../../arm-none-eabi/lib/thumb/v7-m/nofp\libg.a(lib_a-writer.o)
                0x0800bc18                _write_r
 .text._close_r
                0x0800bc44       0x24 d:/clion/tools/gcc-arm-none-eabi-10.3-2021.10-win32/gcc-arm-none-eabi-10.3-2021.10/bin/../lib/gcc/arm-none-eabi/10.3.1/../../../../arm-none-eabi/lib/thumb/v7-m/nofp\libg.a(lib_a-closer.o)
                0x0800bc44                _close_r
 .text._fclose_r
                0x0800bc68       0xcc d:/clion/tools/gcc-arm-none-eabi-10.3-2021.10-win32/gcc-arm-none-eabi-10.3-2021.10/bin/../lib/gcc/arm-none-eabi/10.3.1/../../../../arm-none-eabi/lib/thumb/v7-m/nofp\libg.a(lib_a-fclose.o)
                0x0800bc68                _fclose_r
 .text._fstat_r
                0x0800bd34       0x28 d:/clion/tools/gcc-arm-none-eabi-10.3-2021.10-win32/gcc-arm-none-eabi-10.3-2021.10/bin/../lib/gcc/arm-none-eabi/10.3.1/../../../../arm-none-eabi/lib/thumb/v7-m/nofp\libg.a(lib_a-fstatr.o)
                0x0800bd34                _fstat_r
 .text._isatty_r
                0x0800bd5c       0x24 d:/clion/tools/gcc-arm-none-eabi-10.3-2021.10-win32/gcc-arm-none-eabi-10.3-2021.10/bin/../lib/gcc/arm-none-eabi/10.3.1/../../../../arm-none-eabi/lib/thumb/v7-m/nofp\libg.a(lib_a-isattyr.o)
                0x0800bd5c                _isatty_r
 .text._lseek_r
                0x0800bd80       0x2c d:/clion/tools/gcc-arm-none-eabi-10.3-2021.10-win32/gcc-arm-none-eabi-10.3-2021.10/bin/../lib/gcc/arm-none-eabi/10.3.1/../../../../arm-none-eabi/lib/thumb/v7-m/nofp\libg.a(lib_a-lseekr.o)
                0x0800bd80                _lseek_r
 .text._read_r  0x0800bdac       0x2c d:/clion/tools/gcc-arm-none-eabi-10.3-2021.10-win32/gcc-arm-none-eabi-10.3-2021.10/bin/../lib/gcc/arm-none-eabi/10.3.1/../../../../arm-none-eabi/lib/thumb/v7-m/nofp\libg.a(lib_a-readr.o)
                0x0800bdac                _read_r
 *(.glue_7)
 .glue_7        0x0800bdd8        0x0 linker stubs
 *(.glue_7t)
 .glue_7t       0x0800bdd8        0x0 linker stubs
 *(.eh_frame)
 .eh_frame      0x0800bdd8        0x0 d:/clion/tools/gcc-arm-none-eabi-10.3-2021.10-win32/gcc-arm-none-eabi-10.3-2021.10/bin/../lib/gcc/arm-none-eabi/10.3.1/thumb/v7-m/nofp/crtbegin.o
 *(.init)
 .init          0x0800bdd8        0x4 d:/clion/tools/gcc-arm-none-eabi-10.3-2021.10-win32/gcc-arm-none-eabi-10.3-2021.10/bin/../lib/gcc/arm-none-eabi/10.3.1/thumb/v7-m/nofp/crti.o
                0x0800bdd8                _init
 .init          0x0800bddc        0x8 d:/clion/tools/gcc-arm-none-eabi-10.3-2021.10-win32/gcc-arm-none-eabi-10.3-2021.10/bin/../lib/gcc/arm-none-eabi/10.3.1/thumb/v7-m/nofp/crtn.o
 *(.fini)
 .fini          0x0800bde4        0x4 d:/clion/tools/gcc-arm-none-eabi-10.3-2021.10-win32/gcc-arm-none-eabi-10.3-2021.10/bin/../lib/gcc/arm-none-eabi/10.3.1/thumb/v7-m/nofp/crti.o
                0x0800bde4                _fini
 .fini          0x0800bde8        0x8 d:/clion/tools/gcc-arm-none-eabi-10.3-2021.10-win32/gcc-arm-none-eabi-10.3-2021.10/bin/../lib/gcc/arm-none-eabi/10.3.1/thumb/v7-m/nofp/crtn.o
                0x0800bdf0                . = ALIGN (0x4)
                0x0800bdf0                _etext = .

.vfp11_veneer   0x0800bdf0        0x0
 .vfp11_veneer  0x0800bdf0        0x0 linker stubs

.v4_bx          0x0800bdf0        0x0
 .v4_bx         0x0800bdf0        0x0 linker stubs

.iplt           0x0800bdf0        0x0
 .iplt          0x0800bdf0        0x0 d:/clion/tools/gcc-arm-none-eabi-10.3-2021.10-win32/gcc-arm-none-eabi-10.3-2021.10/bin/../lib/gcc/arm-none-eabi/10.3.1/thumb/v7-m/nofp/crtbegin.o

.rodata         0x0800bdf0      0xe58
                0x0800bdf0                . = ALIGN (0x4)
 *(.rodata)
 *(.rodata*)
 .rodata.main.str1.4
                0x0800bdf0       0x12 CMakeFiles/v1.elf.dir/Core/Src/main.c.obj
 *fill*         0x0800be02        0x2 
 .rodata.AHBPrescTable
                0x0800be04       0x10 CMakeFiles/v1.elf.dir/Core/Src/system_stm32f1xx.c.obj
                0x0800be04                AHBPrescTable
 .rodata.APBPrescTable
                0x0800be14        0x8 CMakeFiles/v1.elf.dir/Core/Src/system_stm32f1xx.c.obj
                0x0800be14                APBPrescTable
 .rodata.HAL_UART_RxCpltCallback.str1.4
                0x0800be1c        0x7 CMakeFiles/v1.elf.dir/Core/Src/usart.c.obj
 *fill*         0x0800be23        0x1 
 .rodata.aPLLMULFactorTable.1
                0x0800be24       0x10 CMakeFiles/v1.elf.dir/Drivers/STM32F1xx_HAL_Driver/Src/stm32f1xx_hal_rcc.c.obj
 .rodata.aPredivFactorTable.0
                0x0800be34        0x2 CMakeFiles/v1.elf.dir/Drivers/STM32F1xx_HAL_Driver/Src/stm32f1xx_hal_rcc.c.obj
 *fill*         0x0800be36        0x2 
 .rodata.F6x8   0x0800be38      0x228 CMakeFiles/v1.elf.dir/oled_sim/oled.c.obj
                0x0800be38                F6x8
 .rodata.F8X16  0x0800c060      0x5f0 CMakeFiles/v1.elf.dir/oled_sim/oled.c.obj
                0x0800c060                F8X16
 .rodata._global_impure_ptr
                0x0800c650        0x4 d:/clion/tools/gcc-arm-none-eabi-10.3-2021.10-win32/gcc-arm-none-eabi-10.3-2021.10/bin/../lib/gcc/arm-none-eabi/10.3.1/../../../../arm-none-eabi/lib/thumb/v7-m/nofp\libg.a(lib_a-impure.o)
                0x0800c650                _global_impure_ptr
 .rodata._strtod_l.str1.4
                0x0800c654        0xf d:/clion/tools/gcc-arm-none-eabi-10.3-2021.10-win32/gcc-arm-none-eabi-10.3-2021.10/bin/../lib/gcc/arm-none-eabi/10.3.1/../../../../arm-none-eabi/lib/thumb/v7-m/nofp\libg.a(lib_a-strtod.o)
                                 0x11 (size before relaxing)
 *fill*         0x0800c663        0x1 
 .rodata.fpi.1  0x0800c664       0x14 d:/clion/tools/gcc-arm-none-eabi-10.3-2021.10-win32/gcc-arm-none-eabi-10.3-2021.10/bin/../lib/gcc/arm-none-eabi/10.3.1/../../../../arm-none-eabi/lib/thumb/v7-m/nofp\libg.a(lib_a-strtod.o)
 .rodata.fpinan.0
                0x0800c678       0x14 d:/clion/tools/gcc-arm-none-eabi-10.3-2021.10-win32/gcc-arm-none-eabi-10.3-2021.10/bin/../lib/gcc/arm-none-eabi/10.3.1/../../../../arm-none-eabi/lib/thumb/v7-m/nofp\libg.a(lib_a-strtod.o)
 *fill*         0x0800c68c        0x4 
 .rodata.tinytens
                0x0800c690       0x28 d:/clion/tools/gcc-arm-none-eabi-10.3-2021.10-win32/gcc-arm-none-eabi-10.3-2021.10/bin/../lib/gcc/arm-none-eabi/10.3.1/../../../../arm-none-eabi/lib/thumb/v7-m/nofp\libg.a(lib_a-strtod.o)
 .rodata._svfprintf_r.str1.4
                0x0800c6b8       0x42 d:/clion/tools/gcc-arm-none-eabi-10.3-2021.10-win32/gcc-arm-none-eabi-10.3-2021.10/bin/../lib/gcc/arm-none-eabi/10.3.1/../../../../arm-none-eabi/lib/thumb/v7-m/nofp\libg.a(lib_a-svfprintf.o)
 *fill*         0x0800c6fa        0x2 
 .rodata.blanks.1
                0x0800c6fc       0x10 d:/clion/tools/gcc-arm-none-eabi-10.3-2021.10-win32/gcc-arm-none-eabi-10.3-2021.10/bin/../lib/gcc/arm-none-eabi/10.3.1/../../../../arm-none-eabi/lib/thumb/v7-m/nofp\libg.a(lib_a-svfprintf.o)
 .rodata.zeroes.0
                0x0800c70c       0x10 d:/clion/tools/gcc-arm-none-eabi-10.3-2021.10-win32/gcc-arm-none-eabi-10.3-2021.10/bin/../lib/gcc/arm-none-eabi/10.3.1/../../../../arm-none-eabi/lib/thumb/v7-m/nofp\libg.a(lib_a-svfprintf.o)
 .rodata._dtoa_r.str1.4
                0x0800c71c       0xa2 d:/clion/tools/gcc-arm-none-eabi-10.3-2021.10-win32/gcc-arm-none-eabi-10.3-2021.10/bin/../lib/gcc/arm-none-eabi/10.3.1/../../../../arm-none-eabi/lib/thumb/v7-m/nofp\libg.a(lib_a-dtoa.o)
                                 0xa6 (size before relaxing)
 *fill*         0x0800c7be        0x2 
 .rodata.__gethex.str1.4
                0x0800c7c0       0x86 d:/clion/tools/gcc-arm-none-eabi-10.3-2021.10-win32/gcc-arm-none-eabi-10.3-2021.10/bin/../lib/gcc/arm-none-eabi/10.3.1/../../../../arm-none-eabi/lib/thumb/v7-m/nofp\libg.a(lib_a-gdtoa-gethex.o)
                                 0x9a (size before relaxing)
 *fill*         0x0800c846        0x2 
 .rodata.__hexdig
                0x0800c848      0x100 d:/clion/tools/gcc-arm-none-eabi-10.3-2021.10-win32/gcc-arm-none-eabi-10.3-2021.10/bin/../lib/gcc/arm-none-eabi/10.3.1/../../../../arm-none-eabi/lib/thumb/v7-m/nofp\libg.a(lib_a-gdtoa-gethex.o)
                0x0800c848                __hexdig
 .rodata.str1.4
                0x0800c948        0x2 d:/clion/tools/gcc-arm-none-eabi-10.3-2021.10-win32/gcc-arm-none-eabi-10.3-2021.10/bin/../lib/gcc/arm-none-eabi/10.3.1/../../../../arm-none-eabi/lib/thumb/v7-m/nofp\libg.a(lib_a-lnumeric.o)
                                  0x5 (size before relaxing)
 *fill*         0x0800c94a        0x2 
 .rodata._C_numeric_locale
                0x0800c94c        0xc d:/clion/tools/gcc-arm-none-eabi-10.3-2021.10-win32/gcc-arm-none-eabi-10.3-2021.10/bin/../lib/gcc/arm-none-eabi/10.3.1/../../../../arm-none-eabi/lib/thumb/v7-m/nofp\libg.a(lib_a-lnumeric.o)
                0x0800c94c                _C_numeric_locale
 .rodata._setlocale_r.str1.4
                0x0800c958        0xa d:/clion/tools/gcc-arm-none-eabi-10.3-2021.10-win32/gcc-arm-none-eabi-10.3-2021.10/bin/../lib/gcc/arm-none-eabi/10.3.1/../../../../arm-none-eabi/lib/thumb/v7-m/nofp\libg.a(lib_a-locale.o)
                                  0xd (size before relaxing)
 .rodata.str1.4
                0x0800c962        0x2 d:/clion/tools/gcc-arm-none-eabi-10.3-2021.10-win32/gcc-arm-none-eabi-10.3-2021.10/bin/../lib/gcc/arm-none-eabi/10.3.1/../../../../arm-none-eabi/lib/thumb/v7-m/nofp\libg.a(lib_a-locale.o)
 *fill*         0x0800c962        0x2 
 .rodata.__multadd.str1.4
                0x0800c964       0x7f d:/clion/tools/gcc-arm-none-eabi-10.3-2021.10-win32/gcc-arm-none-eabi-10.3-2021.10/bin/../lib/gcc/arm-none-eabi/10.3.1/../../../../arm-none-eabi/lib/thumb/v7-m/nofp\libg.a(lib_a-mprec.o)
                                 0x93 (size before relaxing)
 *fill*         0x0800c9e3        0x5 
 .rodata.__mprec_bigtens
                0x0800c9e8       0x28 d:/clion/tools/gcc-arm-none-eabi-10.3-2021.10-win32/gcc-arm-none-eabi-10.3-2021.10/bin/../lib/gcc/arm-none-eabi/10.3.1/../../../../arm-none-eabi/lib/thumb/v7-m/nofp\libg.a(lib_a-mprec.o)
                0x0800c9e8                __mprec_bigtens
 .rodata.__mprec_tens
                0x0800ca10       0xc8 d:/clion/tools/gcc-arm-none-eabi-10.3-2021.10-win32/gcc-arm-none-eabi-10.3-2021.10/bin/../lib/gcc/arm-none-eabi/10.3.1/../../../../arm-none-eabi/lib/thumb/v7-m/nofp\libg.a(lib_a-mprec.o)
                0x0800ca10                __mprec_tens
 .rodata.p05.0  0x0800cad8        0xc d:/clion/tools/gcc-arm-none-eabi-10.3-2021.10-win32/gcc-arm-none-eabi-10.3-2021.10/bin/../lib/gcc/arm-none-eabi/10.3.1/../../../../arm-none-eabi/lib/thumb/v7-m/nofp\libg.a(lib_a-mprec.o)
 .rodata.__assert_func.str1.4
                0x0800cae4       0x3f d:/clion/tools/gcc-arm-none-eabi-10.3-2021.10-win32/gcc-arm-none-eabi-10.3-2021.10/bin/../lib/gcc/arm-none-eabi/10.3.1/../../../../arm-none-eabi/lib/thumb/v7-m/nofp\libg.a(lib_a-assert.o)
                                 0x43 (size before relaxing)
 *fill*         0x0800cb23        0x1 
 .rodata._ctype_
                0x0800cb24      0x101 d:/clion/tools/gcc-arm-none-eabi-10.3-2021.10-win32/gcc-arm-none-eabi-10.3-2021.10/bin/../lib/gcc/arm-none-eabi/10.3.1/../../../../arm-none-eabi/lib/thumb/v7-m/nofp\libg.a(lib_a-ctype_.o)
                0x0800cb24                _ctype_
 .rodata._vfiprintf_r.str1.4
                0x0800cc25       0x2f d:/clion/tools/gcc-arm-none-eabi-10.3-2021.10-win32/gcc-arm-none-eabi-10.3-2021.10/bin/../lib/gcc/arm-none-eabi/10.3.1/../../../../arm-none-eabi/lib/thumb/v7-m/nofp\libg.a(lib_a-vfiprintf.o)
 *fill*         0x0800cc25        0x3 
 .rodata.blanks.1
                0x0800cc28       0x10 d:/clion/tools/gcc-arm-none-eabi-10.3-2021.10-win32/gcc-arm-none-eabi-10.3-2021.10/bin/../lib/gcc/arm-none-eabi/10.3.1/../../../../arm-none-eabi/lib/thumb/v7-m/nofp\libg.a(lib_a-vfiprintf.o)
 .rodata.zeroes.0
                0x0800cc38       0x10 d:/clion/tools/gcc-arm-none-eabi-10.3-2021.10-win32/gcc-arm-none-eabi-10.3-2021.10/bin/../lib/gcc/arm-none-eabi/10.3.1/../../../../arm-none-eabi/lib/thumb/v7-m/nofp\libg.a(lib_a-vfiprintf.o)
                0x0800cc48                . = ALIGN (0x4)

.ARM.extab      0x0800cc48        0x0
                0x0800cc48                . = ALIGN (0x4)
 *(.ARM.extab* .gnu.linkonce.armextab.*)
                0x0800cc48                . = ALIGN (0x4)

.ARM            0x0800cc48        0x8
                0x0800cc48                . = ALIGN (0x4)
                0x0800cc48                __exidx_start = .
 *(.ARM.exidx*)
 .ARM.exidx     0x0800cc48        0x8 d:/clion/tools/gcc-arm-none-eabi-10.3-2021.10-win32/gcc-arm-none-eabi-10.3-2021.10/bin/../lib/gcc/arm-none-eabi/10.3.1/thumb/v7-m/nofp\libgcc.a(_udivmoddi4.o)
                0x0800cc50                __exidx_end = .
                0x0800cc50                . = ALIGN (0x4)

.rel.dyn        0x0800cc50        0x0
 .rel.iplt      0x0800cc50        0x0 d:/clion/tools/gcc-arm-none-eabi-10.3-2021.10-win32/gcc-arm-none-eabi-10.3-2021.10/bin/../lib/gcc/arm-none-eabi/10.3.1/thumb/v7-m/nofp/crtbegin.o

.preinit_array  0x0800cc50        0x0
                0x0800cc50                . = ALIGN (0x4)
                0x0800cc50                PROVIDE (__preinit_array_start = .)
 *(.preinit_array*)
                0x0800cc50                PROVIDE (__preinit_array_end = .)
                0x0800cc50                . = ALIGN (0x4)

.init_array     0x0800cc50        0x8
                0x0800cc50                . = ALIGN (0x4)
                0x0800cc50                PROVIDE (__init_array_start = .)
 *(SORT_BY_NAME(.init_array.*))
 .init_array.00000
                0x0800cc50        0x4 d:/clion/tools/gcc-arm-none-eabi-10.3-2021.10-win32/gcc-arm-none-eabi-10.3-2021.10/bin/../lib/gcc/arm-none-eabi/10.3.1/../../../../arm-none-eabi/lib/thumb/v7-m/nofp\libg.a(lib_a-__call_atexit.o)
 *(.init_array*)
 .init_array    0x0800cc54        0x4 d:/clion/tools/gcc-arm-none-eabi-10.3-2021.10-win32/gcc-arm-none-eabi-10.3-2021.10/bin/../lib/gcc/arm-none-eabi/10.3.1/thumb/v7-m/nofp/crtbegin.o
                0x0800cc58                PROVIDE (__init_array_end = .)
                0x0800cc58                . = ALIGN (0x4)

.fini_array     0x0800cc58        0x4
                0x0800cc58                . = ALIGN (0x4)
                0x0800cc58                PROVIDE (__fini_array_start = .)
 *(SORT_BY_NAME(.fini_array.*))
 *(.fini_array*)
 .fini_array    0x0800cc58        0x4 d:/clion/tools/gcc-arm-none-eabi-10.3-2021.10-win32/gcc-arm-none-eabi-10.3-2021.10/bin/../lib/gcc/arm-none-eabi/10.3.1/thumb/v7-m/nofp/crtbegin.o
                0x0800cc5c                PROVIDE (__fini_array_end = .)
                0x0800cc5c                . = ALIGN (0x4)
                0x0800cc5c                _sidata = LOADADDR (.data)

.data           0x20000000      0x9bc load address 0x0800cc5c
                0x20000000                . = ALIGN (0x4)
                0x20000000                _sdata = .
 *(.data)
 *(.data*)
 .data.SystemCoreClock
                0x20000000        0x4 CMakeFiles/v1.elf.dir/Core/Src/system_stm32f1xx.c.obj
                0x20000000                SystemCoreClock
 .data.uwTickFreq
                0x20000004        0x1 CMakeFiles/v1.elf.dir/Drivers/STM32F1xx_HAL_Driver/Src/stm32f1xx_hal.c.obj
                0x20000004                uwTickFreq
 *fill*         0x20000005        0x3 
 .data.uwTickPrio
                0x20000008        0x4 CMakeFiles/v1.elf.dir/Drivers/STM32F1xx_HAL_Driver/Src/stm32f1xx_hal.c.obj
                0x20000008                uwTickPrio
 .data._impure_ptr
                0x2000000c        0x4 d:/clion/tools/gcc-arm-none-eabi-10.3-2021.10-win32/gcc-arm-none-eabi-10.3-2021.10/bin/../lib/gcc/arm-none-eabi/10.3.1/../../../../arm-none-eabi/lib/thumb/v7-m/nofp\libg.a(lib_a-impure.o)
                0x2000000c                _impure_ptr
 .data.impure_data
                0x20000010      0x428 d:/clion/tools/gcc-arm-none-eabi-10.3-2021.10-win32/gcc-arm-none-eabi-10.3-2021.10/bin/../lib/gcc/arm-none-eabi/10.3.1/../../../../arm-none-eabi/lib/thumb/v7-m/nofp\libg.a(lib_a-impure.o)
 .data.__atexit_recursive_mutex
                0x20000438        0x4 d:/clion/tools/gcc-arm-none-eabi-10.3-2021.10-win32/gcc-arm-none-eabi-10.3-2021.10/bin/../lib/gcc/arm-none-eabi/10.3.1/../../../../arm-none-eabi/lib/thumb/v7-m/nofp\libg.a(lib_a-__call_atexit.o)
                0x20000438                __atexit_recursive_mutex
 .data.numempty
                0x2000043c        0x2 d:/clion/tools/gcc-arm-none-eabi-10.3-2021.10-win32/gcc-arm-none-eabi-10.3-2021.10/bin/../lib/gcc/arm-none-eabi/10.3.1/../../../../arm-none-eabi/lib/thumb/v7-m/nofp\libg.a(lib_a-lnumeric.o)
 *fill*         0x2000043e        0x2 
 .data.__global_locale
                0x20000440      0x16c d:/clion/tools/gcc-arm-none-eabi-10.3-2021.10-win32/gcc-arm-none-eabi-10.3-2021.10/bin/../lib/gcc/arm-none-eabi/10.3.1/../../../../arm-none-eabi/lib/thumb/v7-m/nofp\libg.a(lib_a-locale.o)
                0x20000440                __global_locale
 .data.__malloc_av_
                0x200005ac      0x408 d:/clion/tools/gcc-arm-none-eabi-10.3-2021.10-win32/gcc-arm-none-eabi-10.3-2021.10/bin/../lib/gcc/arm-none-eabi/10.3.1/../../../../arm-none-eabi/lib/thumb/v7-m/nofp\libg.a(lib_a-mallocr.o)
                0x200005ac                __malloc_av_
 .data.__malloc_sbrk_base
                0x200009b4        0x4 d:/clion/tools/gcc-arm-none-eabi-10.3-2021.10-win32/gcc-arm-none-eabi-10.3-2021.10/bin/../lib/gcc/arm-none-eabi/10.3.1/../../../../arm-none-eabi/lib/thumb/v7-m/nofp\libg.a(lib_a-mallocr.o)
                0x200009b4                __malloc_sbrk_base
 .data.__malloc_trim_threshold
                0x200009b8        0x4 d:/clion/tools/gcc-arm-none-eabi-10.3-2021.10-win32/gcc-arm-none-eabi-10.3-2021.10/bin/../lib/gcc/arm-none-eabi/10.3.1/../../../../arm-none-eabi/lib/thumb/v7-m/nofp\libg.a(lib_a-mallocr.o)
                0x200009b8                __malloc_trim_threshold
 *(.RamFunc)
 *(.RamFunc*)
                0x200009bc                . = ALIGN (0x4)
                0x200009bc                _edata = .

.igot.plt       0x200009bc        0x0 load address 0x0800d618
 .igot.plt      0x200009bc        0x0 d:/clion/tools/gcc-arm-none-eabi-10.3-2021.10-win32/gcc-arm-none-eabi-10.3-2021.10/bin/../lib/gcc/arm-none-eabi/10.3.1/thumb/v7-m/nofp/crtbegin.o
                0x200009bc                . = ALIGN (0x4)

.bss            0x200009bc      0x21c load address 0x0800d618
                0x200009bc                _sbss = .
                0x200009bc                __bss_start__ = _sbss
 *(.bss)
 .bss           0x200009bc       0x1c d:/clion/tools/gcc-arm-none-eabi-10.3-2021.10-win32/gcc-arm-none-eabi-10.3-2021.10/bin/../lib/gcc/arm-none-eabi/10.3.1/thumb/v7-m/nofp/crtbegin.o
 *(.bss*)
 .bss.sbuf      0x200009d8       0x14 CMakeFiles/v1.elf.dir/Core/Src/main.c.obj
                0x200009d8                sbuf
 .bss.__sbrk_heap_end
                0x200009ec        0x4 CMakeFiles/v1.elf.dir/Core/Src/sysmem.c.obj
 .bss.htim2     0x200009f0       0x48 CMakeFiles/v1.elf.dir/Core/Src/tim.c.obj
                0x200009f0                htim2
 .bss.htim4     0x20000a38       0x48 CMakeFiles/v1.elf.dir/Core/Src/tim.c.obj
                0x20000a38                htim4
 .bss.tim_cnt.0
                0x20000a80        0x4 CMakeFiles/v1.elf.dir/Core/Src/tim.c.obj
 .bss.X_data    0x20000a84        0x4 CMakeFiles/v1.elf.dir/Core/Src/usart.c.obj
                0x20000a84                X_data
 .bss.Y_data    0x20000a88        0x4 CMakeFiles/v1.elf.dir/Core/Src/usart.c.obj
                0x20000a88                Y_data
 .bss.cnt.0     0x20000a8c        0x1 CMakeFiles/v1.elf.dir/Core/Src/usart.c.obj
 *fill*         0x20000a8d        0x3 
 .bss.huart1    0x20000a90       0x48 CMakeFiles/v1.elf.dir/Core/Src/usart.c.obj
                0x20000a90                huart1
 .bss.huart2    0x20000ad8       0x48 CMakeFiles/v1.elf.dir/Core/Src/usart.c.obj
                0x20000ad8                huart2
 .bss.rec       0x20000b20        0x1 CMakeFiles/v1.elf.dir/Core/Src/usart.c.obj
                0x20000b20                rec
 *fill*         0x20000b21        0x3 
 .bss.rec_buff  0x20000b24       0x14 CMakeFiles/v1.elf.dir/Core/Src/usart.c.obj
                0x20000b24                rec_buff
 .bss.uwTick    0x20000b38        0x4 CMakeFiles/v1.elf.dir/Drivers/STM32F1xx_HAL_Driver/Src/stm32f1xx_hal.c.obj
                0x20000b38                uwTick
 .bss.Init_CompareX
                0x20000b3c        0x4 CMakeFiles/v1.elf.dir/control/control.c.obj
                0x20000b3c                Init_CompareX
 .bss.pid_Servo_x
                0x20000b40       0x28 CMakeFiles/v1.elf.dir/pid/PID.c.obj
                0x20000b40                pid_Servo_x
 .bss.pid_Servo_y
                0x20000b68       0x28 CMakeFiles/v1.elf.dir/pid/PID.c.obj
                0x20000b68                pid_Servo_y
 .bss.__lock___atexit_recursive_mutex
                0x20000b90        0x1 d:/clion/tools/gcc-arm-none-eabi-10.3-2021.10-win32/gcc-arm-none-eabi-10.3-2021.10/bin/../lib/gcc/arm-none-eabi/10.3.1/../../../../arm-none-eabi/lib/thumb/v7-m/nofp\libg.a(lib_a-lock.o)
                0x20000b90                __lock___atexit_recursive_mutex
 *fill*         0x20000b91        0x3 
 .bss.__lock___malloc_recursive_mutex
                0x20000b94        0x1 d:/clion/tools/gcc-arm-none-eabi-10.3-2021.10-win32/gcc-arm-none-eabi-10.3-2021.10/bin/../lib/gcc/arm-none-eabi/10.3.1/../../../../arm-none-eabi/lib/thumb/v7-m/nofp\libg.a(lib_a-lock.o)
                0x20000b94                __lock___malloc_recursive_mutex
 *fill*         0x20000b95        0x3 
 .bss.__lock___sfp_recursive_mutex
                0x20000b98        0x1 d:/clion/tools/gcc-arm-none-eabi-10.3-2021.10-win32/gcc-arm-none-eabi-10.3-2021.10/bin/../lib/gcc/arm-none-eabi/10.3.1/../../../../arm-none-eabi/lib/thumb/v7-m/nofp\libg.a(lib_a-lock.o)
                0x20000b98                __lock___sfp_recursive_mutex
 *fill*         0x20000b99        0x3 
 .bss.__lock___sinit_recursive_mutex
                0x20000b9c        0x1 d:/clion/tools/gcc-arm-none-eabi-10.3-2021.10-win32/gcc-arm-none-eabi-10.3-2021.10/bin/../lib/gcc/arm-none-eabi/10.3.1/../../../../arm-none-eabi/lib/thumb/v7-m/nofp\libg.a(lib_a-lock.o)
                0x20000b9c                __lock___sinit_recursive_mutex
 *fill*         0x20000b9d        0x3 
 .bss.__malloc_current_mallinfo
                0x20000ba0       0x28 d:/clion/tools/gcc-arm-none-eabi-10.3-2021.10-win32/gcc-arm-none-eabi-10.3-2021.10/bin/../lib/gcc/arm-none-eabi/10.3.1/../../../../arm-none-eabi/lib/thumb/v7-m/nofp\libg.a(lib_a-mallocr.o)
                0x20000ba0                __malloc_current_mallinfo
 .bss.__malloc_max_sbrked_mem
                0x20000bc8        0x4 d:/clion/tools/gcc-arm-none-eabi-10.3-2021.10-win32/gcc-arm-none-eabi-10.3-2021.10/bin/../lib/gcc/arm-none-eabi/10.3.1/../../../../arm-none-eabi/lib/thumb/v7-m/nofp\libg.a(lib_a-mallocr.o)
                0x20000bc8                __malloc_max_sbrked_mem
 .bss.__malloc_max_total_mem
                0x20000bcc        0x4 d:/clion/tools/gcc-arm-none-eabi-10.3-2021.10-win32/gcc-arm-none-eabi-10.3-2021.10/bin/../lib/gcc/arm-none-eabi/10.3.1/../../../../arm-none-eabi/lib/thumb/v7-m/nofp\libg.a(lib_a-mallocr.o)
                0x20000bcc                __malloc_max_total_mem
 .bss.__malloc_top_pad
                0x20000bd0        0x4 d:/clion/tools/gcc-arm-none-eabi-10.3-2021.10-win32/gcc-arm-none-eabi-10.3-2021.10/bin/../lib/gcc/arm-none-eabi/10.3.1/../../../../arm-none-eabi/lib/thumb/v7-m/nofp\libg.a(lib_a-mallocr.o)
                0x20000bd0                __malloc_top_pad
 .bss.errno     0x20000bd4        0x4 d:/clion/tools/gcc-arm-none-eabi-10.3-2021.10-win32/gcc-arm-none-eabi-10.3-2021.10/bin/../lib/gcc/arm-none-eabi/10.3.1/../../../../arm-none-eabi/lib/thumb/v7-m/nofp\libg.a(lib_a-reent.o)
                0x20000bd4                errno
 *(COMMON)
                0x20000bd8                . = ALIGN (0x4)
                0x20000bd8                _ebss = .
                0x20000bd8                __bss_end__ = _ebss

._user_heap_stack
                0x20000bd8      0x600 load address 0x0800d618
                0x20000bd8                . = ALIGN (0x8)
                [!provide]                PROVIDE (end = .)
                0x20000bd8                PROVIDE (_end = .)
                0x20000dd8                . = (. + _Min_Heap_Size)
 *fill*         0x20000bd8      0x200 
                0x200011d8                . = (. + _Min_Stack_Size)
 *fill*         0x20000dd8      0x400 
                0x200011d8                . = ALIGN (0x8)

/DISCARD/
 libc.a(*)
 libm.a(*)
 libgcc.a(*)

.ARM.attributes
                0x00000000       0x29
 *(.ARM.attributes)
 .ARM.attributes
                0x00000000       0x1d d:/clion/tools/gcc-arm-none-eabi-10.3-2021.10-win32/gcc-arm-none-eabi-10.3-2021.10/bin/../lib/gcc/arm-none-eabi/10.3.1/thumb/v7-m/nofp/crti.o
 .ARM.attributes
                0x0000001d       0x2d d:/clion/tools/gcc-arm-none-eabi-10.3-2021.10-win32/gcc-arm-none-eabi-10.3-2021.10/bin/../lib/gcc/arm-none-eabi/10.3.1/thumb/v7-m/nofp/crtbegin.o
 .ARM.attributes
                0x0000004a       0x2d CMakeFiles/v1.elf.dir/Core/Src/gpio.c.obj
 .ARM.attributes
                0x00000077       0x2d CMakeFiles/v1.elf.dir/Core/Src/main.c.obj
 .ARM.attributes
                0x000000a4       0x2d CMakeFiles/v1.elf.dir/Core/Src/stm32f1xx_hal_msp.c.obj
 .ARM.attributes
                0x000000d1       0x2d CMakeFiles/v1.elf.dir/Core/Src/stm32f1xx_it.c.obj
 .ARM.attributes
                0x000000fe       0x2d CMakeFiles/v1.elf.dir/Core/Src/syscalls.c.obj
 .ARM.attributes
                0x0000012b       0x2d CMakeFiles/v1.elf.dir/Core/Src/sysmem.c.obj
 .ARM.attributes
                0x00000158       0x2d CMakeFiles/v1.elf.dir/Core/Src/system_stm32f1xx.c.obj
 .ARM.attributes
                0x00000185       0x2d CMakeFiles/v1.elf.dir/Core/Src/tim.c.obj
 .ARM.attributes
                0x000001b2       0x2d CMakeFiles/v1.elf.dir/Core/Src/usart.c.obj
 .ARM.attributes
                0x000001df       0x21 CMakeFiles/v1.elf.dir/Core/Startup/startup_stm32f103c8tx.s.obj
 .ARM.attributes
                0x00000200       0x2d CMakeFiles/v1.elf.dir/Drivers/STM32F1xx_HAL_Driver/Src/stm32f1xx_hal.c.obj
 .ARM.attributes
                0x0000022d       0x2d CMakeFiles/v1.elf.dir/Drivers/STM32F1xx_HAL_Driver/Src/stm32f1xx_hal_cortex.c.obj
 .ARM.attributes
                0x0000025a       0x2d CMakeFiles/v1.elf.dir/Drivers/STM32F1xx_HAL_Driver/Src/stm32f1xx_hal_dma.c.obj
 .ARM.attributes
                0x00000287       0x2d CMakeFiles/v1.elf.dir/Drivers/STM32F1xx_HAL_Driver/Src/stm32f1xx_hal_gpio.c.obj
 .ARM.attributes
                0x000002b4       0x2d CMakeFiles/v1.elf.dir/Drivers/STM32F1xx_HAL_Driver/Src/stm32f1xx_hal_rcc.c.obj
 .ARM.attributes
                0x000002e1       0x2d CMakeFiles/v1.elf.dir/Drivers/STM32F1xx_HAL_Driver/Src/stm32f1xx_hal_tim.c.obj
 .ARM.attributes
                0x0000030e       0x2d CMakeFiles/v1.elf.dir/Drivers/STM32F1xx_HAL_Driver/Src/stm32f1xx_hal_tim_ex.c.obj
 .ARM.attributes
                0x0000033b       0x2d CMakeFiles/v1.elf.dir/Drivers/STM32F1xx_HAL_Driver/Src/stm32f1xx_hal_uart.c.obj
 .ARM.attributes
                0x00000368       0x2d CMakeFiles/v1.elf.dir/control/control.c.obj
 .ARM.attributes
                0x00000395       0x2d CMakeFiles/v1.elf.dir/oled_sim/oled.c.obj
 .ARM.attributes
                0x000003c2       0x2d CMakeFiles/v1.elf.dir/pid/PID.c.obj
 .ARM.attributes
                0x000003ef       0x1d d:/clion/tools/gcc-arm-none-eabi-10.3-2021.10-win32/gcc-arm-none-eabi-10.3-2021.10/bin/../lib/gcc/arm-none-eabi/10.3.1/thumb/v7-m/nofp\libgcc.a(_arm_mulsf3.o)
 .ARM.attributes
                0x0000040c       0x1d d:/clion/tools/gcc-arm-none-eabi-10.3-2021.10-win32/gcc-arm-none-eabi-10.3-2021.10/bin/../lib/gcc/arm-none-eabi/10.3.1/thumb/v7-m/nofp\libgcc.a(_arm_addsubdf3.o)
 .ARM.attributes
                0x00000429       0x1d d:/clion/tools/gcc-arm-none-eabi-10.3-2021.10-win32/gcc-arm-none-eabi-10.3-2021.10/bin/../lib/gcc/arm-none-eabi/10.3.1/thumb/v7-m/nofp\libgcc.a(_arm_muldivdf3.o)
 .ARM.attributes
                0x00000446       0x1d d:/clion/tools/gcc-arm-none-eabi-10.3-2021.10-win32/gcc-arm-none-eabi-10.3-2021.10/bin/../lib/gcc/arm-none-eabi/10.3.1/thumb/v7-m/nofp\libgcc.a(_arm_truncdfsf2.o)
 .ARM.attributes
                0x00000463       0x1d d:/clion/tools/gcc-arm-none-eabi-10.3-2021.10-win32/gcc-arm-none-eabi-10.3-2021.10/bin/../lib/gcc/arm-none-eabi/10.3.1/thumb/v7-m/nofp\libgcc.a(_arm_addsubsf3.o)
 .ARM.attributes
                0x00000480       0x1d d:/clion/tools/gcc-arm-none-eabi-10.3-2021.10-win32/gcc-arm-none-eabi-10.3-2021.10/bin/../lib/gcc/arm-none-eabi/10.3.1/thumb/v7-m/nofp\libgcc.a(_arm_cmpsf2.o)
 .ARM.attributes
                0x0000049d       0x1d d:/clion/tools/gcc-arm-none-eabi-10.3-2021.10-win32/gcc-arm-none-eabi-10.3-2021.10/bin/../lib/gcc/arm-none-eabi/10.3.1/thumb/v7-m/nofp\libgcc.a(_arm_fixsfsi.o)
 .ARM.attributes
                0x000004ba       0x1d d:/clion/tools/gcc-arm-none-eabi-10.3-2021.10-win32/gcc-arm-none-eabi-10.3-2021.10/bin/../lib/gcc/arm-none-eabi/10.3.1/thumb/v7-m/nofp\libgcc.a(_arm_fixunssfsi.o)
 .ARM.attributes
                0x000004d7       0x2d d:/clion/tools/gcc-arm-none-eabi-10.3-2021.10-win32/gcc-arm-none-eabi-10.3-2021.10/bin/../lib/gcc/arm-none-eabi/10.3.1/../../../../arm-none-eabi/lib/thumb/v7-m/nofp\libg.a(lib_a-atoff.o)
 .ARM.attributes
                0x00000504       0x2d d:/clion/tools/gcc-arm-none-eabi-10.3-2021.10-win32/gcc-arm-none-eabi-10.3-2021.10/bin/../lib/gcc/arm-none-eabi/10.3.1/../../../../arm-none-eabi/lib/thumb/v7-m/nofp\libg.a(lib_a-errno.o)
 .ARM.attributes
                0x00000531       0x2d d:/clion/tools/gcc-arm-none-eabi-10.3-2021.10-win32/gcc-arm-none-eabi-10.3-2021.10/bin/../lib/gcc/arm-none-eabi/10.3.1/../../../../arm-none-eabi/lib/thumb/v7-m/nofp\libg.a(lib_a-impure.o)
 .ARM.attributes
                0x0000055e       0x2d d:/clion/tools/gcc-arm-none-eabi-10.3-2021.10-win32/gcc-arm-none-eabi-10.3-2021.10/bin/../lib/gcc/arm-none-eabi/10.3.1/../../../../arm-none-eabi/lib/thumb/v7-m/nofp\libg.a(lib_a-init.o)
 .ARM.attributes
                0x0000058b       0x2d d:/clion/tools/gcc-arm-none-eabi-10.3-2021.10-win32/gcc-arm-none-eabi-10.3-2021.10/bin/../lib/gcc/arm-none-eabi/10.3.1/../../../../arm-none-eabi/lib/thumb/v7-m/nofp\libg.a(lib_a-memset.o)
 .ARM.attributes
                0x000005b8       0x2d d:/clion/tools/gcc-arm-none-eabi-10.3-2021.10-win32/gcc-arm-none-eabi-10.3-2021.10/bin/../lib/gcc/arm-none-eabi/10.3.1/../../../../arm-none-eabi/lib/thumb/v7-m/nofp\libg.a(lib_a-sprintf.o)
 .ARM.attributes
                0x000005e5       0x2d d:/clion/tools/gcc-arm-none-eabi-10.3-2021.10-win32/gcc-arm-none-eabi-10.3-2021.10/bin/../lib/gcc/arm-none-eabi/10.3.1/../../../../arm-none-eabi/lib/thumb/v7-m/nofp\libg.a(lib_a-strstr.o)
 .ARM.attributes
                0x00000612       0x2d d:/clion/tools/gcc-arm-none-eabi-10.3-2021.10-win32/gcc-arm-none-eabi-10.3-2021.10/bin/../lib/gcc/arm-none-eabi/10.3.1/../../../../arm-none-eabi/lib/thumb/v7-m/nofp\libg.a(lib_a-strtod.o)
 .ARM.attributes
                0x0000063f       0x2d d:/clion/tools/gcc-arm-none-eabi-10.3-2021.10-win32/gcc-arm-none-eabi-10.3-2021.10/bin/../lib/gcc/arm-none-eabi/10.3.1/../../../../arm-none-eabi/lib/thumb/v7-m/nofp\libg.a(lib_a-svfprintf.o)
 .ARM.attributes
                0x0000066c       0x2d d:/clion/tools/gcc-arm-none-eabi-10.3-2021.10-win32/gcc-arm-none-eabi-10.3-2021.10/bin/../lib/gcc/arm-none-eabi/10.3.1/../../../../arm-none-eabi/lib/thumb/v7-m/nofp\libg.a(lib_a-__call_atexit.o)
 .ARM.attributes