Archive member included to satisfy reference by file (symbol)

d:/clion/tools/gcc-arm-none-eabi-10.3-2021.10-win32/gcc-arm-none-eabi-10.3-2021.10/bin/../lib/gcc/arm-none-eabi/10.3.1/thumb/v7-m/nofp\libgcc.a(_arm_mulsf3.o)
                              CMakeFiles/v1.elf.dir/pid/PID.c.obj (__aeabi_fmul)
d:/clion/tools/gcc-arm-none-eabi-10.3-2021.10-win32/gcc-arm-none-eabi-10.3-2021.10/bin/../lib/gcc/arm-none-eabi/10.3.1/thumb/v7-m/nofp\libgcc.a(_arm_addsubsf3.o)
                              CMakeFiles/v1.elf.dir/pid/PID.c.obj (__aeabi_fsub)
d:/clion/tools/gcc-arm-none-eabi-10.3-2021.10-win32/gcc-arm-none-eabi-10.3-2021.10/bin/../lib/gcc/arm-none-eabi/10.3.1/thumb/v7-m/nofp\libgcc.a(_arm_cmpsf2.o)
                              CMakeFiles/v1.elf.dir/pid/PID.c.obj (__aeabi_fcmplt)
d:/clion/tools/gcc-arm-none-eabi-10.3-2021.10-win32/gcc-arm-none-eabi-10.3-2021.10/bin/../lib/gcc/arm-none-eabi/10.3.1/thumb/v7-m/nofp\libgcc.a(_arm_fixsfsi.o)
                              CMakeFiles/v1.elf.dir/Core/Src/main.c.obj (__aeabi_f2iz)
d:/clion/tools/gcc-arm-none-eabi-10.3-2021.10-win32/gcc-arm-none-eabi-10.3-2021.10/bin/../lib/gcc/arm-none-eabi/10.3.1/thumb/v7-m/nofp\libgcc.a(_arm_fixunssfsi.o)
                              CMakeFiles/v1.elf.dir/control/control.c.obj (__aeabi_f2uiz)
d:/clion/tools/gcc-arm-none-eabi-10.3-2021.10-win32/gcc-arm-none-eabi-10.3-2021.10/bin/../lib/gcc/arm-none-eabi/10.3.1/../../../../arm-none-eabi/lib/thumb/v7-m/nofp\libg.a(lib_a-atoff.o)
                              CMakeFiles/v1.elf.dir/Core/Src/usart.c.obj (atoff)
d:/clion/tools/gcc-arm-none-eabi-10.3-2021.10-win32/gcc-arm-none-eabi-10.3-2021.10/bin/../lib/gcc/arm-none-eabi/10.3.1/../../../../arm-none-eabi/lib/thumb/v7-m/nofp\libg.a(lib_a-errno.o)
                              CMakeFiles/v1.elf.dir/Core/Src/syscalls.c.obj (__errno)
d:/clion/tools/gcc-arm-none-eabi-10.3-2021.10-win32/gcc-arm-none-eabi-10.3-2021.10/bin/../lib/gcc/arm-none-eabi/10.3.1/../../../../arm-none-eabi/lib/thumb/v7-m/nofp\libg.a(lib_a-exit.o)
                              d:/clion/tools/gcc-arm-none-eabi-10.3-2021.10-win32/gcc-arm-none-eabi-10.3-2021.10/bin/../lib/gcc/arm-none-eabi/10.3.1/../../../../arm-none-eabi/lib/thumb/v7-m/nofp/crt0.o (exit)
d:/clion/tools/gcc-arm-none-eabi-10.3-2021.10-win32/gcc-arm-none-eabi-10.3-2021.10/bin/../lib/gcc/arm-none-eabi/10.3.1/../../../../arm-none-eabi/lib/thumb/v7-m/nofp\libg.a(lib_a-impure.o)
                              d:/clion/tools/gcc-arm-none-eabi-10.3-2021.10-win32/gcc-arm-none-eabi-10.3-2021.10/bin/../lib/gcc/arm-none-eabi/10.3.1/../../../../arm-none-eabi/lib/thumb/v7-m/nofp\libg.a(lib_a-exit.o) (_global_impure_ptr)
d:/clion/tools/gcc-arm-none-eabi-10.3-2021.10-win32/gcc-arm-none-eabi-10.3-2021.10/bin/../lib/gcc/arm-none-eabi/10.3.1/../../../../arm-none-eabi/lib/thumb/v7-m/nofp\libg.a(lib_a-init.o)
                              d:/clion/tools/gcc-arm-none-eabi-10.3-2021.10-win32/gcc-arm-none-eabi-10.3-2021.10/bin/../lib/gcc/arm-none-eabi/10.3.1/../../../../arm-none-eabi/lib/thumb/v7-m/nofp/crt0.o (__libc_init_array)
d:/clion/tools/gcc-arm-none-eabi-10.3-2021.10-win32/gcc-arm-none-eabi-10.3-2021.10/bin/../lib/gcc/arm-none-eabi/10.3.1/../../../../arm-none-eabi/lib/thumb/v7-m/nofp\libg.a(lib_a-memset.o)
                              d:/clion/tools/gcc-arm-none-eabi-10.3-2021.10-win32/gcc-arm-none-eabi-10.3-2021.10/bin/../lib/gcc/arm-none-eabi/10.3.1/../../../../arm-none-eabi/lib/thumb/v7-m/nofp/crt0.o (memset)
d:/clion/tools/gcc-arm-none-eabi-10.3-2021.10-win32/gcc-arm-none-eabi-10.3-2021.10/bin/../lib/gcc/arm-none-eabi/10.3.1/../../../../arm-none-eabi/lib/thumb/v7-m/nofp\libg.a(lib_a-sprintf.o)
                              CMakeFiles/v1.elf.dir/Core/Src/main.c.obj (sprintf)
d:/clion/tools/gcc-arm-none-eabi-10.3-2021.10-win32/gcc-arm-none-eabi-10.3-2021.10/bin/../lib/gcc/arm-none-eabi/10.3.1/../../../../arm-none-eabi/lib/thumb/v7-m/nofp\libg.a(lib_a-strstr.o)
                              CMakeFiles/v1.elf.dir/Core/Src/usart.c.obj (strstr)
d:/clion/tools/gcc-arm-none-eabi-10.3-2021.10-win32/gcc-arm-none-eabi-10.3-2021.10/bin/../lib/gcc/arm-none-eabi/10.3.1/../../../../arm-none-eabi/lib/thumb/v7-m/nofp\libg.a(lib_a-strtod.o)
                              d:/clion/tools/gcc-arm-none-eabi-10.3-2021.10-win32/gcc-arm-none-eabi-10.3-2021.10/bin/../lib/gcc/arm-none-eabi/10.3.1/../../../../arm-none-eabi/lib/thumb/v7-m/nofp\libg.a(lib_a-atoff.o) (strtof)
d:/clion/tools/gcc-arm-none-eabi-10.3-2021.10-win32/gcc-arm-none-eabi-10.3-2021.10/bin/../lib/gcc/arm-none-eabi/10.3.1/../../../../arm-none-eabi/lib/thumb/v7-m/nofp\libg.a(lib_a-svfprintf.o)
                              d:/clion/tools/gcc-arm-none-eabi-10.3-2021.10-win32/gcc-arm-none-eabi-10.3-2021.10/bin/../lib/gcc/arm-none-eabi/10.3.1/../../../../arm-none-eabi/lib/thumb/v7-m/nofp\libg.a(lib_a-sprintf.o) (_svfprintf_r)
[...]
Memory Configuration

Name             Origin             Length             Attributes
RAM              0x20000000         0x00005000         xrw
FLASH            0x08000000         0x00020000         xr
*default*        0x00000000         0xffffffff

Linker script and memory map

LOAD d:/clion/tools/gcc-arm-none-eabi-10.3-2021.10-win32/gcc-arm-none-eabi-10.3-2021.10/bin/../lib/gcc/arm-none-eabi/10.3.1/thumb/v7-m/nofp/crti.o
LOAD d:/clion/tools/gcc-arm-none-eabi-10.3-2021.10-win32/gcc-arm-none-eabi-10.3-2021.10/bin/../lib/gcc/arm-none-eabi/10.3.1/thumb/v7-m/nofp/crtbegin.o
LOAD d:/clion/tools/gcc-arm-none-eabi-10.3-2021.10-win32/gcc-arm-none-eabi-10.3-2021.10/bin/../lib/gcc/arm-none-eabi/10.3.1/../../../../arm-none-eabi/lib/thumb/v7-m/nofp/crt0.o
LOAD CMakeFiles/v1.elf.dir/Core/Src/gpio.c.obj
LOAD CMakeFiles/v1.elf.dir/Core/Src/main.c.obj
LOAD CMakeFiles/v1.elf.dir/Core/Src/stm32f1xx_hal_msp.c.obj
LOAD CMakeFiles/v1.elf.dir/Core/Src/stm32f1xx_it.c.obj
LOAD CMakeFiles/v1.elf.dir/Core/Src/syscalls.c.obj
LOAD CMakeFiles/v1.elf.dir/Core/Src/sysmem.c.obj
LOAD CMakeFiles/v1.elf.dir/Core/Src/system_stm32f1xx.c.obj
LOAD CMakeFiles/v1.elf.dir/Core/Src/tim.c.obj
LOAD CMakeFiles/v1.elf.dir/Core/Src/usart.c.obj
LOAD CMakeFiles/v1.elf.dir/Core/Startup/startup_stm32f103c8tx.s.obj
LOAD CMakeFiles/v1.elf.dir/Drivers/STM32F1xx_HAL_Driver/Src/stm32f1xx_hal.c.obj
LOAD CMakeFiles/v1.elf.dir/Drivers/STM32F1xx_HAL_Driver/Src/stm32f1xx_hal_cortex.c.obj
LOAD CMakeFiles/v1.elf.dir/Drivers/STM32F1xx_HAL_Driver/Src/stm32f1xx_hal_dma.c.obj
LOAD CMakeFiles/v1.elf.dir/Drivers/STM32F1xx_HAL_Driver/Src/stm32f1xx_hal_exti.c.obj
LOAD CMakeFiles/v1.elf.dir/Drivers/STM32F1xx_HAL_Driver/Src/stm32f1xx_hal_flash.c.obj
LOAD CMakeFiles/v1.elf.dir/Drivers/STM32F1xx_HAL_Driver/Src/stm32f1xx_hal_flash_ex.c.obj
LOAD CMakeFiles/v1.elf.dir/Drivers/STM32F1xx_HAL_Driver/Src/stm32f1xx_hal_gpio.c.obj
LOAD CMakeFiles/v1.elf.dir/Drivers/STM32F1xx_HAL_Driver/Src/stm32f1xx_hal_gpio_ex.c.obj
LOAD CMakeFiles/v1.elf.dir/Drivers/STM32F1xx_HAL_Driver/Src/stm32f1xx_hal_pwr.c.obj
LOAD CMakeFiles/v1.elf.dir/Drivers/STM32F1xx_HAL_Driver/Src/stm32f1xx_hal_rcc.c.obj
LOAD CMakeFiles/v1.elf.dir/Drivers/STM32F1xx_HAL_Driver/Src/stm32f1xx_hal_rcc_ex.c.obj
LOAD CMakeFiles/v1.elf.dir/Drivers/STM32F1xx_HAL_Driver/Src/stm32f1xx_hal_tim.c.obj
LOAD CMakeFiles/v1.elf.dir/Drivers/STM32F1xx_HAL_Driver/Src/stm32f1xx_hal_tim_ex.c.obj
LOAD CMakeFiles/v1.elf.dir/Drivers/STM32F1xx_HAL_Driver/Src/stm32f1xx_hal_uart.c.obj
LOAD CMakeFiles/v1.elf.dir/control/control.c.obj
LOAD CMakeFiles/v1.elf.dir/oled_sim/oled.c.obj
LOAD CMakeFiles/v1.elf.dir/pid/PID.c.obj
START GROUP
LOAD d:/clion/tools/gcc-arm-none-eabi-10.3-2021.10-win32/gcc-arm-none-eabi-10.3-2021.10/bin/../lib/gcc/arm-none-eabi/10.3.1/thumb/v7-m/nofp\libgcc.a
LOAD d:/clion/tools/gcc-arm-none-eabi-10.3-2021.10-win32/gcc-arm-none-eabi-10.3-2021.10/bin/../lib/gcc/arm-none-eabi/10.3.1/../../../../arm-none-eabi/lib/thumb/v7-m/nofp\libg.a
LOAD d:/clion/tools/gcc-arm-none-eabi-10.3-2021.10-win32/gcc-arm-none-eabi-10.3-2021.10/bin/../lib/gcc/arm-none-eabi/10.3.1/../../../../arm-none-eabi/lib/thumb/v7-m/nofp\libc.a
END GROUP
LOAD d:/clion/tools/gcc-arm-none-eabi-10.3-2021.10-win32/gcc-arm-none-eabi-10.3-2021.10/bin/../lib/gcc/arm-none-eabi/10.3.1/thumb/v7-m/nofp/crtend.o
LOAD d:/clion/tools/gcc-arm-none-eabi-10.3-2021.10-win32/gcc-arm-none-eabi-10.3-2021.10/bin/../lib/gcc/arm-none-eabi/10.3.1/thumb/v7-m/nofp/crtn.o
                0x20005000                _estack = (ORIGIN (RAM) + LENGTH (RAM))
                0x00000200                _Min_Heap_Size = 0x200
                0x00000400                _Min_Stack_Size = 0x400

.isr_vector     0x08000000      0x10c
                0x08000000                . = ALIGN (0x4)
 *(.isr_vector)
 .isr_vector    0x08000000      0x10c CMakeFiles/v1.elf.dir/Core/Startup/startup_stm32f103c8tx.s.obj
                0x08000000                g_pfnVectors
                0x0800010c                . = ALIGN (0x4)

.text           0x08000110     0xbbd8
                0x08000110                . = ALIGN (0x4)
 *(.text)
 .text          0x08000110       0x40 d:/clion/tools/gcc-arm-none-eabi-10.3-2021.10-win32/gcc-arm-none-eabi-10.3-2021.10/bin/../lib/gcc/arm-none-eabi/10.3.1/thumb/v7-m/nofp/crtbegin.o
 .text          0x08000150      0x168 d:/clion/tools/gcc-arm-none-eabi-10.3-2021.10-win32/gcc-arm-none-eabi-10.3-2021.10/bin/../lib/gcc/arm-none-eabi/10.3.1/thumb/v7-m/nofp\libgcc.a(_arm_mulsf3.o)
                0x08000150                __aeabi_fmul
                0x08000150                __mulsf3
 .text          0x080002b8      0x21c d:/clion/tools/gcc-arm-none-eabi-10.3-2021.10-win32/gcc-arm-none-eabi-10.3-2021.10/bin/../lib/gcc/arm-none-eabi/10.3.1/thumb/v7-m/nofp\libgcc.a(_arm_addsubsf3.o)
                0x080002b8                __aeabi_frsub
                0x080002c0                __subsf3
                0x080002c0                __aeabi_fsub
                0x080002c4                __aeabi_fadd
                0x080002c4                __addsf3
                0x08000424                __aeabi_ui2f
                0x08000424                __floatunsisf
                0x0800042c                __aeabi_i2f
                0x0800042c                __floatsisf
                0x08000448                __aeabi_ul2f
                0x08000448                __floatundisf
                0x08000458                __aeabi_l2f
                0x08000458                __floatdisf
 .text          0x080004d4       0xec d:/clion/tools/gcc-arm-none-eabi-10.3-2021.10-win32/gcc-arm-none-eabi-10.3-2021.10/bin/../lib/gcc/arm-none-eabi/10.3.1/thumb/v7-m/nofp\libgcc.a(_arm_cmpsf2.o)
                0x080004d4                __gesf2
                0x080004d4                __gtsf2
                0x080004dc                __lesf2
                0x080004dc                __ltsf2
                0x080004e4                __nesf2
                0x080004e4                __eqsf2
                0x080004e4                __cmpsf2
                0x08000544                __aeabi_cfrcmple
                0x0800054c                __aeabi_cfcmpeq
                0x0800054c                __aeabi_cfcmple
                0x0800055c                __aeabi_fcmpeq
                0x08000570                __aeabi_fcmplt
                0x08000584                __aeabi_fcmple
                0x08000598                __aeabi_fcmpge
                0x080005ac                __aeabi_fcmpgt
 .text          0x080005c0       0x4c d:/clion/tools/gcc-arm-none-eabi-10.3-2021.10-win32/gcc-arm-none-eabi-10.3-2021.10/bin/../lib/gcc/arm-none-eabi/10.3.1/thumb/v7-m/nofp\libgcc.a(_arm_fixsfsi.o)
                0x080005c0                __aeabi_f2iz
                0x080005c0                __fixsfsi
 .text          0x0800060c       0x40 d:/clion/tools/gcc-arm-none-eabi-10.3-2021.10-win32/gcc-arm-none-eabi-10.3-2021.10/bin/../lib/gcc/arm-none-eabi/10.3.1/thumb/v7-m/nofp\libgcc.a(_arm_fixunssfsi.o)
                0x0800060c                __fixunssfsi
                0x0800060c                __aeabi_f2uiz
 .text          0x0800064c       0xec d:/clion/tools/gcc-arm-none-eabi-10.3-2021.10-win32/gcc-arm-none-eabi-10.3-2021.10/bin/../lib/gcc/arm-none-eabi/10.3.1/../../../../arm-none-eabi/lib/thumb/v7-m/nofp\libg.a(lib_a-memcpy.o)
                0x0800064c                memcpy
 .text          0x08000738      0x378 d:/clion/tools/gcc-arm-none-eabi-10.3-2021.10-win32/gcc-arm-none-eabi-10.3-2021.10/bin/../lib/gcc/arm-none-eabi/10.3.1/thumb/v7-m/nofp\libgcc.a(_arm_addsubdf3.o)
                0x08000738                __aeabi_drsub
                0x08000740                __aeabi_dsub
                0x08000740                __subdf3
                0x08000744                __aeabi_dadd
                0x08000744                __adddf3
                0x080009bc                __floatunsidf
                0x080009bc                __aeabi_ui2d
                0x080009dc                __floatsidf
                0x080009dc                __aeabi_i2d
                0x08000a00                __aeabi_f2d
                0x08000a00                __extendsfdf2
                0x08000a44                __floatundidf
                0x08000a44                __aeabi_ul2d
                0x08000a54                __floatdidf
                0x08000a54                __aeabi_l2d
 .text          0x08000ab0      0x424 d:/clion/tools/gcc-arm-none-eabi-10.3-2021.10-win32/gcc-arm-none-eabi-10.3-2021.10/bin/../lib/gcc/arm-none-eabi/10.3.1/thumb/v7-m/nofp\libgcc.a(_arm_muldivdf3.o)
                0x08000ab0                __aeabi_dmul
                0x08000ab0                __muldf3
                0x08000d04                __divdf3
                0x08000d04                __aeabi_ddiv
 .text          0x08000ed4      0x110 d:/clion/tools/gcc-arm-none-eabi-10.3-2021.10-win32/gcc-arm-none-eabi-10.3-2021.10/bin/../lib/gcc/arm-none-eabi/10.3.1/thumb/v7-m/nofp\libgcc.a(_arm_cmpdf2.o)
                0x08000ed4                __gtdf2
                0x08000ed4                __gedf2
                0x08000edc                __ltdf2
                0x08000edc                __ledf2
                0x08000ee4                __nedf2
                0x08000ee4                __eqdf2
                0x08000ee4                __cmpdf2
                0x08000f60                __aeabi_cdrcmple
                0x08000f70                __aeabi_cdcmpeq
                0x08000f70                __aeabi_cdcmple
                0x08000f80                __aeabi_dcmpeq
                0x08000f94                __aeabi_dcmplt
                0x08000fa8                __aeabi_dcmple
                0x08000fbc                __aeabi_dcmpge
                0x08000fd0                __aeabi_dcmpgt
 .text          0x08000fe4       0x2c d:/clion/tools/gcc-arm-none-eabi-10.3-2021.10-win32/gcc-arm-none-eabi-10.3-2021.10/bin/../lib/gcc/arm-none-eabi/10.3.1/thumb/v7-m/nofp\libgcc.a(_arm_unorddf2.o)
                0x08000fe4                __unorddf2
                0x08000fe4                __aeabi_dcmpun
 .text          0x08001010       0x50 d:/clion/tools/gcc-arm-none-eabi-10.3-2021.10-win32/gcc-arm-none-eabi-10.3-2021.10/bin/../lib/gcc/arm-none-eabi/10.3.1/thumb/v7-m/nofp\libgcc.a(_arm_fixdfsi.o)
                0x08001010                __aeabi_d2iz
                0x08001010                __fixdfsi
 .text          0x08001060       0x40 d:/clion/tools/gcc-arm-none-eabi-10.3-2021.10-win32/gcc-arm-none-eabi-10.3-2021.10/bin/../lib/gcc/arm-none-eabi/10.3.1/thumb/v7-m/nofp\libgcc.a(_arm_fixunsdfsi.o)
                0x08001060                __aeabi_d2uiz
                0x08001060                __fixunsdfsi
 .text          0x080010a0       0xa0 d:/clion/tools/gcc-arm-none-eabi-10.3-2021.10-win32/gcc-arm-none-eabi-10.3-2021.10/bin/../lib/gcc/arm-none-eabi/10.3.1/thumb/v7-m/nofp\libgcc.a(_arm_truncdfsf2.o)
                0x080010a0                __truncdfsf2
                0x080010a0                __aeabi_d2f
 .text          0x08001140       0x2c d:/clion/tools/gcc-arm-none-eabi-10.3-2021.10-win32/gcc-arm-none-eabi-10.3-2021.10/bin/../lib/gcc/arm-none-eabi/10.3.1/thumb/v7-m/nofp\libgcc.a(_arm_unordsf2.o)
                0x08001140                __unordsf2
                0x08001140                __aeabi_fcmpun
 .text          0x0800116c       0x30 d:/clion/tools/gcc-arm-none-eabi-10.3-2021.10-win32/gcc-arm-none-eabi-10.3-2021.10/bin/../lib/gcc/arm-none-eabi/10.3.1/thumb/v7-m/nofp\libgcc.a(_aeabi_uldivmod.o)
                0x0800116c                __aeabi_uldivmod
 .text          0x0800119c       0x34 d:/clion/tools/gcc-arm-none-eabi-10.3-2021.10-win32/gcc-arm-none-eabi-10.3-2021.10/bin/../lib/gcc/arm-none-eabi/10.3.1/thumb/v7-m/nofp\libgcc.a(_fixdfdi.o)
                0x0800119c                __fixdfdi
                0x0800119c                __aeabi_d2lz
 .text          0x080011d0       0x3c d:/clion/tools/gcc-arm-none-eabi-10.3-2021.10-win32/gcc-arm-none-eabi-10.3-2021.10/bin/../lib/gcc/arm-none-eabi/10.3.1/thumb/v7-m/nofp\libgcc.a(_fixunsdfdi.o)
                0x080011d0                __fixunsdfdi
                0x080011d0                __aeabi_d2ulz
 .text          0x0800120c      0x2d4 d:/clion/tools/gcc-arm-none-eabi-10.3-2021.10-win32/gcc-arm-none-eabi-10.3-2021.10/bin/../lib/gcc/arm-none-eabi/10.3.1/thumb/v7-m/nofp\libgcc.a(_udivmoddi4.o)
                0x0800120c                __udivmoddi4
 .text          0x080014e0        0x4 d:/clion/tools/gcc-arm-none-eabi-10.3-2021.10-win32/gcc-arm-none-eabi-10.3-2021.10/bin/../lib/gcc/arm-none-eabi/10.3.1/thumb/v7-m/nofp\libgcc.a(_dvmd_tls.o)
                0x080014e0                __aeabi_idiv0
                0x080014e0                __aeabi_ldiv0
 *(.text*)
 .text.MX_GPIO_Init
                0x080014e4       0xb4 CMakeFiles/v1.elf.dir/Core/Src/gpio.c.obj
                0x080014e4                MX_GPIO_Init
 .text.__io_putchar
                0x08001598       0x20 CMakeFiles/v1.elf.dir/Core/Src/main.c.obj
                0x08001598                __io_putchar
 .text.Error_Handler
                0x080015b8        0x4 CMakeFiles/v1.elf.dir/Core/Src/main.c.obj
                0x080015b8                Error_Handler
 .text.SystemClock_Config
                0x080015bc       0x64 CMakeFiles/v1.elf.dir/Core/Src/main.c.obj
                0x080015bc                SystemClock_Config
 .text.main     0x08001620       0xb8 CMakeFiles/v1.elf.dir/Core/Src/main.c.obj
                0x08001620                main
 .text.HAL_MspInit
                0x080016d8       0x44 CMakeFiles/v1.elf.dir/Core/Src/stm32f1xx_hal_msp.c.obj
                0x080016d8                HAL_MspInit
 .text.NMI_Handler
                0x0800171c        0x2 CMakeFiles/v1.elf.dir/Core/Src/stm32f1xx_it.c.obj
                0x0800171c                NMI_Handler
 .text.HardFault_Handler
                0x0800171e        0x2 CMakeFiles/v1.elf.dir/Core/Src/stm32f1xx_it.c.obj
                0x0800171e                HardFault_Handler
 .text.MemManage_Handler
                0x08001720        0x2 CMakeFiles/v1.elf.dir/Core/Src/stm32f1xx_it.c.obj
                0x08001720                MemManage_Handler
 .text.BusFault_Handler
                0x08001722        0x2 CMakeFiles/v1.elf.dir/Core/Src/stm32f1xx_it.c.obj
                0x08001722                BusFault_Handler
 .text.UsageFault_Handler
                0x08001724        0x2 CMakeFiles/v1.elf.dir/Core/Src/stm32f1xx_it.c.obj
                0x08001724                UsageFault_Handler
 .text.SVC_Handler
                0x08001726        0x2 CMakeFiles/v1.elf.dir/Core/Src/stm32f1xx_it.c.obj
                0x08001726                SVC_Handler
 .text.DebugMon_Handler
                0x08001728        0x2 CMakeFiles/v1.elf.dir/Core/Src/stm32f1xx_it.c.obj
                0x08001728                DebugMon_Handler
 .text.PendSV_Handler
                0x0800172a        0x2 CMakeFiles/v1.elf.dir/Core/Src/stm32f1xx_it.c.obj
                0x0800172a                PendSV_Handler
 .text.SysTick_Handler
                0x0800172c        0x8 CMakeFiles/v1.elf.dir/Core/Src/stm32f1xx_it.c.obj
                0x0800172c                SysTick_Handler
 .text.TIM4_IRQHandler
                0x08001734       0x10 CMakeFiles/v1.elf.dir/Core/Src/stm32f1xx_it.c.obj
                0x08001734                TIM4_IRQHandler
 .text.USART1_IRQHandler
                0x08001744       0x10 CMakeFiles/v1.elf.dir/Core/Src/stm32f1xx_it.c.obj
                0x08001744                USART1_IRQHandler
 .text.USART2_IRQHandler
                0x08001754       0x10 CMakeFiles/v1.elf.dir/Core/Src/stm32f1xx_it.c.obj
                0x08001754                USART2_IRQHandler
 .text._getpid  0x08001764        0x4 CMakeFiles/v1.elf.dir/Core/Src/syscalls.c.obj
                0x08001764                _getpid
 .text._kill    0x08001768       0x10 CMakeFiles/v1.elf.dir/Core/Src/syscalls.c.obj
                0x08001768                _kill
 .text._exit    0x08001778        0xc CMakeFiles/v1.elf.dir/Core/Src/syscalls.c.obj
                0x08001778                _exit
 .text._read    0x08001784       0x20 CMakeFiles/v1.elf.dir/Core/Src/syscalls.c.obj
                0x08001784                _read
 .text._write   0x080017a4       0x1c CMakeFiles/v1.elf.dir/Core/Src/syscalls.c.obj
                0x080017a4                _write
 .text._close   0x080017c0        0x6 CMakeFiles/v1.elf.dir/Core/Src/syscalls.c.obj
                0x080017c0                _close
 .text._fstat   0x080017c6        0xa CMakeFiles/v1.elf.dir/Core/Src/syscalls.c.obj
                0x080017c6                _fstat
 .text._isatty  0x080017d0        0x4 CMakeFiles/v1.elf.dir/Core/Src/syscalls.c.obj
                0x080017d0                _isatty
 .text._lseek   0x080017d4        0x4 CMakeFiles/v1.elf.dir/Core/Src/syscalls.c.obj
                0x080017d4                _lseek
 .text._sbrk    0x080017d8       0x48 CMakeFiles/v1.elf.dir/Core/Src/sysmem.c.obj
                0x080017d8                _sbrk
 .text.SystemInit
                0x08001820        0x2 CMakeFiles/v1.elf.dir/Core/Src/system_stm32f1xx.c.obj
                0x08001820                SystemInit
 *fill*         0x08001822        0x2 
 .text.HAL_TIM_PeriodElapsedCallback
                0x08001824       0x88 CMakeFiles/v1.elf.dir/Core/Src/tim.c.obj
                0x08001824                HAL_TIM_PeriodElapsedCallback
 .text.MX_TIM4_Init
                0x080018ac       0x70 CMakeFiles/v1.elf.dir/Core/Src/tim.c.obj
                0x080018ac                MX_TIM4_Init
 .text.HAL_TIM_Base_MspInit
                0x0800191c       0x60 CMakeFiles/v1.elf.dir/Core/Src/tim.c.obj
                0x0800191c                HAL_TIM_Base_MspInit
 .text.HAL_TIM_MspPostInit
                0x0800197c       0x88 CMakeFiles/v1.elf.dir/Core/Src/tim.c.obj
                0x0800197c                HAL_TIM_MspPostInit
 .text.MX_TIM2_Init
                0x08001a04       0xc0 CMakeFiles/v1.elf.dir/Core/Src/tim.c.obj
                0x08001a04                MX_TIM2_Init
 .text.HAL_UART_RxCpltCallback
                0x08001ac4       0x98 CMakeFiles/v1.elf.dir/Core/Src/usart.c.obj
                0x08001ac4                HAL_UART_RxCpltCallback
 .text.MX_USART1_UART_Init
                0x08001b5c       0x34 CMakeFiles/v1.elf.dir/Core/Src/usart.c.obj
                0x08001b5c                MX_USART1_UART_Init
 .text.MX_USART2_UART_Init
                0x08001b90       0x34 CMakeFiles/v1.elf.dir/Core/Src/usart.c.obj
                0x08001b90                MX_USART2_UART_Init
 .text.HAL_UART_MspInit
                0x08001bc4      0x108 CMakeFiles/v1.elf.dir/Core/Src/usart.c.obj
                0x08001bc4                HAL_UART_MspInit
 .text.Reset_Handler
                0x08001ccc       0x48 CMakeFiles/v1.elf.dir/Core/Startup/startup_stm32f103c8tx.s.obj
                0x08001ccc                Reset_Handler
 .text.Default_Handler
                0x08001d14        0x2 CMakeFiles/v1.elf.dir/Core/Startup/startup_stm32f103c8tx.s.obj
                0x08001d14                RTC_Alarm_IRQHandler
                0x08001d14                EXTI2_IRQHandler
                0x08001d14                TIM1_CC_IRQHandler
                0x08001d14                PVD_IRQHandler
                0x08001d14                EXTI3_IRQHandler
                0x08001d14                EXTI0_IRQHandler
                0x08001d14                I2C2_EV_IRQHandler
                0x08001d14                ADC1_2_IRQHandler
                0x08001d14                SPI1_IRQHandler
                0x08001d14                TAMPER_IRQHandler
                0x08001d14                DMA1_Channel4_IRQHandler
                0x08001d14                USART3_IRQHandler
                0x08001d14                RTC_IRQHandler
                0x08001d14                DMA1_Channel7_IRQHandler
                0x08001d14                CAN1_RX1_IRQHandler
                0x08001d14                I2C1_EV_IRQHandler
                0x08001d14                DMA1_Channel6_IRQHandler
                0x08001d14                TIM3_IRQHandler
                0x08001d14                RCC_IRQHandler
                0x08001d14                TIM1_TRG_COM_IRQHandler
                0x08001d14                DMA1_Channel1_IRQHandler
                0x08001d14                Default_Handler
                0x08001d14                EXTI15_10_IRQHandler
                0x08001d14                EXTI9_5_IRQHandler
                0x08001d14                SPI2_IRQHandler
                0x08001d14                DMA1_Channel5_IRQHandler
                0x08001d14                EXTI4_IRQHandler
                0x08001d14                USB_LP_CAN1_RX0_IRQHandler
                0x08001d14                USB_HP_CAN1_TX_IRQHandler
                0x08001d14                DMA1_Channel3_IRQHandler
                0x08001d14                TIM1_UP_IRQHandler
                0x08001d14                WWDG_IRQHandler
                0x08001d14                TIM2_IRQHandler
                0x08001d14                TIM1_BRK_IRQHandler
                0x08001d14                EXTI1_IRQHandler
                0x08001d14                I2C2_ER_IRQHandler
                0x08001d14                DMA1_Channel2_IRQHandler
                0x08001d14                CAN1_SCE_IRQHandler
                0x08001d14                FLASH_IRQHandler
                0x08001d14                I2C1_ER_IRQHandler
                0x08001d14                USBWakeUp_IRQHandler
 *fill*         0x08001d16        0x2 
 .text.HAL_InitTick
                0x08001d18       0x4c CMakeFiles/v1.elf.dir/Drivers/STM32F1xx_HAL_Driver/Src/stm32f1xx_hal.c.obj
                0x08001d18                HAL_InitTick
 .text.HAL_Init
                0x08001d64       0x24 CMakeFiles/v1.elf.dir/Drivers/STM32F1xx_HAL_Driver/Src/stm32f1xx_hal.c.obj
                0x08001d64                HAL_Init
 .text.HAL_IncTick
                0x08001d88       0x18 CMakeFiles/v1.elf.dir/Drivers/STM32F1xx_HAL_Driver/Src/stm32f1xx_hal.c.obj
                0x08001d88                HAL_IncTick
 .text.HAL_GetTick
                0x08001da0        0xc CMakeFiles/v1.elf.dir/Drivers/STM32F1xx_HAL_Driver/Src/stm32f1xx_hal.c.obj
                0x08001da0                HAL_GetTick
 .text.HAL_Delay
                0x08001dac       0x28 CMakeFiles/v1.elf.dir/Drivers/STM32F1xx_HAL_Driver/Src/stm32f1xx_hal.c.obj
                0x08001dac                HAL_Delay
 .text.HAL_NVIC_SetPriorityGrouping
                0x08001dd4       0x24 CMakeFiles/v1.elf.dir/Drivers/STM32F1xx_HAL_Driver/Src/stm32f1xx_hal_cortex.c.obj
                0x08001dd4                HAL_NVIC_SetPriorityGrouping
 .text.HAL_NVIC_SetPriority
                0x08001df8       0x70 CMakeFiles/v1.elf.dir/Drivers/STM32F1xx_HAL_Driver/Src/stm32f1xx_hal_cortex.c.obj
                0x08001df8                HAL_NVIC_SetPriority
 .text.HAL_NVIC_EnableIRQ
                0x08001e68       0x1c CMakeFiles/v1.elf.dir/Drivers/STM32F1xx_HAL_Driver/Src/stm32f1xx_hal_cortex.c.obj
                0x08001e68                HAL_NVIC_EnableIRQ
 .text.HAL_SYSTICK_Config
                0x08001e84       0x28 CMakeFiles/v1.elf.dir/Drivers/STM32F1xx_HAL_Driver/Src/stm32f1xx_hal_cortex.c.obj
                0x08001e84                HAL_SYSTICK_Config
 .text.HAL_DMA_Abort
                0x08001eac       0x46 CMakeFiles/v1.elf.dir/Drivers/STM32F1xx_HAL_Driver/Src/stm32f1xx_hal_dma.c.obj
                0x08001eac                HAL_DMA_Abort
 *fill*         0x08001ef2        0x2 
 .text.HAL_DMA_Abort_IT
                0x08001ef4       0x98 CMakeFiles/v1.elf.dir/Drivers/STM32F1xx_HAL_Driver/Src/stm32f1xx_hal_dma.c.obj
                0x08001ef4                HAL_DMA_Abort_IT
 .text.HAL_GPIO_Init
                0x08001f8c      0x224 CMakeFiles/v1.elf.dir/Drivers/STM32F1xx_HAL_Driver/Src/stm32f1xx_hal_gpio.c.obj
                0x08001f8c                HAL_GPIO_Init
 .text.HAL_GPIO_WritePin
                0x080021b0        0xc CMakeFiles/v1.elf.dir/Drivers/STM32F1xx_HAL_Driver/Src/stm32f1xx_hal_gpio.c.obj
                0x080021b0                HAL_GPIO_WritePin
 .text.HAL_GPIO_TogglePin
                0x080021bc       0x12 CMakeFiles/v1.elf.dir/Drivers/STM32F1xx_HAL_Driver/Src/stm32f1xx_hal_gpio.c.obj
                0x080021bc                HAL_GPIO_TogglePin
 *fill*         0x080021ce        0x2 
 .text.RCC_Delay
                0x080021d0       0x2c CMakeFiles/v1.elf.dir/Drivers/STM32F1xx_HAL_Driver/Src/stm32f1xx_hal_rcc.c.obj
 .text.HAL_RCC_OscConfig
                0x080021fc      0x410 CMakeFiles/v1.elf.dir/Drivers/STM32F1xx_HAL_Driver/Src/stm32f1xx_hal_rcc.c.obj
                0x080021fc                HAL_RCC_OscConfig
 .text.HAL_RCC_GetSysClockFreq
                0x0800260c       0x54 CMakeFiles/v1.elf.dir/Drivers/STM32F1xx_HAL_Driver/Src/stm32f1xx_hal_rcc.c.obj
                0x0800260c                HAL_RCC_GetSysClockFreq
 .text.HAL_RCC_ClockConfig
                0x08002660      0x16c CMakeFiles/v1.elf.dir/Drivers/STM32F1xx_HAL_Driver/Src/stm32f1xx_hal_rcc.c.obj
                0x08002660                HAL_RCC_ClockConfig
 .text.HAL_RCC_GetHCLKFreq
                0x080027cc        0xc CMakeFiles/v1.elf.dir/Drivers/STM32F1xx_HAL_Driver/Src/stm32f1xx_hal_rcc.c.obj
                0x080027cc                HAL_RCC_GetHCLKFreq
 .text.HAL_RCC_GetPCLK1Freq
                0x080027d8       0x20 CMakeFiles/v1.elf.dir/Drivers/STM32F1xx_HAL_Driver/Src/stm32f1xx_hal_rcc.c.obj
                0x080027d8                HAL_RCC_GetPCLK1Freq
 .text.HAL_RCC_GetPCLK2Freq
                0x080027f8       0x20 CMakeFiles/v1.elf.dir/Drivers/STM32F1xx_HAL_Driver/Src/stm32f1xx_hal_rcc.c.obj
                0x080027f8                HAL_RCC_GetPCLK2Freq
 .text.TIM_OC1_SetConfig
                0x08002818       0x5c CMakeFiles/v1.elf.dir/Drivers/STM32F1xx_HAL_Driver/Src/stm32f1xx_hal_tim.c.obj
 .text.TIM_OC3_SetConfig
                0x08002874       0x64 CMakeFiles/v1.elf.dir/Drivers/STM32F1xx_HAL_Driver/Src/stm32f1xx_hal_tim.c.obj
 .text.TIM_OC4_SetConfig
                0x080028d8       0x48 CMakeFiles/v1.elf.dir/Drivers/STM32F1xx_HAL_Driver/Src/stm32f1xx_hal_tim.c.obj
 .text.TIM_TI1_ConfigInputStage
                0x08002920       0x24 CMakeFiles/v1.elf.dir/Drivers/STM32F1xx_HAL_Driver/Src/stm32f1xx_hal_tim.c.obj
 .text.TIM_TI2_ConfigInputStage
                0x08002944       0x26 CMakeFiles/v1.elf.dir/Drivers/STM32F1xx_HAL_Driver/Src/stm32f1xx_hal_tim.c.obj
 .text.TIM_ITRx_SetConfig
                0x0800296a       0x10 CMakeFiles/v1.elf.dir/Drivers/STM32F1xx_HAL_Driver/Src/stm32f1xx_hal_tim.c.obj
 *fill*         0x0800297a        0x2 
 .text.HAL_TIM_Base_Start_IT
                0x0800297c       0x68 CMakeFiles/v1.elf.dir/Drivers/STM32F1xx_HAL_Driver/Src/stm32f1xx_hal_tim.c.obj
                0x0800297c                HAL_TIM_Base_Start_IT
 .text.HAL_TIM_PWM_MspInit
                0x080029e4        0x2 CMakeFiles/v1.elf.dir/Drivers/STM32F1xx_HAL_Driver/Src/stm32f1xx_hal_tim.c.obj
                0x080029e4                HAL_TIM_PWM_MspInit
 .text.HAL_TIM_OC_DelayElapsedCallback
                0x080029e6        0x2 CMakeFiles/v1.elf.dir/Drivers/STM32F1xx_HAL_Driver/Src/stm32f1xx_hal_tim.c.obj
                0x080029e6                HAL_TIM_OC_DelayElapsedCallback
 .text.HAL_TIM_IC_CaptureCallback
                0x080029e8        0x2 CMakeFiles/v1.elf.dir/Drivers/STM32F1xx_HAL_Driver/Src/stm32f1xx_hal_tim.c.obj
                0x080029e8                HAL_TIM_IC_CaptureCallback
 .text.HAL_TIM_PWM_PulseFinishedCallback
                0x080029ea        0x2 CMakeFiles/v1.elf.dir/Drivers/STM32F1xx_HAL_Driver/Src/stm32f1xx_hal_tim.c.obj
                0x080029ea                HAL_TIM_PWM_PulseFinishedCallback
 .text.HAL_TIM_TriggerCallback
                0x080029ec        0x2 CMakeFiles/v1.elf.dir/Drivers/STM32F1xx_HAL_Driver/Src/stm32f1xx_hal_tim.c.obj
                0x080029ec                HAL_TIM_TriggerCallback
 .text.HAL_TIM_IRQHandler
                0x080029ee      0x17a CMakeFiles/v1.elf.dir/Drivers/STM32F1xx_HAL_Driver/Src/stm32f1xx_hal_tim.c.obj
                0x080029ee                HAL_TIM_IRQHandler
 .text.TIM_Base_SetConfig
                0x08002b68       0x74 CMakeFiles/v1.elf.dir/Drivers/STM32F1xx_HAL_Driver/Src/stm32f1xx_hal_tim.c.obj
                0x08002b68                TIM_Base_SetConfig
 .text.HAL_TIM_Base_Init
                0x08002bdc       0x58 CMakeFiles/v1.elf.dir/Drivers/STM32F1xx_HAL_Driver/Src/stm32f1xx_hal_tim.c.obj
                0x08002bdc                HAL_TIM_Base_Init
 .text.HAL_TIM_PWM_Init
                0x08002c34       0x58 CMakeFiles/v1.elf.dir/Drivers/STM32F1xx_HAL_Driver/Src/stm32f1xx_hal_tim.c.obj
                0x08002c34                HAL_TIM_PWM_Init
 .text.TIM_OC2_SetConfig
                0x08002c8c       0x64 CMakeFiles/v1.elf.dir/Drivers/STM32F1xx_HAL_Driver/Src/stm32f1xx_hal_tim.c.obj
                0x08002c8c                TIM_OC2_SetConfig
 .text.HAL_TIM_PWM_ConfigChannel
                0x08002cf0       0xdc CMakeFiles/v1.elf.dir/Drivers/STM32F1xx_HAL_Driver/Src/stm32f1xx_hal_tim.c.obj
                0x08002cf0                HAL_TIM_PWM_ConfigChannel
 .text.TIM_ETR_SetConfig
                0x08002dcc       0x18 CMakeFiles/v1.elf.dir/Drivers/STM32F1xx_HAL_Driver/Src/stm32f1xx_hal_tim.c.obj
                0x08002dcc                TIM_ETR_SetConfig
 .text.HAL_TIM_ConfigClockSource
                0x08002de4       0xfe CMakeFiles/v1.elf.dir/Drivers/STM32F1xx_HAL_Driver/Src/stm32f1xx_hal_tim.c.obj
                0x08002de4                HAL_TIM_ConfigClockSource
 .text.TIM_CCxChannelCmd
                0x08002ee2       0x1e CMakeFiles/v1.elf.dir/Drivers/STM32F1xx_HAL_Driver/Src/stm32f1xx_hal_tim.c.obj
                0x08002ee2                TIM_CCxChannelCmd
 .text.HAL_TIM_PWM_Start
                0x08002f00       0xdc CMakeFiles/v1.elf.dir/Drivers/STM32F1xx_HAL_Driver/Src/stm32f1xx_hal_tim.c.obj
                0x08002f00                HAL_TIM_PWM_Start
 .text.HAL_TIMEx_MasterConfigSynchronization
                0x08002fdc       0x6c CMakeFiles/v1.elf.dir/Drivers/STM32F1xx_HAL_Driver/Src/stm32f1xx_hal_tim_ex.c.obj
                0x08002fdc                HAL_TIMEx_MasterConfigSynchronization
 .text.HAL_TIMEx_CommutCallback
                0x08003048        0x2 CMakeFiles/v1.elf.dir/Drivers/STM32F1xx_HAL_Driver/Src/stm32f1xx_hal_tim_ex.c.obj
                0x08003048                HAL_TIMEx_CommutCallback
 .text.HAL_TIMEx_BreakCallback
                0x0800304a        0x2 CMakeFiles/v1.elf.dir/Drivers/STM32F1xx_HAL_Driver/Src/stm32f1xx_hal_tim_ex.c.obj
                0x0800304a                HAL_TIMEx_BreakCallback
 .text.UART_EndRxTransfer
                0x0800304c       0x5c CMakeFiles/v1.elf.dir/Drivers/STM32F1xx_HAL_Driver/Src/stm32f1xx_hal_uart.c.obj
 .text.UART_Transmit_IT
                0x080030a8       0x60 CMakeFiles/v1.elf.dir/Drivers/STM32F1xx_HAL_Driver/Src/stm32f1xx_hal_uart.c.obj
 .text.UART_SetConfig
                0x08003108       0x94 CMakeFiles/v1.elf.dir/Drivers/STM32F1xx_HAL_Driver/Src/stm32f1xx_hal_uart.c.obj
 .text.UART_WaitOnFlagUntilTimeout
                0x0800319c       0x88 CMakeFiles/v1.elf.dir/Drivers/STM32F1xx_HAL_Driver/Src/stm32f1xx_hal_uart.c.obj
 .text.HAL_UART_Init
                0x08003224       0x60 CMakeFiles/v1.elf.dir/Drivers/STM32F1xx_HAL_Driver/Src/stm32f1xx_hal_uart.c.obj
                0x08003224                HAL_UART_Init
 .text.HAL_UART_Transmit
                0x08003284       0xbe CMakeFiles/v1.elf.dir/Drivers/STM32F1xx_HAL_Driver/Src/stm32f1xx_hal_uart.c.obj
                0x08003284                HAL_UART_Transmit
 .text.HAL_UART_TxCpltCallback
                0x08003342        0x2 CMakeFiles/v1.elf.dir/Drivers/STM32F1xx_HAL_Driver/Src/stm32f1xx_hal_uart.c.obj
                0x08003342                HAL_UART_TxCpltCallback
 .text.UART_EndTransmit_IT
                0x08003344       0x1a CMakeFiles/v1.elf.dir/Drivers/STM32F1xx_HAL_Driver/Src/stm32f1xx_hal_uart.c.obj
 .text.HAL_UART_ErrorCallback
                0x0800335e        0x2 CMakeFiles/v1.elf.dir/Drivers/STM32F1xx_HAL_Driver/Src/stm32f1xx_hal_uart.c.obj
                0x0800335e                HAL_UART_ErrorCallback
 .text.UART_DMAAbortOnError
                0x08003360       0x10 CMakeFiles/v1.elf.dir/Drivers/STM32F1xx_HAL_Driver/Src/stm32f1xx_hal_uart.c.obj
 .text.HAL_UARTEx_RxEventCallback
                0x08003370        0x2 CMakeFiles/v1.elf.dir/Drivers/STM32F1xx_HAL_Driver/Src/stm32f1xx_hal_uart.c.obj
                0x08003370                HAL_UARTEx_RxEventCallback
 .text.UART_Receive_IT
                0x08003372       0xe6 CMakeFiles/v1.elf.dir/Drivers/STM32F1xx_HAL_Driver/Src/stm32f1xx_hal_uart.c.obj
 .text.HAL_UART_IRQHandler
                0x08003458      0x288 CMakeFiles/v1.elf.dir/Drivers/STM32F1xx_HAL_Driver/Src/stm32f1xx_hal_uart.c.obj
                0x08003458                HAL_UART_IRQHandler
 .text.UART_Start_Receive_IT
                0x080036e0       0x36 CMakeFiles/v1.elf.dir/Drivers/STM32F1xx_HAL_Driver/Src/stm32f1xx_hal_uart.c.obj
                0x080036e0                UART_Start_Receive_IT
 .text.HAL_UART_Receive_IT
                0x08003716       0x26 CMakeFiles/v1.elf.dir/Drivers/STM32F1xx_HAL_Driver/Src/stm32f1xx_hal_uart.c.obj
                0x08003716                HAL_UART_Receive_IT
 .text.Set_Servo_angle
                0x0800373c       0x2c CMakeFiles/v1.elf.dir/control/control.c.obj
                0x0800373c                Set_Servo_angle
 .text.IICStart
                0x08003768       0x3c CMakeFiles/v1.elf.dir/oled_sim/oled.c.obj
                0x08003768                IICStart
 .text.IICStop  0x080037a4       0x30 CMakeFiles/v1.elf.dir/oled_sim/oled.c.obj
                0x080037a4                IICStop
 .text.IIC_WaitAck
                0x080037d4       0x24 CMakeFiles/v1.elf.dir/oled_sim/oled.c.obj
                0x080037d4                IIC_WaitAck
 .text.Write_IIC_Byte
                0x080037f8       0x60 CMakeFiles/v1.elf.dir/oled_sim/oled.c.obj
                0x080037f8                Write_IIC_Byte
 .text.Write_IIC_Command
                0x08003858       0x2c CMakeFiles/v1.elf.dir/oled_sim/oled.c.obj
                0x08003858                Write_IIC_Command
 .text.Write_IIC_Data
                0x08003884       0x2c CMakeFiles/v1.elf.dir/oled_sim/oled.c.obj
                0x08003884                Write_IIC_Data
 .text.OLED_WR_Byte
                0x080038b0       0x14 CMakeFiles/v1.elf.dir/oled_sim/oled.c.obj
                0x080038b0                OLED_WR_Byte
 .text.OLED_DisplayTurn
                0x080038c4       0x30 CMakeFiles/v1.elf.dir/oled_sim/oled.c.obj
                0x080038c4                OLED_DisplayTurn
 .text.OLED_Set_Pos
                0x080038f4       0x26 CMakeFiles/v1.elf.dir/oled_sim/oled.c.obj
                0x080038f4                OLED_Set_Pos
 .text.OLED_Clear
                0x0800391a       0x40 CMakeFiles/v1.elf.dir/oled_sim/oled.c.obj
                0x0800391a                OLED_Clear
 *fill*         0x0800395a        0x2 
 .text.OLED_ShowChar
                0x0800395c       0x98 CMakeFiles/v1.elf.dir/oled_sim/oled.c.obj
                0x0800395c                OLED_ShowChar
 .text.OLED_ShowString
                0x080039f4       0x36 CMakeFiles/v1.elf.dir/oled_sim/oled.c.obj
                0x080039f4                OLED_ShowString
 .text.OLED_Init
                0x08003a2a       0xe6 CMakeFiles/v1.elf.dir/oled_sim/oled.c.obj
                0x08003a2a                OLED_Init
 .text.PID_Init
                0x08003b10       0x18 CMakeFiles/v1.elf.dir/pid/PID.c.obj
                0x08003b10                PID_Init
 .text.Position_PID
                0x08003b28       0x78 CMakeFiles/v1.elf.dir/pid/PID.c.obj
                0x08003b28                Position_PID
 .text.atoff    0x08003ba0        0x8 d:/clion/tools/gcc-arm-none-eabi-10.3-2021.10-win32/gcc-arm-none-eabi-10.3-2021.10/bin/../lib/gcc/arm-none-eabi/10.3.1/../../../../arm-none-eabi/lib/thumb/v7-m/nofp\libg.a(lib_a-atoff.o)
                0x08003ba0                atoff
 .text.__errno  0x08003ba8        0xc d:/clion/tools/gcc-arm-none-eabi-10.3-2021.10-win32/gcc-arm-none-eabi-10.3-2021.10/bin/../lib/gcc/arm-none-eabi/10.3.1/../../../../arm-none-eabi/lib/thumb/v7-m/nofp\libg.a(lib_a-errno.o)
                0x08003ba8                __errno
 .text.__libc_init_array
                0x08003bb4       0x48 d:/clion/tools/gcc-arm-none-eabi-10.3-2021.10-win32/gcc-arm-none-eabi-10.3-2021.10/bin/../lib/gcc/arm-none-eabi/10.3.1/../../../../arm-none-eabi/lib/thumb/v7-m/nofp\libg.a(lib_a-init.o)
                0x08003bb4                __libc_init_array
 .text.memset   0x08003bfc       0xa4 d:/clion/tools/gcc-arm-none-eabi-10.3-2021.10-win32/gcc-arm-none-eabi-10.3-2021.10/bin/../lib/gcc/arm-none-eabi/10.3.1/../../../../arm-none-eabi/lib/thumb/v7-m/nofp\libg.a(lib_a-memset.o)
                0x08003bfc                memset
 .text.sprintf  0x08003ca0       0x44 d:/clion/tools/gcc-arm-none-eabi-10.3-2021.10-win32/gcc-arm-none-eabi-10.3-2021.10/bin/../lib/gcc/arm-none-eabi/10.3.1/../../../../arm-none-eabi/lib/thumb/v7-m/nofp\libg.a(lib_a-sprintf.o)
                0x08003ca0                sprintf
 .text.two_way_long_needle
                0x08003ce4      0x2b8 d:/clion/tools/gcc-arm-none-eabi-10.3-2021.10-win32/gcc-arm-none-eabi-10.3-2021.10/bin/../lib/gcc/arm-none-eabi/10.3.1/../../../../arm-none-eabi/lib/thumb/v7-m/nofp\libg.a(lib_a-strstr.o)
 .text.strstr   0x08003f9c      0x168 d:/clion/tools/gcc-arm-none-eabi-10.3-2021.10-win32/gcc-arm-none-eabi-10.3-2021.10/bin/../lib/gcc/arm-none-eabi/10.3.1/../../../../arm-none-eabi/lib/thumb/v7-m/nofp\libg.a(lib_a-strstr.o)
                0x08003f9c                strstr
 *fill*         0x08004104        0x4 
 .text._strtod_l
                0x08004108      0xf38 d:/clion/tools/gcc-arm-none-eabi-10.3-2021.10-win32/gcc-arm-none-eabi-10.3-2021.10/bin/../lib/gcc/arm-none-eabi/10.3.1/../../../../arm-none-eabi/lib/thumb/v7-m/nofp\libg.a(lib_a-strtod.o)
                0x08004108                _strtod_l
 .text.strtof   0x08005040       0xa0 d:/clion/tools/gcc-arm-none-eabi-10.3-2021.10-win32/gcc-arm-none-eabi-10.3-2021.10/bin/../lib/gcc/arm-none-eabi/10.3.1/../../../../arm-none-eabi/lib/thumb/v7-m/nofp\libg.a(lib_a-strtod.o)
                0x08005040                strtof
 .text._svfprintf_r
                0x080050e0     0x1aa4 d:/clion/tools/gcc-arm-none-eabi-10.3-2021.10-win32/gcc-arm-none-eabi-10.3-2021.10/bin/../lib/gcc/arm-none-eabi/10.3.1/../../../../arm-none-eabi/lib/thumb/v7-m/nofp\libg.a(lib_a-svfprintf.o)
                0x080050e0                _svfprintf_r
 .text.startup.register_fini
                0x08006b84       0x14 d:/clion/tools/gcc-arm-none-eabi-10.3-2021.10-win32/gcc-arm-none-eabi-10.3-2021.10/bin/../lib/gcc/arm-none-eabi/10.3.1/../../../../arm-none-eabi/lib/thumb/v7-m/nofp\libg.a(lib_a-__call_atexit.o)
 .text.atexit   0x08006b98        0xc d:/clion/tools/gcc-arm-none-eabi-10.3-2021.10-win32/gcc-arm-none-eabi-10.3-2021.10/bin/../lib/gcc/arm-none-eabi/10.3.1/../../../../arm-none-eabi/lib/thumb/v7-m/nofp\libg.a(lib_a-atexit.o)
                0x08006b98                atexit
 .text.quorem   0x08006ba4      0x12c d:/clion/tools/gcc-arm-none-eabi-10.3-2021.10-win32/gcc-arm-none-eabi-10.3-2021.10/bin/../lib/gcc/arm-none-eabi/10.3.1/../../../../arm-none-eabi/lib/thumb/v7-m/nofp\libg.a(lib_a-dtoa.o)
 .text._dtoa_r  0x08006cd0      0xecc d:/clion/tools/gcc-arm-none-eabi-10.3-2021.10-win32/gcc-arm-none-eabi-10.3-2021.10/bin/../lib/gcc/arm-none-eabi/10.3.1/../../../../arm-none-eabi/lib/thumb/v7-m/nofp\libg.a(lib_a-dtoa.o)
                0x08006cd0                _dtoa_r
 .text.__libc_fini_array
                0x08007b9c       0x2c d:/clion/tools/gcc-arm-none-eabi-10.3-2021.10-win32/gcc-arm-none-eabi-10.3-2021.10/bin/../lib/gcc/arm-none-eabi/10.3.1/../../../../arm-none-eabi/lib/thumb/v7-m/nofp\libg.a(lib_a-fini.o)
                0x08007b9c                __libc_fini_array
 .text._malloc_trim_r
                0x08007bc8       0xa0 d:/clion/tools/gcc-arm-none-eabi-10.3-2021.10-win32/gcc-arm-none-eabi-10.3-2021.10/bin/../lib/gcc/arm-none-eabi/10.3.1/../../../../arm-none-eabi/lib/thumb/v7-m/nofp\libg.a(lib_a-freer.o)
                0x08007bc8                _malloc_trim_r
 .text._free_r  0x08007c68      0x200 d:/clion/tools/gcc-arm-none-eabi-10.3-2021.10-win32/gcc-arm-none-eabi-10.3-2021.10/bin/../lib/gcc/arm-none-eabi/10.3.1/../../../../arm-none-eabi/lib/thumb/v7-m/nofp\libg.a(lib_a-freer.o)
                0x08007c68                _free_r
 .text.rshift   0x08007e68       0xa4 d:/clion/tools/gcc-arm-none-eabi-10.3-2021.10-win32/gcc-arm-none-eabi-10.3-2021.10/bin/../lib/gcc/arm-none-eabi/10.3.1/../../../../arm-none-eabi/lib/thumb/v7-m/nofp\libg.a(lib_a-gdtoa-gethex.o)
 .text.__gethex
                0x08007f0c      0x5c4 d:/clion/tools/gcc-arm-none-eabi-10.3-2021.10-win32/gcc-arm-none-eabi-10.3-2021.10/bin/../lib/gcc/arm-none-eabi/10.3.1/../../../../arm-none-eabi/lib/thumb/v7-m/nofp\libg.a(lib_a-gdtoa-gethex.o)
                0x08007f0c                __gethex
 .text.__match  0x080084d0       0x34 d:/clion/tools/gcc-arm-none-eabi-10.3-2021.10-win32/gcc-arm-none-eabi-10.3-2021.10/bin/../lib/gcc/arm-none-eabi/10.3.1/../../../../arm-none-eabi/lib/thumb/v7-m/nofp\libg.a(lib_a-gdtoa-hexnan.o)
                0x080084d0                __match
 .text.__hexnan
                0x08008504      0x1ac d:/clion/tools/gcc-arm-none-eabi-10.3-2021.10-win32/gcc-arm-none-eabi-10.3-2021.10/bin/../lib/gcc/arm-none-eabi/10.3.1/../../../../arm-none-eabi/lib/thumb/v7-m/nofp\libg.a(lib_a-gdtoa-hexnan.o)
                0x08008504                __hexnan
 .text.__locale_mb_cur_max
                0x080086b0        0xc d:/clion/tools/gcc-arm-none-eabi-10.3-2021.10-win32/gcc-arm-none-eabi-10.3-2021.10/bin/../lib/gcc/arm-none-eabi/10.3.1/../../../../arm-none-eabi/lib/thumb/v7-m/nofp\libg.a(lib_a-locale.o)
                0x080086b0                __locale_mb_cur_max
 .text._localeconv_r
                0x080086bc        0x8 d:/clion/tools/gcc-arm-none-eabi-10.3-2021.10-win32/gcc-arm-none-eabi-10.3-2021.10/bin/../lib/gcc/arm-none-eabi/10.3.1/../../../../arm-none-eabi/lib/thumb/v7-m/nofp\libg.a(lib_a-localeconv.o)
                0x080086bc                _localeconv_r
 .text.__retarget_lock_init_recursive
                0x080086c4        0x4 d:/clion/tools/gcc-arm-none-eabi-10.3-2021.10-win32/gcc-arm-none-eabi-10.3-2021.10/bin/../lib/gcc/arm-none-eabi/10.3.1/../../../../arm-none-eabi/lib/thumb/v7-m/nofp\libg.a(lib_a-lock.o)
                0x080086c4                __retarget_lock_init_recursive
 .text.__retarget_lock_close_recursive
                0x080086c8        0x4 d:/clion/tools/gcc-arm-none-eabi-10.3-2021.10-win32/gcc-arm-none-eabi-10.3-2021.10/bin/../lib/gcc/arm-none-eabi/10.3.1/../../../../arm-none-eabi/lib/thumb/v7-m/nofp\libg.a(lib_a-lock.o)
                0x080086c8                __retarget_lock_close_recursive
 .text.__retarget_lock_acquire_recursive
                0x080086cc        0x4 d:/clion/tools/gcc-arm-none-eabi-10.3-2021.10-win32/gcc-arm-none-eabi-10.3-2021.10/bin/../lib/gcc/arm-none-eabi/10.3.1/../../../../arm-none-eabi/lib/thumb/v7-m/nofp\libg.a(lib_a-lock.o)
                0x080086cc                __retarget_lock_acquire_recursive
 .text.__retarget_lock_release_recursive
                0x080086d0        0x4 d:/clion/tools/gcc-arm-none-eabi-10.3-2021.10-win32/gcc-arm-none-eabi-10.3-2021.10/bin/../lib/gcc/arm-none-eabi/10.3.1/../../../../arm-none-eabi/lib/thumb/v7-m/nofp\libg.a(lib_a-lock.o)
                0x080086d0                __retarget_lock_release_recursive
 .text._malloc_r
                0x080086d4      0x558 d:/clion/tools/gcc-arm-none-eabi-10.3-2021.10-win32/gcc-arm-none-eabi-10.3-2021.10/bin/../lib/gcc/arm-none-eabi/10.3.1/../../../../arm-none-eabi/lib/thumb/v7-m/nofp\libg.a(lib_a-mallocr.o)
                0x080086d4                _malloc_r
 .text.__ascii_mbtowc
                0x08008c2c       0x2c d:/clion/tools/gcc-arm-none-eabi-10.3-2021.10-win32/gcc-arm-none-eabi-10.3-2021.10/bin/../lib/gcc/arm-none-eabi/10.3.1/../../../../arm-none-eabi/lib/thumb/v7-m/nofp\libg.a(lib_a-mbtowc_r.o)
                0x08008c2c                __ascii_mbtowc
 .text.memchr   0x08008c58       0x90 d:/clion/tools/gcc-arm-none-eabi-10.3-2021.10-win32/gcc-arm-none-eabi-10.3-2021.10/bin/../lib/gcc/arm-none-eabi/10.3.1/../../../../arm-none-eabi/lib/thumb/v7-m/nofp\libg.a(lib_a-memchr-stub.o)
                0x08008c58                memchr
 .text.memcmp   0x08008ce8       0x68 d:/clion/tools/gcc-arm-none-eabi-10.3-2021.10-win32/gcc-arm-none-eabi-10.3-2021.10/bin/../lib/gcc/arm-none-eabi/10.3.1/../../../../arm-none-eabi/lib/thumb/v7-m/nofp\libg.a(lib_a-memcmp.o)
                0x08008ce8                memcmp
 .text.__malloc_lock
                0x08008d50        0xc d:/clion/tools/gcc-arm-none-eabi-10.3-2021.10-win32/gcc-arm-none-eabi-10.3-2021.10/bin/../lib/gcc/arm-none-eabi/10.3.1/../../../../arm-none-eabi/lib/thumb/v7-m/nofp\libg.a(lib_a-mlock.o)
                0x08008d50                __malloc_lock
 .text.__malloc_unlock
                0x08008d5c        0xc d:/clion/tools/gcc-arm-none-eabi-10.3-2021.10-win32/gcc-arm-none-eabi-10.3-2021.10/bin/../lib/gcc/arm-none-eabi/10.3.1/../../../../arm-none-eabi/lib/thumb/v7-m/nofp\libg.a(lib_a-mlock.o)
                0x08008d5c                __malloc_unlock
 .text._Balloc  0x08008d68       0x4c d:/clion/tools/gcc-arm-none-eabi-10.3-2021.10-win32/gcc-arm-none-eabi-10.3-2021.10/bin/../lib/gcc/arm-none-eabi/10.3.1/../../../../arm-none-eabi/lib/thumb/v7-m/nofp\libg.a(lib_a-mprec.o)
                0x08008d68                _Balloc
 .text._Bfree   0x08008db4       0x14 d:/clion/tools/gcc-arm-none-eabi-10.3-2021.10-win32/gcc-arm-none-eabi-10.3-2021.10/bin/../lib/gcc/arm-none-eabi/10.3.1/../../../../arm-none-eabi/lib/thumb/v7-m/nofp\libg.a(lib_a-mprec.o)
                0x08008db4                _Bfree
 .text.__multadd
                0x08008dc8       0xa4 d:/clion/tools/gcc-arm-none-eabi-10.3-2021.10-win32/gcc-arm-none-eabi-10.3-2021.10/bin/../lib/gcc/arm-none-eabi/10.3.1/../../../../arm-none-eabi/lib/thumb/v7-m/nofp\libg.a(lib_a-mprec.o)
                0x08008dc8                __multadd
 .text.__s2b    0x08008e6c       0xb4 d:/clion/tools/gcc-arm-none-eabi-10.3-2021.10-win32/gcc-arm-none-eabi-10.3-2021.10/bin/../lib/gcc/arm-none-eabi/10.3.1/../../../../arm-none-eabi/lib/thumb/v7-m/nofp\libg.a(lib_a-mprec.o)
                0x08008e6c                __s2b
 .text.__hi0bits
                0x08008f20       0x40 d:/clion/tools/gcc-arm-none-eabi-10.3-2021.10-win32/gcc-arm-none-eabi-10.3-2021.10/bin/../lib/gcc/arm-none-eabi/10.3.1/../../../../arm-none-eabi/lib/thumb/v7-m/nofp\libg.a(lib_a-mprec.o)
                0x08008f20                __hi0bits
 .text.__lo0bits
                0x08008f60       0x58 d:/clion/tools/gcc-arm-none-eabi-10.3-2021.10-win32/gcc-arm-none-eabi-10.3-2021.10/bin/../lib/gcc/arm-none-eabi/10.3.1/../../../../arm-none-eabi/lib/thumb/v7-m/nofp\libg.a(lib_a-mprec.o)
                0x08008f60                __lo0bits
 .text.__i2b    0x08008fb8       0x5c d:/clion/tools/gcc-arm-none-eabi-10.3-2021.10-win32/gcc-arm-none-eabi-10.3-2021.10/bin/../lib/gcc/arm-none-eabi/10.3.1/../../../../arm-none-eabi/lib/thumb/v7-m/nofp\libg.a(lib_a-mprec.o)
                0x08008fb8                __i2b
 .text.__multiply
                0x08009014      0x15c d:/clion/tools/gcc-arm-none-eabi-10.3-2021.10-win32/gcc-arm-none-eabi-10.3-2021.10/bin/../lib/gcc/arm-none-eabi/10.3.1/../../../../arm-none-eabi/lib/thumb/v7-m/nofp\libg.a(lib_a-mprec.o)
                0x08009014                __multiply
 .text.__pow5mult
                0x08009170       0xb8 d:/clion/tools/gcc-arm-none-eabi-10.3-2021.10-win32/gcc-arm-none-eabi-10.3-2021.10/bin/../lib/gcc/arm-none-eabi/10.3.1/../../../../arm-none-eabi/lib/thumb/v7-m/nofp\libg.a(lib_a-mprec.o)
                0x08009170                __pow5mult
 .text.__lshift
                0x08009228       0xec d:/clion/tools/gcc-arm-none-eabi-10.3-2021.10-win32/gcc-arm-none-eabi-10.3-2021.10/bin/../lib/gcc/arm-none-eabi/10.3.1/../../../../arm-none-eabi/lib/thumb/v7-m/nofp\libg.a(lib_a-mprec.o)
                0x08009228                __lshift
 .text.__mcmp   0x08009314       0x40 d:/clion/tools/gcc-arm-none-eabi-10.3-2021.10-win32/gcc-arm-none-eabi-10.3-2021.10/bin/../lib/gcc/arm-none-eabi/10.3.1/../../../../arm-none-eabi/lib/thumb/v7-m/nofp\libg.a(lib_a-mprec.o)
                0x08009314                __mcmp
 .text.__mdiff  0x08009354      0x14c d:/clion/tools/gcc-arm-none-eabi-10.3-2021.10-win32/gcc-arm-none-eabi-10.3-2021.10/bin/../lib/gcc/arm-none-eabi/10.3.1/../../../../arm-none-eabi/lib/thumb/v7-m/nofp\libg.a(lib_a-mprec.o)
                0x08009354                __mdiff
 .text.__ulp    0x080094a0       0x44 d:/clion/tools/gcc-arm-none-eabi-10.3-2021.10-win32/gcc-arm-none-eabi-10.3-2021.10/bin/../lib/gcc/arm-none-eabi/10.3.1/../../../../arm-none-eabi/lib/thumb/v7-m/nofp\libg.a(lib_a-mprec.o)
                0x080094a0                __ulp
 .text.__b2d    0x080094e4       0xd0 d:/clion/tools/gcc-arm-none-eabi-10.3-2021.10-win32/gcc-arm-none-eabi-10.3-2021.10/bin/../lib/gcc/arm-none-eabi/10.3.1/../../../../arm-none-eabi/lib/thumb/v7-m/nofp\libg.a(lib_a-mprec.o)
                0x080094e4                __b2d
 .text.__d2b    0x080095b4       0xc4 d:/clion/tools/gcc-arm-none-eabi-10.3-2021.10-win32/gcc-arm-none-eabi-10.3-2021.10/bin/../lib/gcc/arm-none-eabi/10.3.1/../../../../arm-none-eabi/lib/thumb/v7-m/nofp\libg.a(lib_a-mprec.o)
                0x080095b4                __d2b
 .text.__ratio  0x08009678       0x60 d:/clion/tools/gcc-arm-none-eabi-10.3-2021.10-win32/gcc-arm-none-eabi-10.3-2021.10/bin/../lib/gcc/arm-none-eabi/10.3.1/../../../../arm-none-eabi/lib/thumb/v7-m/nofp\libg.a(lib_a-mprec.o)
                0x08009678                __ratio
 .text.__copybits
                0x080096d8       0x60 d:/clion/tools/gcc-arm-none-eabi-10.3-2021.10-win32/gcc-arm-none-eabi-10.3-2021.10/bin/../lib/gcc/arm-none-eabi/10.3.1/../../../../arm-none-eabi/lib/thumb/v7-m/nofp\libg.a(lib_a-mprec.o)
                0x080096d8                __copybits
 .text.__any_on
                0x08009738       0x60 d:/clion/tools/gcc-arm-none-eabi-10.3-2021.10-win32/gcc-arm-none-eabi-10.3-2021.10/bin/../lib/gcc/arm-none-eabi/10.3.1/../../../../arm-none-eabi/lib/thumb/v7-m/nofp\libg.a(lib_a-mprec.o)
                0x08009738                __any_on
 .text.frexp    0x08009798       0x70 d:/clion/tools/gcc-arm-none-eabi-10.3-2021.10-win32/gcc-arm-none-eabi-10.3-2021.10/bin/../lib/gcc/arm-none-eabi/10.3.1/../../../../arm-none-eabi/lib/thumb/v7-m/nofp\libg.a(lib_a-s_frexp.o)
                0x08009798                frexp
 .text.nan      0x08009808        0xc d:/clion/tools/gcc-arm-none-eabi-10.3-2021.10-win32/gcc-arm-none-eabi-10.3-2021.10/bin/../lib/gcc/arm-none-eabi/10.3.1/../../../../arm-none-eabi/lib/thumb/v7-m/nofp\libg.a(lib_a-s_nan.o)
                0x08009808                nan
 .text._sbrk_r  0x08009814       0x24 d:/clion/tools/gcc-arm-none-eabi-10.3-2021.10-win32/gcc-arm-none-eabi-10.3-2021.10/bin/../lib/gcc/arm-none-eabi/10.3.1/../../../../arm-none-eabi/lib/thumb/v7-m/nofp\libg.a(lib_a-sbrkr.o)
                0x08009814                _sbrk_r
 .text.nanf     0x08009838        0x8 d:/clion/tools/gcc-arm-none-eabi-10.3-2021.10-win32/gcc-arm-none-eabi-10.3-2021.10/bin/../lib/gcc/arm-none-eabi/10.3.1/../../../../arm-none-eabi/lib/thumb/v7-m/nofp\libg.a(lib_a-sf_nan.o)
                0x08009838                nanf
 .text.strchr   0x08009840       0xcc d:/clion/tools/gcc-arm-none-eabi-10.3-2021.10-win32/gcc-arm-none-eabi-10.3-2021.10/bin/../lib/gcc/arm-none-eabi/10.3.1/../../../../arm-none-eabi/lib/thumb/v7-m/nofp\libg.a(lib_a-strchr.o)
                0x08009840                strchr
 .text.strlen   0x0800990c       0x5c d:/clion/tools/gcc-arm-none-eabi-10.3-2021.10-win32/gcc-arm-none-eabi-10.3-2021.10/bin/../lib/gcc/arm-none-eabi/10.3.1/../../../../arm-none-eabi/lib/thumb/v7-m/nofp\libg.a(lib_a-strlen-stub.o)
                0x0800990c                strlen
 .text.strncmp  0x08009968       0x7c d:/clion/tools/gcc-arm-none-eabi-10.3-2021.10-win32/gcc-arm-none-eabi-10.3-2021.10/bin/../lib/gcc/arm-none-eabi/10.3.1/../../../../arm-none-eabi/lib/thumb/v7-m/nofp\libg.a(lib_a-strncmp.o)
                0x08009968                strncmp
 .text.strncpy  0x080099e4       0x68 d:/clion/tools/gcc-arm-none-eabi-10.3-2021.10-win32/gcc-arm-none-eabi-10.3-2021.10/bin/../lib/gcc/arm-none-eabi/10.3.1/../../../../arm-none-eabi/lib/thumb/v7-m/nofp\libg.a(lib_a-strncpy.o)
                0x080099e4                strncpy
 .text.strnlen  0x08009a4c       0x24 d:/clion/tools/gcc-arm-none-eabi-10.3-2021.10-win32/gcc-arm-none-eabi-10.3-2021.10/bin/../lib/gcc/arm-none-eabi/10.3.1/../../../../arm-none-eabi/lib/thumb/v7-m/nofp\libg.a(lib_a-strnlen.o)
                0x08009a4c                strnlen
 .text.__ssprint_r
                0x08009a70       0xfc d:/clion/tools/gcc-arm-none-eabi-10.3-2021.10-win32/gcc-arm-none-eabi-10.3-2021.10/bin/../lib/gcc/arm-none-eabi/10.3.1/../../../../arm-none-eabi/lib/thumb/v7-m/nofp\libg.a(lib_a-svfiprintf.o)
                0x08009a70                __ssprint_r
 .text.__ascii_wctomb
                0x08009b6c       0x1c d:/clion/tools/gcc-arm-none-eabi-10.3-2021.10-win32/gcc-arm-none-eabi-10.3-2021.10/bin/../lib/gcc/arm-none-eabi/10.3.1/../../../../arm-none-eabi/lib/thumb/v7-m/nofp\libg.a(lib_a-wctomb_r.o)
                0x08009b6c                __ascii_wctomb
 .text.__register_exitproc
                0x08009b88       0x8c d:/clion/tools/gcc-arm-none-eabi-10.3-2021.10-win32/gcc-arm-none-eabi-10.3-2021.10/bin/../lib/gcc/arm-none-eabi/10.3.1/../../../../arm-none-eabi/lib/thumb/v7-m/nofp\libg.a(lib_a-__atexit.o)
                0x08009b88                __register_exitproc
 .text.__assert_func
                0x08009c14       0x40 d:/clion/tools/gcc-arm-none-eabi-10.3-2021.10-win32/gcc-arm-none-eabi-10.3-2021.10/bin/../lib/gcc/arm-none-eabi/10.3.1/../../../../arm-none-eabi/lib/thumb/v7-m/nofp\libg.a(lib_a-assert.o)
                0x08009c14                __assert_func
 .text._calloc_r
                0x08009c54       0x78 d:/clion/tools/gcc-arm-none-eabi-10.3-2021.10-win32/gcc-arm-none-eabi-10.3-2021.10/bin/../lib/gcc/arm-none-eabi/10.3.1/../../../../arm-none-eabi/lib/thumb/v7-m/nofp\libg.a(lib_a-callocr.o)
                0x08009c54                _calloc_r
 .text.fiprintf
                0x08009ccc       0x28 d:/clion/tools/gcc-arm-none-eabi-10.3-2021.10-win32/gcc-arm-none-eabi-10.3-2021.10/bin/../lib/gcc/arm-none-eabi/10.3.1/../../../../arm-none-eabi/lib/thumb/v7-m/nofp\libg.a(lib_a-fiprintf.o)
                0x08009ccc                fiprintf
 .text.memmove  0x08009cf4       0xf8 d:/clion/tools/gcc-arm-none-eabi-10.3-2021.10-win32/gcc-arm-none-eabi-10.3-2021.10/bin/../lib/gcc/arm-none-eabi/10.3.1/../../../../arm-none-eabi/lib/thumb/v7-m/nofp\libg.a(lib_a-memmove.o)
                0x08009cf4                memmove
 .text._realloc_r
                0x08009dec      0x3dc d:/clion/tools/gcc-arm-none-eabi-10.3-2021.10-win32/gcc-arm-none-eabi-10.3-2021.10/bin/../lib/gcc/arm-none-eabi/10.3.1/../../../../arm-none-eabi/lib/thumb/v7-m/nofp\libg.a(lib_a-reallocr.o)
                0x08009dec                _realloc_r
 .text.__sprint_r.part.0
                0x0800a1c8       0x78 d:/clion/tools/gcc-arm-none-eabi-10.3-2021.10-win32/gcc-arm-none-eabi-10.3-2021.10/bin/../lib/gcc/arm-none-eabi/10.3.1/../../../../arm-none-eabi/lib/thumb/v7-m/nofp\libg.a(lib_a-vfiprintf.o)
 .text._vfiprintf_r
                0x0800a240      0xd98 d:/clion/tools/gcc-arm-none-eabi-10.3-2021.10-win32/gcc-arm-none-eabi-10.3-2021.10/bin/../lib/gcc/arm-none-eabi/10.3.1/../../../../arm-none-eabi/lib/thumb/v7-m/nofp\libg.a(lib_a-vfiprintf.o)
                0x0800a240                _vfiprintf_r
 .text.__sbprintf
                0x0800afd8       0x84 d:/clion/tools/gcc-arm-none-eabi-10.3-2021.10-win32/gcc-arm-none-eabi-10.3-2021.10/bin/../lib/gcc/arm-none-eabi/10.3.1/../../../../arm-none-eabi/lib/thumb/v7-m/nofp\libg.a(lib_a-vfiprintf.o)
 .text.__swsetup_r
                0x0800b05c       0xd4 d:/clion/tools/gcc-arm-none-eabi-10.3-2021.10-win32/gcc-arm-none-eabi-10.3-2021.10/bin/../lib/gcc/arm-none-eabi/10.3.1/../../../../arm-none-eabi/lib/thumb/v7-m/nofp\libg.a(lib_a-wsetup.o)
                0x0800b05c                __swsetup_r
 .text.abort    0x0800b130       0x10 d:/clion/tools/gcc-arm-none-eabi-10.3-2021.10-win32/gcc-arm-none-eabi-10.3-2021.10/bin/../lib/gcc/arm-none-eabi/10.3.1/../../../../arm-none-eabi/lib/thumb/v7-m/nofp\libg.a(lib_a-abort.o)
                0x0800b130                abort
 .text.__sflush_r
                0x0800b140      0x124 d:/clion/tools/gcc-arm-none-eabi-10.3-2021.10-win32/gcc-arm-none-eabi-10.3-2021.10/bin/../lib/gcc/arm-none-eabi/10.3.1/../../../../arm-none-eabi/lib/thumb/v7-m/nofp\libg.a(lib_a-fflush.o)
                0x0800b140                __sflush_r
 .text._fflush_r
                0x0800b264       0x5c d:/clion/tools/gcc-arm-none-eabi-10.3-2021.10-win32/gcc-arm-none-eabi-10.3-2021.10/bin/../lib/gcc/arm-none-eabi/10.3.1/../../../../arm-none-eabi/lib/thumb/v7-m/nofp\libg.a(lib_a-fflush.o)
                0x0800b264                _fflush_r
 .text._cleanup_r
                0x0800b2c0        0xc d:/clion/tools/gcc-arm-none-eabi-10.3-2021.10-win32/gcc-arm-none-eabi-10.3-2021.10/bin/../lib/gcc/arm-none-eabi/10.3.1/../../../../arm-none-eabi/lib/thumb/v7-m/nofp\libg.a(lib_a-findfp.o)
                0x0800b2c0                _cleanup_r
 .text.__sinit  0x0800b2cc      0x10c d:/clion/tools/gcc-arm-none-eabi-10.3-2021.10-win32/gcc-arm-none-eabi-10.3-2021.10/bin/../lib/gcc/arm-none-eabi/10.3.1/../../../../arm-none-eabi/lib/thumb/v7-m/nofp\libg.a(lib_a-findfp.o)
                0x0800b2cc                __sinit
 .text.__sfp_lock_acquire
                0x0800b3d8        0xc d:/clion/tools/gcc-arm-none-eabi-10.3-2021.10-win32/gcc-arm-none-eabi-10.3-2021.10/bin/../lib/gcc/arm-none-eabi/10.3.1/../../../../arm-none-eabi/lib/thumb/v7-m/nofp\libg.a(lib_a-findfp.o)
                0x0800b3d8                __sfp_lock_acquire
 .text.__sfp_lock_release
                0x0800b3e4        0xc d:/clion/tools/gcc-arm-none-eabi-10.3-2021.10-win32/gcc-arm-none-eabi-10.3-2021.10/bin/../lib/gcc/arm-none-eabi/10.3.1/../../../../arm-none-eabi/lib/thumb/v7-m/nofp\libg.a(lib_a-findfp.o)
                0x0800b3e4                __sfp_lock_release
 .text.__fputwc
                0x0800b3f0       0xa0 d:/clion/tools/gcc-arm-none-eabi-10.3-2021.10-win32/gcc-arm-none-eabi-10.3-2021.10/bin/../lib/gcc/arm-none-eabi/10.3.1/../../../../arm-none-eabi/lib/thumb/v7-m/nofp\libg.a(lib_a-fputwc.o)
                0x0800b3f0                __fputwc
 .text._fputwc_r
                0x0800b490       0x68 d:/clion/tools/gcc-arm-none-eabi-10.3-2021.10-win32/gcc-arm-none-eabi-10.3-2021.10/bin/../lib/gcc/arm-none-eabi/10.3.1/../../../../arm-none-eabi/lib/thumb/v7-m/nofp\libg.a(lib_a-fputwc.o)
                0x0800b490                _fputwc_r
 .text.__sfvwrite_r
                0x0800b4f8      0x2f0 d:/clion/tools/gcc-arm-none-eabi-10.3-2021.10-win32/gcc-arm-none-eabi-10.3-2021.10/bin/../lib/gcc/arm-none-eabi/10.3.1/../../../../arm-none-eabi/lib/thumb/v7-m/nofp\libg.a(lib_a-fvwrite.o)
                0x0800b4f8                __sfvwrite_r
 .text._fwalk_reent
                0x0800b7e8       0x48 d:/clion/tools/gcc-arm-none-eabi-10.3-2021.10-win32/gcc-arm-none-eabi-10.3-2021.10/bin/../lib/gcc/arm-none-eabi/10.3.1/../../../../arm-none-eabi/lib/thumb/v7-m/nofp\libg.a(lib_a-fwalk.o)
                0x0800b7e8                _fwalk_reent
 .text.__smakebuf_r
                0x0800b830       0xe0 d:/clion/tools/gcc-arm-none-eabi-10.3-2021.10-win32/gcc-arm-none-eabi-10.3-2021.10/bin/../lib/gcc/arm-none-eabi/10.3.1/../../../../arm-none-eabi/lib/thumb/v7-m/nofp\libg.a(lib_a-makebuf.o)
                0x0800b830                __smakebuf_r
 .text.raise    0x0800b910       0x5c d:/clion/tools/gcc-arm-none-eabi-10.3-2021.10-win32/gcc-arm-none-eabi-10.3-2021.10/bin/../lib/gcc/arm-none-eabi/10.3.1/../../../../arm-none-eabi/lib/thumb/v7-m/nofp\libg.a(lib_a-signal.o)
                0x0800b910                raise
 .text._kill_r  0x0800b96c       0x28 d:/clion/tools/gcc-arm-none-eabi-10.3-2021.10-win32/gcc-arm-none-eabi-10.3-2021.10/bin/../lib/gcc/arm-none-eabi/10.3.1/../../../../arm-none-eabi/lib/thumb/v7-m/nofp\libg.a(lib_a-signalr.o)
                0x0800b96c                _kill_r
 .text._getpid_r
                0x0800b994        0x4 d:/clion/tools/gcc-arm-none-eabi-10.3-2021.10-win32/gcc-arm-none-eabi-10.3-2021.10/bin/../lib/gcc/arm-none-eabi/10.3.1/../../../../arm-none-eabi/lib/thumb/v7-m/nofp\libg.a(lib_a-signalr.o)
                0x0800b994                _getpid_r
 .text.__sread  0x0800b998       0x24 d:/clion/tools/gcc-arm-none-eabi-10.3-2021.10-win32/gcc-arm-none-eabi-10.3-2021.10/bin/../lib/gcc/arm-none-eabi/10.3.1/../../../../arm-none-eabi/lib/thumb/v7-m/nofp\libg.a(lib_a-stdio.o)
                0x0800b998                __sread
 .text.__swrite
                0x0800b9bc       0x40 d:/clion/tools/gcc-arm-none-eabi-10.3-2021.10-win32/gcc-arm-none-eabi-10.3-2021.10/bin/../lib/gcc/arm-none-eabi/10.3.1/../../../../arm-none-eabi/lib/thumb/v7-m/nofp\libg.a(lib_a-stdio.o)
                0x0800b9bc                __swrite
 .text.__sseek  0x0800b9fc       0x20 d:/clion/tools/gcc-arm-none-eabi-10.3-2021.10-win32/gcc-arm-none-eabi-10.3-2021.10/bin/../lib/gcc/arm-none-eabi/10.3.1/../../../../arm-none-eabi/lib/thumb/v7-m/nofp\libg.a(lib_a-stdio.o)
                0x0800b9fc                __sseek
 .text.__sclose
                0x0800ba1c        0x8 d:/clion/tools/gcc-arm-none-eabi-10.3-2021.10-win32/gcc-arm-none-eabi-10.3-2021.10/bin/../lib/gcc/arm-none-eabi/10.3.1/../../../../arm-none-eabi/lib/thumb/v7-m/nofp\libg.a(lib_a-stdio.o)
                0x0800ba1c                __sclose
 .text.__swbuf_r
                0x0800ba24       0xb0 d:/clion/tools/gcc-arm-none-eabi-10.3-2021.10-win32/gcc-arm-none-eabi-10.3-2021.10/bin/../lib/gcc/arm-none-eabi/10.3.1/../../../../arm-none-eabi/lib/thumb/v7-m/nofp\libg.a(lib_a-wbuf.o)
                0x0800ba24                __swbuf_r
 .text._wcrtomb_r
                0x0800bad4       0x3c d:/clion/tools/gcc-arm-none-eabi-10.3-2021.10-win32/gcc-arm-none-eabi-10.3-2021.10/bin/../lib/gcc/arm-none-eabi/10.3.1/../../../../arm-none-eabi/lib/thumb/v7-m/nofp\libg.a(lib_a-wcrtomb.o)
                0x0800bad4                _wcrtomb_r
 .text._write_r
                0x0800bb10       0x2c d:/clion/tools/gcc-arm-none-eabi-10.3-2021.10-win32/gcc-arm-none-eabi-10.3-2021.10/bin/../lib/gcc/arm-none-eabi/10.3.1/../../../../arm-none-eabi/lib/thumb/v7-m/nofp\libg.a(lib_a-writer.o)
                0x0800bb10                _write_r
 .text._close_r
                0x0800bb3c       0x24 d:/clion/tools/gcc-arm-none-eabi-10.3-2021.10-win32/gcc-arm-none-eabi-10.3-2021.10/bin/../lib/gcc/arm-none-eabi/10.3.1/../../../../arm-none-eabi/lib/thumb/v7-m/nofp\libg.a(lib_a-closer.o)
                0x0800bb3c                _close_r
 .text._fclose_r
                0x0800bb60       0xcc d:/clion/tools/gcc-arm-none-eabi-10.3-2021.10-win32/gcc-arm-none-eabi-10.3-2021.10/bin/../lib/gcc/arm-none-eabi/10.3.1/../../../../arm-none-eabi/lib/thumb/v7-m/nofp\libg.a(lib_a-fclose.o)
                0x0800bb60                _fclose_r
 .text._fstat_r
                0x0800bc2c       0x28 d:/clion/tools/gcc-arm-none-eabi-10.3-2021.10-win32/gcc-arm-none-eabi-10.3-2021.10/bin/../lib/gcc/arm-none-eabi/10.3.1/../../../../arm-none-eabi/lib/thumb/v7-m/nofp\libg.a(lib_a-fstatr.o)
                0x0800bc2c                _fstat_r
 .text._isatty_r
                0x0800bc54       0x24 d:/clion/tools/gcc-arm-none-eabi-10.3-2021.10-win32/gcc-arm-none-eabi-10.3-2021.10/bin/../lib/gcc/arm-none-eabi/10.3.1/../../../../arm-none-eabi/lib/thumb/v7-m/nofp\libg.a(lib_a-isattyr.o)
                0x0800bc54                _isatty_r
 .text._lseek_r
                0x0800bc78       0x2c d:/clion/tools/gcc-arm-none-eabi-10.3-2021.10-win32/gcc-arm-none-eabi-10.3-2021.10/bin/../lib/gcc/arm-none-eabi/10.3.1/../../../../arm-none-eabi/lib/thumb/v7-m/nofp\libg.a(lib_a-lseekr.o)
                0x0800bc78                _lseek_r
 .text._read_r  0x0800bca4       0x2c d:/clion/tools/gcc-arm-none-eabi-10.3-2021.10-win32/gcc-arm-none-eabi-10.3-2021.10/bin/../lib/gcc/arm-none-eabi/10.3.1/../../../../arm-none-eabi/lib/thumb/v7-m/nofp\libg.a(lib_a-readr.o)
                0x0800bca4                _read_r
 *(.glue_7)
 .glue_7        0x0800bcd0        0x0 linker stubs
 *(.glue_7t)
 .glue_7t       0x0800bcd0        0x0 linker stubs
 *(.eh_frame)
 .eh_frame      0x0800bcd0        0x0 d:/clion/tools/gcc-arm-none-eabi-10.3-2021.10-win32/gcc-arm-none-eabi-10.3-2021.10/bin/../lib/gcc/arm-none-eabi/10.3.1/thumb/v7-m/nofp/crtbegin.o
 *(.init)
 .init          0x0800bcd0        0x4 d:/clion/tools/gcc-arm-none-eabi-10.3-2021.10-win32/gcc-arm-none-eabi-10.3-2021.10/bin/../lib/gcc/arm-none-eabi/10.3.1/thumb/v7-m/nofp/crti.o
                0x0800bcd0                _init
 .init          0x0800bcd4        0x8 d:/clion/tools/gcc-arm-none-eabi-10.3-2021.10-win32/gcc-arm-none-eabi-10.3-2021.10/bin/../lib/gcc/arm-none-eabi/10.3.1/thumb/v7-m/nofp/crtn.o
 *(.fini)
 .fini          0x0800bcdc        0x4 d:/clion/tools/gcc-arm-none-eabi-10.3-2021.10-win32/gcc-arm-none-eabi-10.3-2021.10/bin/../lib/gcc/arm-none-eabi/10.3.1/thumb/v7-m/nofp/crti.o
                0x0800bcdc                _fini
 .fini          0x0800bce0        0x8 d:/clion/tools/gcc-arm-none-eabi-10.3-2021.10-win32/gcc-arm-none-eabi-10.3-2021.10/bin/../lib/gcc/arm-none-eabi/10.3.1/thumb/v7-m/nofp/crtn.o
                0x0800bce8                . = ALIGN (0x4)
                0x0800bce8                _etext = .

.vfp11_veneer   0x0800bce8        0x0
 .vfp11_veneer  0x0800bce8        0x0 linker stubs

.v4_bx          0x0800bce8        0x0
 .v4_bx         0x0800bce8        0x0 linker stubs

.iplt           0x0800bce8        0x0
 .iplt          0x0800bce8        0x0 d:/clion/tools/gcc-arm-none-eabi-10.3-2021.10-win32/gcc-arm-none-eabi-10.3-2021.10/bin/../lib/gcc/arm-none-eabi/10.3.1/thumb/v7-m/nofp/crtbegin.o

.rodata         0x0800bce8      0xe50
                0x0800bce8                . = ALIGN (0x4)
 *(.rodata)
 *(.rodata*)
 .rodata.main.str1.4
                0x0800bce8        0xb CMakeFiles/v1.elf.dir/Core/Src/main.c.obj
 *fill*         0x0800bcf3        0x1 
 .rodata.AHBPrescTable
                0x0800bcf4       0x10 CMakeFiles/v1.elf.dir/Core/Src/system_stm32f1xx.c.obj
                0x0800bcf4                AHBPrescTable
 .rodata.APBPrescTable
                0x0800bd04        0x8 CMakeFiles/v1.elf.dir/Core/Src/system_stm32f1xx.c.obj
                0x0800bd04                APBPrescTable
 .rodata.HAL_UART_RxCpltCallback.str1.4
                0x0800bd0c        0x7 CMakeFiles/v1.elf.dir/Core/Src/usart.c.obj
 *fill*         0x0800bd13        0x1 
 .rodata.aPLLMULFactorTable.1
                0x0800bd14       0x10 CMakeFiles/v1.elf.dir/Drivers/STM32F1xx_HAL_Driver/Src/stm32f1xx_hal_rcc.c.obj
 .rodata.aPredivFactorTable.0
                0x0800bd24        0x2 CMakeFiles/v1.elf.dir/Drivers/STM32F1xx_HAL_Driver/Src/stm32f1xx_hal_rcc.c.obj
 *fill*         0x0800bd26        0x2 
 .rodata.F6x8   0x0800bd28      0x228 CMakeFiles/v1.elf.dir/oled_sim/oled.c.obj
                0x0800bd28                F6x8
 .rodata.F8X16  0x0800bf50      0x5f0 CMakeFiles/v1.elf.dir/oled_sim/oled.c.obj
                0x0800bf50                F8X16
 .rodata._global_impure_ptr
                0x0800c540        0x4 d:/clion/tools/gcc-arm-none-eabi-10.3-2021.10-win32/gcc-arm-none-eabi-10.3-2021.10/bin/../lib/gcc/arm-none-eabi/10.3.1/../../../../arm-none-eabi/lib/thumb/v7-m/nofp\libg.a(lib_a-impure.o)
                0x0800c540                _global_impure_ptr
 .rodata._strtod_l.str1.4
                0x0800c544        0xf d:/clion/tools/gcc-arm-none-eabi-10.3-2021.10-win32/gcc-arm-none-eabi-10.3-2021.10/bin/../lib/gcc/arm-none-eabi/10.3.1/../../../../arm-none-eabi/lib/thumb/v7-m/nofp\libg.a(lib_a-strtod.o)
                                 0x11 (size before relaxing)
 *fill*         0x0800c553        0x1 
 .rodata.fpi.1  0x0800c554       0x14 d:/clion/tools/gcc-arm-none-eabi-10.3-2021.10-win32/gcc-arm-none-eabi-10.3-2021.10/bin/../lib/gcc/arm-none-eabi/10.3.1/../../../../arm-none-eabi/lib/thumb/v7-m/nofp\libg.a(lib_a-strtod.o)
 .rodata.fpinan.0
                0x0800c568       0x14 d:/clion/tools/gcc-arm-none-eabi-10.3-2021.10-win32/gcc-arm-none-eabi-10.3-2021.10/bin/../lib/gcc/arm-none-eabi/10.3.1/../../../../arm-none-eabi/lib/thumb/v7-m/nofp\libg.a(lib_a-strtod.o)
 *fill*         0x0800c57c        0x4 
 .rodata.tinytens
                0x0800c580       0x28 d:/clion/tools/gcc-arm-none-eabi-10.3-2021.10-win32/gcc-arm-none-eabi-10.3-2021.10/bin/../lib/gcc/arm-none-eabi/10.3.1/../../../../arm-none-eabi/lib/thumb/v7-m/nofp\libg.a(lib_a-strtod.o)
 .rodata._svfprintf_r.str1.4
                0x0800c5a8       0x42 d:/clion/tools/gcc-arm-none-eabi-10.3-2021.10-win32/gcc-arm-none-eabi-10.3-2021.10/bin/../lib/gcc/arm-none-eabi/10.3.1/../../../../arm-none-eabi/lib/thumb/v7-m/nofp\libg.a(lib_a-svfprintf.o)
 *fill*         0x0800c5ea        0x2 
 .rodata.blanks.1
                0x0800c5ec       0x10 d:/clion/tools/gcc-arm-none-eabi-10.3-2021.10-win32/gcc-arm-none-eabi-10.3-2021.10/bin/../lib/gcc/arm-none-eabi/10.3.1/../../../../arm-none-eabi/lib/thumb/v7-m/nofp\libg.a(lib_a-svfprintf.o)
 .rodata.zeroes.0
                0x0800c5fc       0x10 d:/clion/tools/gcc-arm-none-eabi-10.3-2021.10-win32/gcc-arm-none-eabi-10.3-2021.10/bin/../lib/gcc/arm-none-eabi/10.3.1/../../../../arm-none-eabi/lib/thumb/v7-m/nofp\libg.a(lib_a-svfprintf.o)
 .rodata._dtoa_r.str1.4
                0x0800c60c       0xa2 d:/clion/tools/gcc-arm-none-eabi-10.3-2021.10-win32/gcc-arm-none-eabi-10.3-2021.10/bin/../lib/gcc/arm-none-eabi/10.3.1/../../../../arm-none-eabi/lib/thumb/v7-m/nofp\libg.a(lib_a-dtoa.o)
                                 0xa6 (size before relaxing)
 *fill*         0x0800c6ae        0x2 
 .rodata.__gethex.str1.4
                0x0800c6b0       0x86 d:/clion/tools/gcc-arm-none-eabi-10.3-2021.10-win32/gcc-arm-none-eabi-10.3-2021.10/bin/../lib/gcc/arm-none-eabi/10.3.1/../../../../arm-none-eabi/lib/thumb/v7-m/nofp\libg.a(lib_a-gdtoa-gethex.o)
                                 0x9a (size before relaxing)
 *fill*         0x0800c736        0x2 
 .rodata.__hexdig
                0x0800c738      0x100 d:/clion/tools/gcc-arm-none-eabi-10.3-2021.10-win32/gcc-arm-none-eabi-10.3-2021.10/bin/../lib/gcc/arm-none-eabi/10.3.1/../../../../arm-none-eabi/lib/thumb/v7-m/nofp\libg.a(lib_a-gdtoa-gethex.o)
                0x0800c738                __hexdig
 .rodata.str1.4
                0x0800c838        0x2 d:/clion/tools/gcc-arm-none-eabi-10.3-2021.10-win32/gcc-arm-none-eabi-10.3-2021.10/bin/../lib/gcc/arm-none-eabi/10.3.1/../../../../arm-none-eabi/lib/thumb/v7-m/nofp\libg.a(lib_a-lnumeric.o)
                                  0x5 (size before relaxing)
 *fill*         0x0800c83a        0x2 
 .rodata._C_numeric_locale
                0x0800c83c        0xc d:/clion/tools/gcc-arm-none-eabi-10.3-2021.10-win32/gcc-arm-none-eabi-10.3-2021.10/bin/../lib/gcc/arm-none-eabi/10.3.1/../../../../arm-none-eabi/lib/thumb/v7-m/nofp\libg.a(lib_a-lnumeric.o)
                0x0800c83c                _C_numeric_locale
 .rodata._setlocale_r.str1.4
                0x0800c848        0xa d:/clion/tools/gcc-arm-none-eabi-10.3-2021.10-win32/gcc-arm-none-eabi-10.3-2021.10/bin/../lib/gcc/arm-none-eabi/10.3.1/../../../../arm-none-eabi/lib/thumb/v7-m/nofp\libg.a(lib_a-locale.o)
                                  0xd (size before relaxing)
 .rodata.str1.4
                0x0800c852        0x2 d:/clion/tools/gcc-arm-none-eabi-10.3-2021.10-win32/gcc-arm-none-eabi-10.3-2021.10/bin/../lib/gcc/arm-none-eabi/10.3.1/../../../../arm-none-eabi/lib/thumb/v7-m/nofp\libg.a(lib_a-locale.o)
 *fill*         0x0800c852        0x2 
 .rodata.__multadd.str1.4
                0x0800c854       0x7f d:/clion/tools/gcc-arm-none-eabi-10.3-2021.10-win32/gcc-arm-none-eabi-10.3-2021.10/bin/../lib/gcc/arm-none-eabi/10.3.1/../../../../arm-none-eabi/lib/thumb/v7-m/nofp\libg.a(lib_a-mprec.o)
                                 0x93 (size before relaxing)
 *fill*         0x0800c8d3        0x5 
 .rodata.__mprec_bigtens
                0x0800c8d8       0x28 d:/clion/tools/gcc-arm-none-eabi-10.3-2021.10-win32/gcc-arm-none-eabi-10.3-2021.10/bin/../lib/gcc/arm-none-eabi/10.3.1/../../../../arm-none-eabi/lib/thumb/v7-m/nofp\libg.a(lib_a-mprec.o)
                0x0800c8d8                __mprec_bigtens
 .rodata.__mprec_tens
                0x0800c900       0xc8 d:/clion/tools/gcc-arm-none-eabi-10.3-2021.10-win32/gcc-arm-none-eabi-10.3-2021.10/bin/../lib/gcc/arm-none-eabi/10.3.1/../../../../arm-none-eabi/lib/thumb/v7-m/nofp\libg.a(lib_a-mprec.o)
                0x0800c900                __mprec_tens
 .rodata.p05.0  0x0800c9c8        0xc d:/clion/tools/gcc-arm-none-eabi-10.3-2021.10-win32/gcc-arm-none-eabi-10.3-2021.10/bin/../lib/gcc/arm-none-eabi/10.3.1/../../../../arm-none-eabi/lib/thumb/v7-m/nofp\libg.a(lib_a-mprec.o)
 .rodata.__assert_func.str1.4
                0x0800c9d4       0x3f d:/clion/tools/gcc-arm-none-eabi-10.3-2021.10-win32/gcc-arm-none-eabi-10.3-2021.10/bin/../lib/gcc/arm-none-eabi/10.3.1/../../../../arm-none-eabi/lib/thumb/v7-m/nofp\libg.a(lib_a-assert.o)
                                 0x43 (size before relaxing)
 *fill*         0x0800ca13        0x1 
 .rodata._ctype_
                0x0800ca14      0x101 d:/clion/tools/gcc-arm-none-eabi-10.3-2021.10-win32/gcc-arm-none-eabi-10.3-2021.10/bin/../lib/gcc/arm-none-eabi/10.3.1/../../../../arm-none-eabi/lib/thumb/v7-m/nofp\libg.a(lib_a-ctype_.o)
                0x0800ca14                _ctype_
 .rodata._vfiprintf_r.str1.4
                0x0800cb15       0x2f d:/clion/tools/gcc-arm-none-eabi-10.3-2021.10-win32/gcc-arm-none-eabi-10.3-2021.10/bin/../lib/gcc/arm-none-eabi/10.3.1/../../../../arm-none-eabi/lib/thumb/v7-m/nofp\libg.a(lib_a-vfiprintf.o)
 *fill*         0x0800cb15        0x3 
 .rodata.blanks.1
                0x0800cb18       0x10 d:/clion/tools/gcc-arm-none-eabi-10.3-2021.10-win32/gcc-arm-none-eabi-10.3-2021.10/bin/../lib/gcc/arm-none-eabi/10.3.1/../../../../arm-none-eabi/lib/thumb/v7-m/nofp\libg.a(lib_a-vfiprintf.o)
 .rodata.zeroes.0
                0x0800cb28       0x10 d:/clion/tools/gcc-arm-none-eabi-10.3-2021.10-win32/gcc-arm-none-eabi-10.3-2021.10/bin/../lib/gcc/arm-none-eabi/10.3.1/../../../../arm-none-eabi/lib/thumb/v7-m/nofp\libg.a(lib_a-vfiprintf.o)
                0x0800cb38                . = ALIGN (0x4)

.ARM.extab      0x0800cb38        0x0
                0x0800cb38                . = ALIGN (0x4)
 *(.ARM.extab* .gnu.linkonce.armextab.*)
                0x0800cb38                . = ALIGN (0x4)

.ARM            0x0800cb38        0x8
                0x0800cb38                . = ALIGN (0x4)
                0x0800cb38                __exidx_start = .
 *(.ARM.exidx*)
 .ARM.exidx     0x0800cb38        0x8 d:/clion/tools/gcc-arm-none-eabi-10.3-2021.10-win32/gcc-arm-none-eabi-10.3-2021.10/bin/../lib/gcc/arm-none-eabi/10.3.1/thumb/v7-m/nofp\libgcc.a(_udivmoddi4.o)
                0x0800cb40                __exidx_end = .
                0x0800cb40                . = ALIGN (0x4)

.rel.dyn        0x0800cb40        0x0
 .rel.iplt      0x0800cb40        0x0 d:/clion/tools/gcc-arm-none-eabi-10.3-2021.10-win32/gcc-arm-none-eabi-10.3-2021.10/bin/../lib/gcc/arm-none-eabi/10.3.1/thumb/v7-m/nofp/crtbegin.o

.preinit_array  0x0800cb40        0x0
                0x0800cb40                . = ALIGN (0x4)
                0x0800cb40                PROVIDE (__preinit_array_start = .)
 *(.preinit_array*)
                0x0800cb40                PROVIDE (__preinit_array_end = .)
                0x0800cb40                . = ALIGN (0x4)

.init_array     0x0800cb40        0x8
                0x0800cb40                . = ALIGN (0x4)
                0x0800cb40                PROVIDE (__init_array_start = .)
 *(SORT_BY_NAME(.init_array.*))
 .init_array.00000
                0x0800cb40        0x4 d:/clion/tools/gcc-arm-none-eabi-10.3-2021.10-win32/gcc-arm-none-eabi-10.3-2021.10/bin/../lib/gcc/arm-none-eabi/10.3.1/../../../../arm-none-eabi/lib/thumb/v7-m/nofp\libg.a(lib_a-__call_atexit.o)
 *(.init_array*)
 .init_array    0x0800cb44        0x4 d:/clion/tools/gcc-arm-none-eabi-10.3-2021.10-win32/gcc-arm-none-eabi-10.3-2021.10/bin/../lib/gcc/arm-none-eabi/10.3.1/thumb/v7-m/nofp/crtbegin.o
                0x0800cb48                PROVIDE (__init_array_end = .)
                0x0800cb48                . = ALIGN (0x4)

.fini_array     0x0800cb48        0x4
                0x0800cb48                . = ALIGN (0x4)
                0x0800cb48                PROVIDE (__fini_array_start = .)
 *(SORT_BY_NAME(.fini_array.*))
 *(.fini_array*)
 .fini_array    0x0800cb48        0x4 d:/clion/tools/gcc-arm-none-eabi-10.3-2021.10-win32/gcc-arm-none-eabi-10.3-2021.10/bin/../lib/gcc/arm-none-eabi/10.3.1/thumb/v7-m/nofp/crtbegin.o
                0x0800cb4c                PROVIDE (__fini_array_end = .)
                0x0800cb4c                . = ALIGN (0x4)
                0x0800cb4c                _sidata = LOADADDR (.data)

.data           0x20000000      0x9bc load address 0x0800cb4c
                0x20000000                . = ALIGN (0x4)
                0x20000000                _sdata = .
 *(.data)
 *(.data*)
 .data.SystemCoreClock
                0x20000000        0x4 CMakeFiles/v1.elf.dir/Core/Src/system_stm32f1xx.c.obj
                0x20000000                SystemCoreClock
 .data.uwTickFreq
                0x20000004        0x1 CMakeFiles/v1.elf.dir/Drivers/STM32F1xx_HAL_Driver/Src/stm32f1xx_hal.c.obj
                0x20000004                uwTickFreq
 *fill*         0x20000005        0x3 
 .data.uwTickPrio
                0x20000008        0x4 CMakeFiles/v1.elf.dir/Drivers/STM32F1xx_HAL_Driver/Src/stm32f1xx_hal.c.obj
                0x20000008                uwTickPrio
 .data._impure_ptr
                0x2000000c        0x4 d:/clion/tools/gcc-arm-none-eabi-10.3-2021.10-win32/gcc-arm-none-eabi-10.3-2021.10/bin/../lib/gcc/arm-none-eabi/10.3.1/../../../../arm-none-eabi/lib/thumb/v7-m/nofp\libg.a(lib_a-impure.o)
                0x2000000c                _impure_ptr
 .data.impure_data
                0x20000010      0x428 d:/clion/tools/gcc-arm-none-eabi-10.3-2021.10-win32/gcc-arm-none-eabi-10.3-2021.10/bin/../lib/gcc/arm-none-eabi/10.3.1/../../../../arm-none-eabi/lib/thumb/v7-m/nofp\libg.a(lib_a-impure.o)
 .data.__atexit_recursive_mutex
                0x20000438        0x4 d:/clion/tools/gcc-arm-none-eabi-10.3-2021.10-win32/gcc-arm-none-eabi-10.3-2021.10/bin/../lib/gcc/arm-none-eabi/10.3.1/../../../../arm-none-eabi/lib/thumb/v7-m/nofp\libg.a(lib_a-__call_atexit.o)
                0x20000438                __atexit_recursive_mutex
 .data.numempty
                0x2000043c        0x2 d:/clion/tools/gcc-arm-none-eabi-10.3-2021.10-win32/gcc-arm-none-eabi-10.3-2021.10/bin/../lib/gcc/arm-none-eabi/10.3.1/../../../../arm-none-eabi/lib/thumb/v7-m/nofp\libg.a(lib_a-lnumeric.o)
 *fill*         0x2000043e        0x2 
 .data.__global_locale
                0x20000440      0x16c d:/clion/tools/gcc-arm-none-eabi-10.3-2021.10-win32/gcc-arm-none-eabi-10.3-2021.10/bin/../lib/gcc/arm-none-eabi/10.3.1/../../../../arm-none-eabi/lib/thumb/v7-m/nofp\libg.a(lib_a-locale.o)
                0x20000440                __global_locale
 .data.__malloc_av_
                0x200005ac      0x408 d:/clion/tools/gcc-arm-none-eabi-10.3-2021.10-win32/gcc-arm-none-eabi-10.3-2021.10/bin/../lib/gcc/arm-none-eabi/10.3.1/../../../../arm-none-eabi/lib/thumb/v7-m/nofp\libg.a(lib_a-mallocr.o)
                0x200005ac                __malloc_av_
 .data.__malloc_sbrk_base
                0x200009b4        0x4 d:/clion/tools/gcc-arm-none-eabi-10.3-2021.10-win32/gcc-arm-none-eabi-10.3-2021.10/bin/../lib/gcc/arm-none-eabi/10.3.1/../../../../arm-none-eabi/lib/thumb/v7-m/nofp\libg.a(lib_a-mallocr.o)
                0x200009b4                __malloc_sbrk_base
 .data.__malloc_trim_threshold
                0x200009b8        0x4 d:/clion/tools/gcc-arm-none-eabi-10.3-2021.10-win32/gcc-arm-none-eabi-10.3-2021.10/bin/../lib/gcc/arm-none-eabi/10.3.1/../../../../arm-none-eabi/lib/thumb/v7-m/nofp\libg.a(lib_a-mallocr.o)
                0x200009b8                __malloc_trim_threshold
 *(.RamFunc)
 *(.RamFunc*)
                0x200009bc                . = ALIGN (0x4)
                0x200009bc                _edata = .

.igot.plt       0x200009bc        0x0 load address 0x0800d508
 .igot.plt      0x200009bc        0x0 d:/clion/tools/gcc-arm-none-eabi-10.3-2021.10-win32/gcc-arm-none-eabi-10.3-2021.10/bin/../lib/gcc/arm-none-eabi/10.3.1/thumb/v7-m/nofp/crtbegin.o
                0x200009bc                . = ALIGN (0x4)

.bss            0x200009bc      0x218 load address 0x0800d508
                0x200009bc                _sbss = .
                0x200009bc                __bss_start__ = _sbss
 *(.bss)
 .bss           0x200009bc       0x1c d:/clion/tools/gcc-arm-none-eabi-10.3-2021.10-win32/gcc-arm-none-eabi-10.3-2021.10/bin/../lib/gcc/arm-none-eabi/10.3.1/thumb/v7-m/nofp/crtbegin.o
 *(.bss*)
 .bss.sbuf      0x200009d8       0x14 CMakeFiles/v1.elf.dir/Core/Src/main.c.obj
                0x200009d8                sbuf
 .bss.__sbrk_heap_end
                0x200009ec        0x4 CMakeFiles/v1.elf.dir/Core/Src/sysmem.c.obj
 .bss.htim2     0x200009f0       0x48 CMakeFiles/v1.elf.dir/Core/Src/tim.c.obj
                0x200009f0                htim2
 .bss.htim4     0x20000a38       0x48 CMakeFiles/v1.elf.dir/Core/Src/tim.c.obj
                0x20000a38                htim4
 .bss.tim_cnt.0
                0x20000a80        0x4 CMakeFiles/v1.elf.dir/Core/Src/tim.c.obj
 .bss.X_data    0x20000a84        0x4 CMakeFiles/v1.elf.dir/Core/Src/usart.c.obj
                0x20000a84                X_data
 .bss.Y_data    0x20000a88        0x4 CMakeFiles/v1.elf.dir/Core/Src/usart.c.obj
                0x20000a88                Y_data
 .bss.cnt.0     0x20000a8c        0x1 CMakeFiles/v1.elf.dir/Core/Src/usart.c.obj
 *fill*         0x20000a8d        0x3 
 .bss.huart1    0x20000a90       0x48 CMakeFiles/v1.elf.dir/Core/Src/usart.c.obj
                0x20000a90                huart1
 .bss.huart2    0x20000ad8       0x48 CMakeFiles/v1.elf.dir/Core/Src/usart.c.obj
                0x20000ad8                huart2
 .bss.rec       0x20000b20        0x1 CMakeFiles/v1.elf.dir/Core/Src/usart.c.obj
                0x20000b20                rec
 *fill*         0x20000b21        0x3 
 .bss.rec_buff  0x20000b24       0x14 CMakeFiles/v1.elf.dir/Core/Src/usart.c.obj
                0x20000b24                rec_buff
 .bss.uwTick    0x20000b38        0x4 CMakeFiles/v1.elf.dir/Drivers/STM32F1xx_HAL_Driver/Src/stm32f1xx_hal.c.obj
                0x20000b38                uwTick
 .bss.pid_Servo_x
                0x20000b3c       0x28 CMakeFiles/v1.elf.dir/pid/PID.c.obj
                0x20000b3c                pid_Servo_x
 .bss.pid_Servo_y
                0x20000b64       0x28 CMakeFiles/v1.elf.dir/pid/PID.c.obj
                0x20000b64                pid_Servo_y
 .bss.__lock___atexit_recursive_mutex
                0x20000b8c        0x1 d:/clion/tools/gcc-arm-none-eabi-10.3-2021.10-win32/gcc-arm-none-eabi-10.3-2021.10/bin/../lib/gcc/arm-none-eabi/10.3.1/../../../../arm-none-eabi/lib/thumb/v7-m/nofp\libg.a(lib_a-lock.o)
                0x20000b8c                __lock___atexit_recursive_mutex
 *fill*         0x20000b8d        0x3 
 .bss.__lock___malloc_recursive_mutex
                0x20000b90        0x1 d:/clion/tools/gcc-arm-none-eabi-10.3-2021.10-win32/gcc-arm-none-eabi-10.3-2021.10/bin/../lib/gcc/arm-none-eabi/10.3.1/../../../../arm-none-eabi/lib/thumb/v7-m/nofp\libg.a(lib_a-lock.o)
                0x20000b90                __lock___malloc_recursive_mutex
 *fill*         0x20000b91        0x3 
 .bss.__lock___sfp_recursive_mutex
                0x20000b94        0x1 d:/clion/tools/gcc-arm-none-eabi-10.3-2021.10-win32/gcc-arm-none-eabi-10.3-2021.10/bin/../lib/gcc/arm-none-eabi/10.3.1/../../../../arm-none-eabi/lib/thumb/v7-m/nofp\libg.a(lib_a-lock.o)
                0x20000b94                __lock___sfp_recursive_mutex
 *fill*         0x20000b95        0x3 
 .bss.__lock___sinit_recursive_mutex
                0x20000b98        0x1 d:/clion/tools/gcc-arm-none-eabi-10.3-2021.10-win32/gcc-arm-none-eabi-10.3-2021.10/bin/../lib/gcc/arm-none-eabi/10.3.1/../../../../arm-none-eabi/lib/thumb/v7-m/nofp\libg.a(lib_a-lock.o)
                0x20000b98                __lock___sinit_recursive_mutex
 *fill*         0x20000b99        0x3 
 .bss.__malloc_current_mallinfo
                0x20000b9c       0x28 d:/clion/tools/gcc-arm-none-eabi-10.3-2021.10-win32/gcc-arm-none-eabi-10.3-2021.10/bin/../lib/gcc/arm-none-eabi/10.3.1/../../../../arm-none-eabi/lib/thumb/v7-m/nofp\libg.a(lib_a-mallocr.o)
                0x20000b9c                __malloc_current_mallinfo
 .bss.__malloc_max_sbrked_mem
                0x20000bc4        0x4 d:/clion/tools/gcc-arm-none-eabi-10.3-2021.10-win32/gcc-arm-none-eabi-10.3-2021.10/bin/../lib/gcc/arm-none-eabi/10.3.1/../../../../arm-none-eabi/lib/thumb/v7-m/nofp\libg.a(lib_a-mallocr.o)
                0x20000bc4                __malloc_max_sbrked_mem
 .bss.__malloc_max_total_mem
                0x20000bc8        0x4 d:/clion/tools/gcc-arm-none-eabi-10.3-2021.10-win32/gcc-arm-none-eabi-10.3-2021.10/bin/../lib/gcc/arm-none-eabi/10.3.1/../../../../arm-none-eabi/lib/thumb/v7-m/nofp\libg.a(lib_a-mallocr.o)
                0x20000bc8                __malloc_max_total_mem
 .bss.__malloc_top_pad
                0x20000bcc        0x4 d:/clion/tools/gcc-arm-none-eabi-10.3-2021.10-win32/gcc-arm-none-eabi-10.3-2021.10/bin/../lib/gcc/arm-none-eabi/10.3.1/../../../../arm-none-eabi/lib/thumb/v7-m/nofp\libg.a(lib_a-mallocr.o)
                0x20000bcc                __malloc_top_pad
 .bss.errno     0x20000bd0        0x4 d:/clion/tools/gcc-arm-none-eabi-10.3-2021.10-win32/gcc-arm-none-eabi-10.3-2021.10/bin/../lib/gcc/arm-none-eabi/10.3.1/../../../../arm-none-eabi/lib/thumb/v7-m/nofp\libg.a(lib_a-reent.o)
                0x20000bd0                errno
 *(COMMON)
                0x20000bd4                . = ALIGN (0x4)
                0x20000bd4                _ebss = .
                0x20000bd4                __bss_end__ = _ebss

._user_heap_stack
                0x20000bd4      0x604 load address 0x0800d508
                0x20000bd8                . = ALIGN (0x8)
 *fill*         0x20000bd4        0x4 
                [!provide]                PROVIDE (end = .)
                0x20000bd8                PROVIDE (_end = .)
                0x20000dd8                . = (. + _Min_Heap_Size)
 *fill*         0x20000bd8      0x200 
                0x200011d8                . = (. + _Min_Stack_Size)
 *fill*         0x20000dd8      0x400 
                0x200011d8                . = ALIGN (0x8)

/DISCARD/
 libc.a(*)
 libm.a(*)
 libgcc.a(*)

.ARM.attributes
                0x00000000       0x29
 *(.ARM.attributes)
 .ARM.attributes
                0x00000000       0x1d d:/clion/tools/gcc-arm-none-eabi-10.3-2021.10-win32/gcc-arm-none-eabi-10.3-2021.10/bin/../lib/gcc/arm-none-eabi/10.3.1/thumb/v7-m/nofp/crti.o
 .ARM.attributes
                0x0000001d       0x2d d:/clion/tools/gcc-arm-none-eabi-10.3-2021.10-win32/gcc-arm-none-eabi-10.3-2021.10/bin/../lib/gcc/arm-none-eabi/10.3.1/thumb/v7-m/nofp/crtbegin.o
 .ARM.attributes
                0x0000004a       0x2d CMakeFiles/v1.elf.dir/Core/Src/gpio.c.obj
 .ARM.attributes
                0x00000077       0x2d CMakeFiles/v1.elf.dir/Core/Src/main.c.obj
 .ARM.attributes
                0x000000a4       0x2d CMakeFiles/v1.elf.dir/Core/Src/stm32f1xx_hal_msp.c.obj
 .ARM.attributes
                0x000000d1       0x2d CMakeFiles/v1.elf.dir/Core/Src/stm32f1xx_it.c.obj
 .ARM.attributes
                0x000000fe       0x2d CMakeFiles/v1.elf.dir/Core/Src/syscalls.c.obj
 .ARM.attributes
                0x0000012b       0x2d CMakeFiles/v1.elf.dir/Core/Src/sysmem.c.obj
 .ARM.attributes
                0x00000158       0x2d CMakeFiles/v1.elf.dir/Core/Src/system_stm32f1xx.c.obj
 .ARM.attributes
                0x00000185       0x2d CMakeFiles/v1.elf.dir/Core/Src/tim.c.obj
 .ARM.attributes
                0x000001b2       0x2d CMakeFiles/v1.elf.dir/Core/Src/usart.c.obj
 .ARM.attributes
                0x000001df       0x21 CMakeFiles/v1.elf.dir/Core/Startup/startup_stm32f103c8tx.s.obj
 .ARM.attributes
                0x00000200       0x2d CMakeFiles/v1.elf.dir/Drivers/STM32F1xx_HAL_Driver/Src/stm32f1xx_hal.c.obj
 .ARM.attributes
                0x0000022d       0x2d CMakeFiles/v1.elf.dir/Drivers/STM32F1xx_HAL_Driver/Src/stm32f1xx_hal_cortex.c.obj
 .ARM.attributes
                0x0000025a       0x2d CMakeFiles/v1.elf.dir/Drivers/STM32F1xx_HAL_Driver/Src/stm32f1xx_hal_dma.c.obj
 .ARM.attributes
                0x00000287       0x2d CMakeFiles/v1.elf.dir/Drivers/STM32F1xx_HAL_Driver/Src/stm32f1xx_hal_gpio.c.obj
 .ARM.attributes
                0x000002b4       0x2d CMakeFiles/v1.elf.dir/Drivers/STM32F1xx_HAL_Driver/Src/stm32f1xx_hal_rcc.c.obj
 .ARM.attributes
                0x000002e1       0x2d CMakeFiles/v1.elf.dir/Drivers/STM32F1xx_HAL_Driver/Src/stm32f1xx_hal_tim.c.obj
 .ARM.attributes
                0x0000030e       0x2d CMakeFiles/v1.elf.dir/Drivers/STM32F1xx_HAL_Driver/Src/stm32f1xx_hal_tim_ex.c.obj
 .ARM.attributes
                0x0000033b       0x2d CMakeFiles/v1.elf.dir/Drivers/STM32F1xx_HAL_Driver/Src/stm32f1xx_hal_uart.c.obj
 .ARM.attributes
                0x00000368       0x2d CMakeFiles/v1.elf.dir/control/control.c.obj
 .ARM.attributes
                0x00000395       0x2d CMakeFiles/v1.elf.dir/oled_sim/oled.c.obj
 .ARM.attributes
                0x000003c2       0x2d CMakeFiles/v1.elf.dir/pid/PID.c.obj
 .ARM.attributes
                0x000003ef       0x1d d:/clion/tools/gcc-arm-none-eabi-10.3-2021.10-win32/gcc-arm-none-eabi-10.3-2021.10/bin/../lib/gcc/arm-none-eabi/10.3.1/thumb/v7-m/nofp\libgcc.a(_arm_mulsf3.o)
 .ARM.attributes
                0x0000040c       0x1d d:/clion/tools/gcc-arm-none-eabi-10.3-2021.10-win32/gcc-arm-none-eabi-10.3-2021.10/bin/../lib/gcc/arm-none-eabi/10.3.1/thumb/v7-m/nofp\libgcc.a(_arm_addsubsf3.o)
 .ARM.attributes
                0x00000429       0x1d d:/clion/tools/gcc-arm-none-eabi-10.3-2021.10-win32/gcc-arm-none-eabi-10.3-2021.10/bin/../lib/gcc/arm-none-eabi/10.3.1/thumb/v7-m/nofp\libgcc.a(_arm_cmpsf2.o)
 .ARM.attributes
                0x00000446       0x1d d:/clion/tools/gcc-arm-none-eabi-10.3-2021.10-win32/gcc-arm-none-eabi-10.3-2021.10/bin/../lib/gcc/arm-none-eabi/10.3.1/thumb/v7-m/nofp\libgcc.a(_arm_fixsfsi.o)
 .ARM.attributes
                0x00000463       0x1d d:/clion/tools/gcc-arm-none-eabi-10.3-2021.10-win32/gcc-arm-none-eabi-10.3-2021.10/bin/../lib/gcc/arm-none-eabi/10.3.1/thumb/v7-m/nofp\libgcc.a(_arm_fixunssfsi.o)
 .ARM.attributes
                0x00000480       0x2d d:/clion/tools/gcc-arm-none-eabi-10.3-2021.10-win32/gcc-arm-none-eabi-10.3-2021.10/bin/../lib/gcc/arm-none-eabi/10.3.1/../../../../arm-none-eabi/lib/thumb/v7-m/nofp\libg.a(lib_a-atoff.o)
 .ARM.attributes
                0x000004ad       0x2d d:/clion/tools/gcc-arm-none-eabi-10.3-2021.10-win32/gcc-arm-none-eabi-10.3-2021.10/bin/../lib/gcc/arm-none-eabi/10.3.1/../../../../arm-none-eabi/lib/thumb/v7-m/nofp\libg.a(lib_a-errno.o)
 .ARM.attributes
                0x000004da       0x2d d:/clion/tools/gcc-arm-none-eabi-10.3-2021.10-win32/gcc-arm-none-eabi-10.3-2021.10/bin/../lib/gcc/arm-none-eabi/10.3.1/../../../../arm-none-eabi/lib/thumb/v7-m/nofp\libg.a(lib_a-impure.o)
 .ARM.attributes
                0x00000507       0x2d d:/clion/tools/gcc-arm-none-eabi-10.3-2021.10-win32/gcc-arm-none-eabi-10.3-2021.10/bin/../lib/gcc/arm-none-eabi/10.3.1/../../../../arm-none-eabi/lib/thumb/v7-m/nofp\libg.a(lib_a-init.o)
 .ARM.attributes
                0x00000534       0x2d d:/clion/tools/gcc-arm-none-eabi-10.3-2021.10-win32/gcc-arm-none-eabi-10.3-2021.10/bin/../lib/gcc/arm-none-eabi/10.3.1/../../../../arm-none-eabi/lib/thumb/v7-m/nofp\libg.a(lib_a-memset.o)
 .ARM.attributes
                0x00000561       0x2d d:/clion/tools/gcc-arm-none-eabi-10.3-2021.10-win32/gcc-arm-none-eabi-10.3-2021.10/bin/../lib/gcc/arm-none-eabi/10.3.1/../../../../arm-none-eabi/lib/thumb/v7-m/nofp\libg.a(lib_a-sprintf.o)
 .ARM.attributes
                0x0000058e       0x2d d:/clion/tools/gcc-arm-none-eabi-10.3-2021.10-win32/gcc-arm-none-eabi-10.3-2021.10/bin/../lib/gcc/arm-none-eabi/10.3.1/../../../../arm-none-eabi/lib/thumb/v7-m/nofp\libg.a(lib_a-strstr.o)
 .ARM.attributes
                0x000005bb       0x2d d:/clion/tools/gcc-arm-none-eabi-10.3-2021.10-win32/gcc-arm-none-eabi-10.3-2021.10/bin/../lib/gcc/arm-none-eabi/10.3.1/../../../../arm-none-eabi/lib/thumb/v7-m/nofp\libg.a(lib_a-strtod.o)
 .ARM.attributes
                0x000005e8       0x2d d:/clion/tools/gcc-arm-none-eabi-10.3-2021.10-win32/gcc-arm-none-eabi-10.3-2021.10/bin/../lib/gcc/arm-none-eabi/10.3.1/../../../../arm-none-eabi/lib/thumb/v7-m/nofp\libg.a(lib_a-svfprintf.o)
 .ARM.attributes
                0x00000615       0x2d d:/clion/tools/gcc-arm-none-eabi-10.3-2021.10-win32/gcc-arm-none-eabi-10.3-2021.10/bin/../lib/gcc/arm-none-eabi/10.3.1/../../../../arm-none-eabi/lib/thumb/v7-m/nofp\libg.a(lib_a-__call_atexit.o)
 .ARM.attributes
                0x00000642       0x2d d:/clion/tools/gcc-arm-none-eabi-10.3-2021.10-win32/gcc-arm-none-eabi-10.3-2021.10/bin/../lib/gcc/arm-none-eabi/10.3.1/../../../../arm-none-eabi/lib/thumb/v7-m/nofp\libg.a(lib_a-atexit.o)
 .ARM.attributes
                0x0000066f       0x2d d:/clion/tools/gcc-arm-none-eabi-10.3-2021.10-win32/gcc-arm-none-eabi-10.3-2021.10/bin/../lib/gcc/arm-none-eabi/10.3.1/../../../../arm-none-eabi/lib/thumb/v7-m/nofp\libg.a(lib_a-dtoa.o)
 .ARM.attributes
                0x0000069c       0x2d d:/clion/tools/gcc-arm-none-eabi-10.3-2021.10-win32/gcc-arm-none-eabi-10.3-2021.10/bin/../lib/gcc/arm-none-eabi/10.3.1/../../../../arm-none-eabi/lib/thumb/v7-m/nofp\libg.a(lib_a-fini.o)
 .ARM.attributes
                0x000006c9       0x2d d:/clion/tools/gcc-arm-none-eabi-10.3-2021.10-win32/gcc-arm-none-eabi-10.3-2021.10/bin/../lib/gcc/arm-none-eabi/10.3.1/../../../../arm-none-eabi/lib/thumb/v7-m/nofp\libg.a(lib_a-freer.o)
 .ARM.attributes