Archive member included to satisfy reference by file (symbol)

d:/clion/tools/gcc-arm-none-eabi-10.3-2021.10-win32/gcc-arm-none-eabi-10.3-2021.10/bin/../lib/gcc/arm-none-eabi/10.3.1/thumb/v7-m/nofp\libgcc.a(_arm_muldf3.o)
                              CMakeFiles/v1.elf.dir/control/control.c.obj (__aeabi_dmul)
d:/clion/tools/gcc-arm-none-eabi-10.3-2021.10-win32/gcc-arm-none-eabi-10.3-2021.10/bin/../lib/gcc/arm-none-eabi/10.3.1/thumb/v7-m/nofp\libgcc.a(_arm_mulsf3.o)
                              CMakeFiles/v1.elf.dir/pid/PID.c.obj (__aeabi_fmul)
d:/clion/tools/gcc-arm-none-eabi-10.3-2021.10-win32/gcc-arm-none-eabi-10.3-2021.10/bin/../lib/gcc/arm-none-eabi/10.3.1/thumb/v7-m/nofp\libgcc.a(_arm_addsubdf3.o)
                              CMakeFiles/v1.elf.dir/control/control.c.obj (__aeabi_dadd)
d:/clion/tools/gcc-arm-none-eabi-10.3-2021.10-win32/gcc-arm-none-eabi-10.3-2021.10/bin/../lib/gcc/arm-none-eabi/10.3.1/thumb/v7-m/nofp\libgcc.a(_arm_muldivdf3.o)
                              CMakeFiles/v1.elf.dir/control/control.c.obj (__aeabi_ddiv)
d:/clion/tools/gcc-arm-none-eabi-10.3-2021.10-win32/gcc-arm-none-eabi-10.3-2021.10/bin/../lib/gcc/arm-none-eabi/10.3.1/thumb/v7-m/nofp\libgcc.a(_arm_truncdfsf2.o)
                              CMakeFiles/v1.elf.dir/control/control.c.obj (__aeabi_d2f)
d:/clion/tools/gcc-arm-none-eabi-10.3-2021.10-win32/gcc-arm-none-eabi-10.3-2021.10/bin/../lib/gcc/arm-none-eabi/10.3.1/thumb/v7-m/nofp\libgcc.a(_arm_addsubsf3.o)
                              CMakeFiles/v1.elf.dir/control/control.c.obj (__aeabi_fsub)
d:/clion/tools/gcc-arm-none-eabi-10.3-2021.10-win32/gcc-arm-none-eabi-10.3-2021.10/bin/../lib/gcc/arm-none-eabi/10.3.1/thumb/v7-m/nofp\libgcc.a(_arm_cmpsf2.o)
                              CMakeFiles/v1.elf.dir/control/control.c.obj (__aeabi_fcmpeq)
d:/clion/tools/gcc-arm-none-eabi-10.3-2021.10-win32/gcc-arm-none-eabi-10.3-2021.10/bin/../lib/gcc/arm-none-eabi/10.3.1/thumb/v7-m/nofp\libgcc.a(_arm_fixsfsi.o)
                              CMakeFiles/v1.elf.dir/Core/Src/main.c.obj (__aeabi_f2iz)
d:/clion/tools/gcc-arm-none-eabi-10.3-2021.10-win32/gcc-arm-none-eabi-10.3-2021.10/bin/../lib/gcc/arm-none-eabi/10.3.1/thumb/v7-m/nofp\libgcc.a(_arm_fixunssfsi.o)
                              CMakeFiles/v1.elf.dir/control/control.c.obj (__aeabi_f2uiz)
d:/clion/tools/gcc-arm-none-eabi-10.3-2021.10-win32/gcc-arm-none-eabi-10.3-2021.10/bin/../lib/gcc/arm-none-eabi/10.3.1/../../../../arm-none-eabi/lib/thumb/v7-m/nofp\libg.a(lib_a-atoff.o)
                              CMakeFiles/v1.elf.dir/Core/Src/usart.c.obj (atoff)
d:/clion/tools/gcc-arm-none-eabi-10.3-2021.10-win32/gcc-arm-none-eabi-10.3-2021.10/bin/../lib/gcc/arm-none-eabi/10.3.1/../../../../arm-none-eabi/lib/thumb/v7-m/nofp\libg.a(lib_a-atoi.o)
                              CMakeFiles/v1.elf.dir/Core/Src/usart.c.obj (atoi)
d:/clion/tools/gcc-arm-none-eabi-10.3-2021.10-win32/gcc-arm-none-eabi-10.3-2021.10/bin/../lib/gcc/arm-none-eabi/10.3.1/../../../../arm-none-eabi/lib/thumb/v7-m/nofp\libg.a(lib_a-errno.o)
                              CMakeFiles/v1.elf.dir/Core/Src/syscalls.c.obj (__errno)
d:/clion/tools/gcc-arm-none-eabi-10.3-2021.10-win32/gcc-arm-none-eabi-10.3-2021.10/bin/../lib/gcc/arm-none-eabi/10.3.1/../../../../arm-none-eabi/lib/thumb/v7-m/nofp\libg.a(lib_a-exit.o)
                              d:/clion/tools/gcc-arm-none-eabi-10.3-2021.10-win32/gcc-arm-none-eabi-10.3-2021.10/bin/../lib/gcc/arm-none-eabi/10.3.1/../../../../arm-none-eabi/lib/thumb/v7-m/nofp/crt0.o (exit)
d:/clion/tools/gcc-arm-none-eabi-10.3-2021.10-win32/gcc-arm-none-eabi-10.3-2021.10/bin/../lib/gcc/arm-none-eabi/10.3.1/../../../../arm-none-eabi/lib/thumb/v7-m/nofp\libg.a(lib_a-impure.o)
                              d:/clion/tools/gcc-arm-none-eabi-10.3-2021.10-win32/gcc-arm-none-eabi-10.3-2021.10/bin/../lib/gcc/arm-none-eabi/10.3.1/../../../../arm-none-eabi/lib/thumb/v7-m/nofp\libg.a(lib_a-exit.o) (_global_impure_ptr)
d:/clion/tools/gcc-arm-none-eabi-10.3-2021.10-win32/gcc-arm-none-eabi-10.3-2021.10/bin/../lib/gcc/arm-none-eabi/10.3.1/../../../../arm-none-eabi/lib/thumb/v7-m/nofp\libg.a(lib_a-init.o)
                              d:/clion/tools/gcc-arm-none-eabi-10.3-2021.10-win32/gcc-arm-none-eabi-10.3-2021.10/bin/../lib/gcc/arm-none-eabi/10.3.1/../../../../arm-none-eabi/lib/thumb/v7-m/nofp/crt0.o (__libc_init_array)
d:/clion/tools/gcc-arm-none-eabi-10.3-2021.10-win32/gcc-arm-none-eabi-10.3-2021.10/bin/../lib/gcc/arm-none-eabi/10.3.1/../../../../arm-none-eabi/lib/thumb/v7-m/nofp\libg.a(lib_a-memset.o)
                              d:/clion/tools/gcc-arm-none-eabi-10.3-2021.10-win32/gcc-arm-none-eabi-10.3-2021.10/bin/../lib/gcc/arm-none-eabi/10.3.1/../../../../arm-none-eabi/lib/thumb/v7-m/nofp/crt0.o (memset)
d:/clion/tools/gcc-arm-none-eabi-10.3-2021.10-win32/gcc-arm-none-eabi-10.3-2021.10/bin/../lib/gcc/arm-none-eabi/10.3.1/../../../../arm-none-eabi/lib/thumb/v7-m/nofp\libg.a(lib_a-sprintf.o)
[...]
Memory Configuration

Name             Origin             Length             Attributes
RAM              0x20000000         0x00005000         xrw
FLASH            0x08000000         0x00020000         xr
*default*        0x00000000         0xffffffff

Linker script and memory map

LOAD d:/clion/tools/gcc-arm-none-eabi-10.3-2021.10-win32/gcc-arm-none-eabi-10.3-2021.10/bin/../lib/gcc/arm-none-eabi/10.3.1/thumb/v7-m/nofp/crti.o
LOAD d:/clion/tools/gcc-arm-none-eabi-10.3-2021.10-win32/gcc-arm-none-eabi-10.3-2021.10/bin/../lib/gcc/arm-none-eabi/10.3.1/thumb/v7-m/nofp/crtbegin.o
LOAD d:/clion/tools/gcc-arm-none-eabi-10.3-2021.10-win32/gcc-arm-none-eabi-10.3-2021.10/bin/../lib/gcc/arm-none-eabi/10.3.1/../../../../arm-none-eabi/lib/thumb/v7-m/nofp/crt0.o
LOAD CMakeFiles/v1.elf.dir/Core/Src/dma.c.obj
LOAD CMakeFiles/v1.elf.dir/Core/Src/gpio.c.obj
LOAD CMakeFiles/v1.elf.dir/Core/Src/main.c.obj
LOAD CMakeFiles/v1.elf.dir/Core/Src/stm32f1xx_hal_msp.c.obj
LOAD CMakeFiles/v1.elf.dir/Core/Src/stm32f1xx_it.c.obj
LOAD CMakeFiles/v1.elf.dir/Core/Src/syscalls.c.obj
LOAD CMakeFiles/v1.elf.dir/Core/Src/sysmem.c.obj
LOAD CMakeFiles/v1.elf.dir/Core/Src/system_stm32f1xx.c.obj
LOAD CMakeFiles/v1.elf.dir/Core/Src/tim.c.obj
LOAD CMakeFiles/v1.elf.dir/Core/Src/usart.c.obj
LOAD CMakeFiles/v1.elf.dir/Core/Startup/startup_stm32f103c8tx.s.obj
LOAD CMakeFiles/v1.elf.dir/Drivers/STM32F1xx_HAL_Driver/Src/stm32f1xx_hal.c.obj
LOAD CMakeFiles/v1.elf.dir/Drivers/STM32F1xx_HAL_Driver/Src/stm32f1xx_hal_cortex.c.obj
LOAD CMakeFiles/v1.elf.dir/Drivers/STM32F1xx_HAL_Driver/Src/stm32f1xx_hal_dma.c.obj
LOAD CMakeFiles/v1.elf.dir/Drivers/STM32F1xx_HAL_Driver/Src/stm32f1xx_hal_exti.c.obj
LOAD CMakeFiles/v1.elf.dir/Drivers/STM32F1xx_HAL_Driver/Src/stm32f1xx_hal_flash.c.obj
LOAD CMakeFiles/v1.elf.dir/Drivers/STM32F1xx_HAL_Driver/Src/stm32f1xx_hal_flash_ex.c.obj
LOAD CMakeFiles/v1.elf.dir/Drivers/STM32F1xx_HAL_Driver/Src/stm32f1xx_hal_gpio.c.obj
LOAD CMakeFiles/v1.elf.dir/Drivers/STM32F1xx_HAL_Driver/Src/stm32f1xx_hal_gpio_ex.c.obj
LOAD CMakeFiles/v1.elf.dir/Drivers/STM32F1xx_HAL_Driver/Src/stm32f1xx_hal_pwr.c.obj
LOAD CMakeFiles/v1.elf.dir/Drivers/STM32F1xx_HAL_Driver/Src/stm32f1xx_hal_rcc.c.obj
LOAD CMakeFiles/v1.elf.dir/Drivers/STM32F1xx_HAL_Driver/Src/stm32f1xx_hal_rcc_ex.c.obj
LOAD CMakeFiles/v1.elf.dir/Drivers/STM32F1xx_HAL_Driver/Src/stm32f1xx_hal_tim.c.obj
LOAD CMakeFiles/v1.elf.dir/Drivers/STM32F1xx_HAL_Driver/Src/stm32f1xx_hal_tim_ex.c.obj
LOAD CMakeFiles/v1.elf.dir/Drivers/STM32F1xx_HAL_Driver/Src/stm32f1xx_hal_uart.c.obj
LOAD CMakeFiles/v1.elf.dir/control/control.c.obj
LOAD CMakeFiles/v1.elf.dir/oled_sim/oled.c.obj
LOAD CMakeFiles/v1.elf.dir/pid/PID.c.obj
LOAD CMakeFiles/v1.elf.dir/uart/USART_2.c.obj
START GROUP
LOAD d:/clion/tools/gcc-arm-none-eabi-10.3-2021.10-win32/gcc-arm-none-eabi-10.3-2021.10/bin/../lib/gcc/arm-none-eabi/10.3.1/thumb/v7-m/nofp\libgcc.a
LOAD d:/clion/tools/gcc-arm-none-eabi-10.3-2021.10-win32/gcc-arm-none-eabi-10.3-2021.10/bin/../lib/gcc/arm-none-eabi/10.3.1/../../../../arm-none-eabi/lib/thumb/v7-m/nofp\libg.a
LOAD d:/clion/tools/gcc-arm-none-eabi-10.3-2021.10-win32/gcc-arm-none-eabi-10.3-2021.10/bin/../lib/gcc/arm-none-eabi/10.3.1/../../../../arm-none-eabi/lib/thumb/v7-m/nofp\libc.a
END GROUP
LOAD d:/clion/tools/gcc-arm-none-eabi-10.3-2021.10-win32/gcc-arm-none-eabi-10.3-2021.10/bin/../lib/gcc/arm-none-eabi/10.3.1/thumb/v7-m/nofp/crtend.o
LOAD d:/clion/tools/gcc-arm-none-eabi-10.3-2021.10-win32/gcc-arm-none-eabi-10.3-2021.10/bin/../lib/gcc/arm-none-eabi/10.3.1/thumb/v7-m/nofp/crtn.o
                0x20005000                _estack = (ORIGIN (RAM) + LENGTH (RAM))
                0x00000200                _Min_Heap_Size = 0x200
                0x00000400                _Min_Stack_Size = 0x400

.isr_vector     0x08000000      0x10c
                0x08000000                . = ALIGN (0x4)
 *(.isr_vector)
 .isr_vector    0x08000000      0x10c CMakeFiles/v1.elf.dir/Core/Startup/startup_stm32f103c8tx.s.obj
                0x08000000                g_pfnVectors
                0x0800010c                . = ALIGN (0x4)

.text           0x08000110     0xc6b0
                0x08000110                . = ALIGN (0x4)
 *(.text)
 .text          0x08000110       0x40 d:/clion/tools/gcc-arm-none-eabi-10.3-2021.10-win32/gcc-arm-none-eabi-10.3-2021.10/bin/../lib/gcc/arm-none-eabi/10.3.1/thumb/v7-m/nofp/crtbegin.o
 .text          0x08000150      0x168 d:/clion/tools/gcc-arm-none-eabi-10.3-2021.10-win32/gcc-arm-none-eabi-10.3-2021.10/bin/../lib/gcc/arm-none-eabi/10.3.1/thumb/v7-m/nofp\libgcc.a(_arm_mulsf3.o)
                0x08000150                __aeabi_fmul
                0x08000150                __mulsf3
 .text          0x080002b8      0x378 d:/clion/tools/gcc-arm-none-eabi-10.3-2021.10-win32/gcc-arm-none-eabi-10.3-2021.10/bin/../lib/gcc/arm-none-eabi/10.3.1/thumb/v7-m/nofp\libgcc.a(_arm_addsubdf3.o)
                0x080002b8                __aeabi_drsub
                0x080002c0                __aeabi_dsub
                0x080002c0                __subdf3
                0x080002c4                __aeabi_dadd
                0x080002c4                __adddf3
                0x0800053c                __floatunsidf
                0x0800053c                __aeabi_ui2d
                0x0800055c                __floatsidf
                0x0800055c                __aeabi_i2d
                0x08000580                __aeabi_f2d
                0x08000580                __extendsfdf2
                0x080005c4                __floatundidf
                0x080005c4                __aeabi_ul2d
                0x080005d4                __floatdidf
                0x080005d4                __aeabi_l2d
 .text          0x08000630      0x424 d:/clion/tools/gcc-arm-none-eabi-10.3-2021.10-win32/gcc-arm-none-eabi-10.3-2021.10/bin/../lib/gcc/arm-none-eabi/10.3.1/thumb/v7-m/nofp\libgcc.a(_arm_muldivdf3.o)
                0x08000630                __aeabi_dmul
                0x08000630                __muldf3
                0x08000884                __divdf3
                0x08000884                __aeabi_ddiv
 .text          0x08000a54       0xa0 d:/clion/tools/gcc-arm-none-eabi-10.3-2021.10-win32/gcc-arm-none-eabi-10.3-2021.10/bin/../lib/gcc/arm-none-eabi/10.3.1/thumb/v7-m/nofp\libgcc.a(_arm_truncdfsf2.o)
                0x08000a54                __truncdfsf2
                0x08000a54                __aeabi_d2f
 .text          0x08000af4      0x21c d:/clion/tools/gcc-arm-none-eabi-10.3-2021.10-win32/gcc-arm-none-eabi-10.3-2021.10/bin/../lib/gcc/arm-none-eabi/10.3.1/thumb/v7-m/nofp\libgcc.a(_arm_addsubsf3.o)
                0x08000af4                __aeabi_frsub
                0x08000afc                __subsf3
                0x08000afc                __aeabi_fsub
                0x08000b00                __aeabi_fadd
                0x08000b00                __addsf3
                0x08000c60                __aeabi_ui2f
                0x08000c60                __floatunsisf
                0x08000c68                __aeabi_i2f
                0x08000c68                __floatsisf
                0x08000c84                __aeabi_ul2f
                0x08000c84                __floatundisf
                0x08000c94                __aeabi_l2f
                0x08000c94                __floatdisf
 .text          0x08000d10       0xec d:/clion/tools/gcc-arm-none-eabi-10.3-2021.10-win32/gcc-arm-none-eabi-10.3-2021.10/bin/../lib/gcc/arm-none-eabi/10.3.1/thumb/v7-m/nofp\libgcc.a(_arm_cmpsf2.o)
                0x08000d10                __gesf2
                0x08000d10                __gtsf2
                0x08000d18                __lesf2
                0x08000d18                __ltsf2
                0x08000d20                __nesf2
                0x08000d20                __eqsf2
                0x08000d20                __cmpsf2
                0x08000d80                __aeabi_cfrcmple
                0x08000d88                __aeabi_cfcmpeq
                0x08000d88                __aeabi_cfcmple
                0x08000d98                __aeabi_fcmpeq
                0x08000dac                __aeabi_fcmplt
                0x08000dc0                __aeabi_fcmple
                0x08000dd4                __aeabi_fcmpge
                0x08000de8                __aeabi_fcmpgt
 .text          0x08000dfc       0x4c d:/clion/tools/gcc-arm-none-eabi-10.3-2021.10-win32/gcc-arm-none-eabi-10.3-2021.10/bin/../lib/gcc/arm-none-eabi/10.3.1/thumb/v7-m/nofp\libgcc.a(_arm_fixsfsi.o)
                0x08000dfc                __aeabi_f2iz
                0x08000dfc                __fixsfsi
 .text          0x08000e48       0x40 d:/clion/tools/gcc-arm-none-eabi-10.3-2021.10-win32/gcc-arm-none-eabi-10.3-2021.10/bin/../lib/gcc/arm-none-eabi/10.3.1/thumb/v7-m/nofp\libgcc.a(_arm_fixunssfsi.o)
                0x08000e48                __fixunssfsi
                0x08000e48                __aeabi_f2uiz
 .text          0x08000e88       0xec d:/clion/tools/gcc-arm-none-eabi-10.3-2021.10-win32/gcc-arm-none-eabi-10.3-2021.10/bin/../lib/gcc/arm-none-eabi/10.3.1/../../../../arm-none-eabi/lib/thumb/v7-m/nofp\libg.a(lib_a-memcpy.o)
                0x08000e88                memcpy
 .text          0x08000f74      0x110 d:/clion/tools/gcc-arm-none-eabi-10.3-2021.10-win32/gcc-arm-none-eabi-10.3-2021.10/bin/../lib/gcc/arm-none-eabi/10.3.1/thumb/v7-m/nofp\libgcc.a(_arm_cmpdf2.o)
                0x08000f74                __gtdf2
                0x08000f74                __gedf2
                0x08000f7c                __ltdf2
                0x08000f7c                __ledf2
                0x08000f84                __nedf2
                0x08000f84                __eqdf2
                0x08000f84                __cmpdf2
                0x08001000                __aeabi_cdrcmple
                0x08001010                __aeabi_cdcmpeq
                0x08001010                __aeabi_cdcmple
                0x08001020                __aeabi_dcmpeq
                0x08001034                __aeabi_dcmplt
                0x08001048                __aeabi_dcmple
                0x0800105c                __aeabi_dcmpge
                0x08001070                __aeabi_dcmpgt
 .text          0x08001084       0x2c d:/clion/tools/gcc-arm-none-eabi-10.3-2021.10-win32/gcc-arm-none-eabi-10.3-2021.10/bin/../lib/gcc/arm-none-eabi/10.3.1/thumb/v7-m/nofp\libgcc.a(_arm_unorddf2.o)
                0x08001084                __unorddf2
                0x08001084                __aeabi_dcmpun
 .text          0x080010b0       0x50 d:/clion/tools/gcc-arm-none-eabi-10.3-2021.10-win32/gcc-arm-none-eabi-10.3-2021.10/bin/../lib/gcc/arm-none-eabi/10.3.1/thumb/v7-m/nofp\libgcc.a(_arm_fixdfsi.o)
                0x080010b0                __aeabi_d2iz
                0x080010b0                __fixdfsi
 .text          0x08001100       0x40 d:/clion/tools/gcc-arm-none-eabi-10.3-2021.10-win32/gcc-arm-none-eabi-10.3-2021.10/bin/../lib/gcc/arm-none-eabi/10.3.1/thumb/v7-m/nofp\libgcc.a(_arm_fixunsdfsi.o)
                0x08001100                __aeabi_d2uiz
                0x08001100                __fixunsdfsi
 .text          0x08001140       0x2c d:/clion/tools/gcc-arm-none-eabi-10.3-2021.10-win32/gcc-arm-none-eabi-10.3-2021.10/bin/../lib/gcc/arm-none-eabi/10.3.1/thumb/v7-m/nofp\libgcc.a(_arm_unordsf2.o)
                0x08001140                __unordsf2
                0x08001140                __aeabi_fcmpun
 .text          0x0800116c       0x30 d:/clion/tools/gcc-arm-none-eabi-10.3-2021.10-win32/gcc-arm-none-eabi-10.3-2021.10/bin/../lib/gcc/arm-none-eabi/10.3.1/thumb/v7-m/nofp\libgcc.a(_aeabi_uldivmod.o)
                0x0800116c                __aeabi_uldivmod
 .text          0x0800119c       0x34 d:/clion/tools/gcc-arm-none-eabi-10.3-2021.10-win32/gcc-arm-none-eabi-10.3-2021.10/bin/../lib/gcc/arm-none-eabi/10.3.1/thumb/v7-m/nofp\libgcc.a(_fixdfdi.o)
                0x0800119c                __fixdfdi
                0x0800119c                __aeabi_d2lz
 .text          0x080011d0       0x3c d:/clion/tools/gcc-arm-none-eabi-10.3-2021.10-win32/gcc-arm-none-eabi-10.3-2021.10/bin/../lib/gcc/arm-none-eabi/10.3.1/thumb/v7-m/nofp\libgcc.a(_fixunsdfdi.o)
                0x080011d0                __fixunsdfdi
                0x080011d0                __aeabi_d2ulz
 .text          0x0800120c      0x2d4 d:/clion/tools/gcc-arm-none-eabi-10.3-2021.10-win32/gcc-arm-none-eabi-10.3-2021.10/bin/../lib/gcc/arm-none-eabi/10.3.1/thumb/v7-m/nofp\libgcc.a(_udivmoddi4.o)
                0x0800120c                __udivmoddi4
 .text          0x080014e0        0x4 d:/clion/tools/gcc-arm-none-eabi-10.3-2021.10-win32/gcc-arm-none-eabi-10.3-2021.10/bin/../lib/gcc/arm-none-eabi/10.3.1/thumb/v7-m/nofp\libgcc.a(_dvmd_tls.o)
                0x080014e0                __aeabi_idiv0
                0x080014e0                __aeabi_ldiv0
 *(.text*)
 .text.MX_DMA_Init
                0x080014e4       0x44 CMakeFiles/v1.elf.dir/Core/Src/dma.c.obj
                0x080014e4                MX_DMA_Init
 .text.MX_GPIO_Init
                0x08001528       0xc8 CMakeFiles/v1.elf.dir/Core/Src/gpio.c.obj
                0x08001528                MX_GPIO_Init
 .text.__io_putchar
                0x080015f0       0x20 CMakeFiles/v1.elf.dir/Core/Src/main.c.obj
                0x080015f0                __io_putchar
 .text.Error_Handler
                0x08001610        0x4 CMakeFiles/v1.elf.dir/Core/Src/main.c.obj
                0x08001610                Error_Handler
 .text.SystemClock_Config
                0x08001614       0x64 CMakeFiles/v1.elf.dir/Core/Src/main.c.obj
                0x08001614                SystemClock_Config
 .text.main     0x08001678      0x158 CMakeFiles/v1.elf.dir/Core/Src/main.c.obj
                0x08001678                main
 .text.HAL_MspInit
                0x080017d0       0x44 CMakeFiles/v1.elf.dir/Core/Src/stm32f1xx_hal_msp.c.obj
                0x080017d0                HAL_MspInit
 .text.NMI_Handler
                0x08001814        0x2 CMakeFiles/v1.elf.dir/Core/Src/stm32f1xx_it.c.obj
                0x08001814                NMI_Handler
 .text.HardFault_Handler
                0x08001816        0x2 CMakeFiles/v1.elf.dir/Core/Src/stm32f1xx_it.c.obj
                0x08001816                HardFault_Handler
 .text.MemManage_Handler
                0x08001818        0x2 CMakeFiles/v1.elf.dir/Core/Src/stm32f1xx_it.c.obj
                0x08001818                MemManage_Handler
 .text.BusFault_Handler
                0x0800181a        0x2 CMakeFiles/v1.elf.dir/Core/Src/stm32f1xx_it.c.obj
                0x0800181a                BusFault_Handler
 .text.UsageFault_Handler
                0x0800181c        0x2 CMakeFiles/v1.elf.dir/Core/Src/stm32f1xx_it.c.obj
                0x0800181c                UsageFault_Handler
 .text.SVC_Handler
                0x0800181e        0x2 CMakeFiles/v1.elf.dir/Core/Src/stm32f1xx_it.c.obj
                0x0800181e                SVC_Handler
 .text.DebugMon_Handler
                0x08001820        0x2 CMakeFiles/v1.elf.dir/Core/Src/stm32f1xx_it.c.obj
                0x08001820                DebugMon_Handler
 .text.PendSV_Handler
                0x08001822        0x2 CMakeFiles/v1.elf.dir/Core/Src/stm32f1xx_it.c.obj
                0x08001822                PendSV_Handler
 .text.SysTick_Handler
                0x08001824        0x8 CMakeFiles/v1.elf.dir/Core/Src/stm32f1xx_it.c.obj
                0x08001824                SysTick_Handler
 .text.DMA1_Channel6_IRQHandler
                0x0800182c       0x10 CMakeFiles/v1.elf.dir/Core/Src/stm32f1xx_it.c.obj
                0x0800182c                DMA1_Channel6_IRQHandler
 .text.DMA1_Channel7_IRQHandler
                0x0800183c       0x10 CMakeFiles/v1.elf.dir/Core/Src/stm32f1xx_it.c.obj
                0x0800183c                DMA1_Channel7_IRQHandler
 .text.TIM4_IRQHandler
                0x0800184c       0x10 CMakeFiles/v1.elf.dir/Core/Src/stm32f1xx_it.c.obj
                0x0800184c                TIM4_IRQHandler
 .text.USART1_IRQHandler
                0x0800185c       0x10 CMakeFiles/v1.elf.dir/Core/Src/stm32f1xx_it.c.obj
                0x0800185c                USART1_IRQHandler
 .text.USART2_IRQHandler
                0x0800186c       0x6c CMakeFiles/v1.elf.dir/Core/Src/stm32f1xx_it.c.obj
                0x0800186c                USART2_IRQHandler
 .text._getpid  0x080018d8        0x4 CMakeFiles/v1.elf.dir/Core/Src/syscalls.c.obj
                0x080018d8                _getpid
 .text._kill    0x080018dc       0x10 CMakeFiles/v1.elf.dir/Core/Src/syscalls.c.obj
                0x080018dc                _kill
 .text._exit    0x080018ec        0xc CMakeFiles/v1.elf.dir/Core/Src/syscalls.c.obj
                0x080018ec                _exit
 .text._read    0x080018f8       0x20 CMakeFiles/v1.elf.dir/Core/Src/syscalls.c.obj
                0x080018f8                _read
 .text._write   0x08001918       0x1c CMakeFiles/v1.elf.dir/Core/Src/syscalls.c.obj
                0x08001918                _write
 .text._close   0x08001934        0x6 CMakeFiles/v1.elf.dir/Core/Src/syscalls.c.obj
                0x08001934                _close
 .text._fstat   0x0800193a        0xa CMakeFiles/v1.elf.dir/Core/Src/syscalls.c.obj
                0x0800193a                _fstat
 .text._isatty  0x08001944        0x4 CMakeFiles/v1.elf.dir/Core/Src/syscalls.c.obj
                0x08001944                _isatty
 .text._lseek   0x08001948        0x4 CMakeFiles/v1.elf.dir/Core/Src/syscalls.c.obj
                0x08001948                _lseek
 .text._sbrk    0x0800194c       0x48 CMakeFiles/v1.elf.dir/Core/Src/sysmem.c.obj
                0x0800194c                _sbrk
 .text.SystemInit
                0x08001994        0x2 CMakeFiles/v1.elf.dir/Core/Src/system_stm32f1xx.c.obj
                0x08001994                SystemInit
 *fill*         0x08001996        0x2 
 .text.HAL_TIM_PeriodElapsedCallback
                0x08001998       0x60 CMakeFiles/v1.elf.dir/Core/Src/tim.c.obj
                0x08001998                HAL_TIM_PeriodElapsedCallback
 .text.MX_TIM4_Init
                0x080019f8       0x70 CMakeFiles/v1.elf.dir/Core/Src/tim.c.obj
                0x080019f8                MX_TIM4_Init
 .text.HAL_TIM_Base_MspInit
                0x08001a68       0x60 CMakeFiles/v1.elf.dir/Core/Src/tim.c.obj
                0x08001a68                HAL_TIM_Base_MspInit
 .text.HAL_TIM_MspPostInit
                0x08001ac8       0x88 CMakeFiles/v1.elf.dir/Core/Src/tim.c.obj
                0x08001ac8                HAL_TIM_MspPostInit
 .text.MX_TIM2_Init
                0x08001b50       0xc4 CMakeFiles/v1.elf.dir/Core/Src/tim.c.obj
                0x08001b50                MX_TIM2_Init
 .text.HAL_UART_RxCpltCallback
                0x08001c14      0x1c8 CMakeFiles/v1.elf.dir/Core/Src/usart.c.obj
                0x08001c14                HAL_UART_RxCpltCallback
 .text.MX_USART1_UART_Init
                0x08001ddc       0x34 CMakeFiles/v1.elf.dir/Core/Src/usart.c.obj
                0x08001ddc                MX_USART1_UART_Init
 .text.MX_USART2_UART_Init
                0x08001e10       0x34 CMakeFiles/v1.elf.dir/Core/Src/usart.c.obj
                0x08001e10                MX_USART2_UART_Init
 .text.HAL_UART_MspInit
                0x08001e44      0x16c CMakeFiles/v1.elf.dir/Core/Src/usart.c.obj
                0x08001e44                HAL_UART_MspInit
 .text.Reset_Handler
                0x08001fb0       0x48 CMakeFiles/v1.elf.dir/Core/Startup/startup_stm32f103c8tx.s.obj
                0x08001fb0                Reset_Handler
 .text.Default_Handler
                0x08001ff8        0x2 CMakeFiles/v1.elf.dir/Core/Startup/startup_stm32f103c8tx.s.obj
                0x08001ff8                RTC_Alarm_IRQHandler
                0x08001ff8                EXTI2_IRQHandler
                0x08001ff8                TIM1_CC_IRQHandler
                0x08001ff8                PVD_IRQHandler
                0x08001ff8                EXTI3_IRQHandler
                0x08001ff8                EXTI0_IRQHandler
                0x08001ff8                I2C2_EV_IRQHandler
                0x08001ff8                ADC1_2_IRQHandler
                0x08001ff8                SPI1_IRQHandler
                0x08001ff8                TAMPER_IRQHandler
                0x08001ff8                DMA1_Channel4_IRQHandler
                0x08001ff8                USART3_IRQHandler
                0x08001ff8                RTC_IRQHandler
                0x08001ff8                CAN1_RX1_IRQHandler
                0x08001ff8                I2C1_EV_IRQHandler
                0x08001ff8                TIM3_IRQHandler
                0x08001ff8                RCC_IRQHandler
                0x08001ff8                TIM1_TRG_COM_IRQHandler
                0x08001ff8                DMA1_Channel1_IRQHandler
                0x08001ff8                Default_Handler
                0x08001ff8                EXTI15_10_IRQHandler
                0x08001ff8                EXTI9_5_IRQHandler
                0x08001ff8                SPI2_IRQHandler
                0x08001ff8                DMA1_Channel5_IRQHandler
                0x08001ff8                EXTI4_IRQHandler
                0x08001ff8                USB_LP_CAN1_RX0_IRQHandler
                0x08001ff8                USB_HP_CAN1_TX_IRQHandler
                0x08001ff8                DMA1_Channel3_IRQHandler
                0x08001ff8                TIM1_UP_IRQHandler
                0x08001ff8                WWDG_IRQHandler
                0x08001ff8                TIM2_IRQHandler
                0x08001ff8                TIM1_BRK_IRQHandler
                0x08001ff8                EXTI1_IRQHandler
                0x08001ff8                I2C2_ER_IRQHandler
                0x08001ff8                DMA1_Channel2_IRQHandler
                0x08001ff8                CAN1_SCE_IRQHandler
                0x08001ff8                FLASH_IRQHandler
                0x08001ff8                I2C1_ER_IRQHandler
                0x08001ff8                USBWakeUp_IRQHandler
 *fill*         0x08001ffa        0x2 
 .text.HAL_InitTick
                0x08001ffc       0x4c CMakeFiles/v1.elf.dir/Drivers/STM32F1xx_HAL_Driver/Src/stm32f1xx_hal.c.obj
                0x08001ffc                HAL_InitTick
 .text.HAL_Init
                0x08002048       0x24 CMakeFiles/v1.elf.dir/Drivers/STM32F1xx_HAL_Driver/Src/stm32f1xx_hal.c.obj
                0x08002048                HAL_Init
 .text.HAL_IncTick
                0x0800206c       0x18 CMakeFiles/v1.elf.dir/Drivers/STM32F1xx_HAL_Driver/Src/stm32f1xx_hal.c.obj
                0x0800206c                HAL_IncTick
 .text.HAL_GetTick
                0x08002084        0xc CMakeFiles/v1.elf.dir/Drivers/STM32F1xx_HAL_Driver/Src/stm32f1xx_hal.c.obj
                0x08002084                HAL_GetTick
 .text.HAL_Delay
                0x08002090       0x28 CMakeFiles/v1.elf.dir/Drivers/STM32F1xx_HAL_Driver/Src/stm32f1xx_hal.c.obj
                0x08002090                HAL_Delay
 .text.HAL_NVIC_SetPriorityGrouping
                0x080020b8       0x24 CMakeFiles/v1.elf.dir/Drivers/STM32F1xx_HAL_Driver/Src/stm32f1xx_hal_cortex.c.obj
                0x080020b8                HAL_NVIC_SetPriorityGrouping
 .text.HAL_NVIC_SetPriority
                0x080020dc       0x70 CMakeFiles/v1.elf.dir/Drivers/STM32F1xx_HAL_Driver/Src/stm32f1xx_hal_cortex.c.obj
                0x080020dc                HAL_NVIC_SetPriority
 .text.HAL_NVIC_EnableIRQ
                0x0800214c       0x1c CMakeFiles/v1.elf.dir/Drivers/STM32F1xx_HAL_Driver/Src/stm32f1xx_hal_cortex.c.obj
                0x0800214c                HAL_NVIC_EnableIRQ
 .text.HAL_SYSTICK_Config
                0x08002168       0x28 CMakeFiles/v1.elf.dir/Drivers/STM32F1xx_HAL_Driver/Src/stm32f1xx_hal_cortex.c.obj
                0x08002168                HAL_SYSTICK_Config
 .text.DMA_SetConfig
                0x08002190       0x2c CMakeFiles/v1.elf.dir/Drivers/STM32F1xx_HAL_Driver/Src/stm32f1xx_hal_dma.c.obj
 .text.HAL_DMA_Init
                0x080021bc       0x6c CMakeFiles/v1.elf.dir/Drivers/STM32F1xx_HAL_Driver/Src/stm32f1xx_hal_dma.c.obj
                0x080021bc                HAL_DMA_Init
 .text.HAL_DMA_Start_IT
                0x08002228       0x76 CMakeFiles/v1.elf.dir/Drivers/STM32F1xx_HAL_Driver/Src/stm32f1xx_hal_dma.c.obj
                0x08002228                HAL_DMA_Start_IT
 .text.HAL_DMA_Abort
                0x0800229e       0x46 CMakeFiles/v1.elf.dir/Drivers/STM32F1xx_HAL_Driver/Src/stm32f1xx_hal_dma.c.obj
                0x0800229e                HAL_DMA_Abort
 .text.HAL_DMA_Abort_IT
                0x080022e4       0x98 CMakeFiles/v1.elf.dir/Drivers/STM32F1xx_HAL_Driver/Src/stm32f1xx_hal_dma.c.obj
                0x080022e4                HAL_DMA_Abort_IT
 .text.HAL_DMA_IRQHandler
                0x0800237c      0x144 CMakeFiles/v1.elf.dir/Drivers/STM32F1xx_HAL_Driver/Src/stm32f1xx_hal_dma.c.obj
                0x0800237c                HAL_DMA_IRQHandler
 .text.HAL_GPIO_Init
                0x080024c0      0x224 CMakeFiles/v1.elf.dir/Drivers/STM32F1xx_HAL_Driver/Src/stm32f1xx_hal_gpio.c.obj
                0x080024c0                HAL_GPIO_Init
 .text.HAL_GPIO_ReadPin
                0x080026e4        0xe CMakeFiles/v1.elf.dir/Drivers/STM32F1xx_HAL_Driver/Src/stm32f1xx_hal_gpio.c.obj
                0x080026e4                HAL_GPIO_ReadPin
 .text.HAL_GPIO_WritePin
                0x080026f2        0xc CMakeFiles/v1.elf.dir/Drivers/STM32F1xx_HAL_Driver/Src/stm32f1xx_hal_gpio.c.obj
                0x080026f2                HAL_GPIO_WritePin
 .text.HAL_GPIO_TogglePin
                0x080026fe       0x12 CMakeFiles/v1.elf.dir/Drivers/STM32F1xx_HAL_Driver/Src/stm32f1xx_hal_gpio.c.obj
                0x080026fe                HAL_GPIO_TogglePin
 .text.RCC_Delay
                0x08002710       0x2c CMakeFiles/v1.elf.dir/Drivers/STM32F1xx_HAL_Driver/Src/stm32f1xx_hal_rcc.c.obj
 .text.HAL_RCC_OscConfig
                0x0800273c      0x410 CMakeFiles/v1.elf.dir/Drivers/STM32F1xx_HAL_Driver/Src/stm32f1xx_hal_rcc.c.obj
                0x0800273c                HAL_RCC_OscConfig
 .text.HAL_RCC_GetSysClockFreq
                0x08002b4c       0x54 CMakeFiles/v1.elf.dir/Drivers/STM32F1xx_HAL_Driver/Src/stm32f1xx_hal_rcc.c.obj
                0x08002b4c                HAL_RCC_GetSysClockFreq
 .text.HAL_RCC_ClockConfig
                0x08002ba0      0x16c CMakeFiles/v1.elf.dir/Drivers/STM32F1xx_HAL_Driver/Src/stm32f1xx_hal_rcc.c.obj
                0x08002ba0                HAL_RCC_ClockConfig
 .text.HAL_RCC_GetHCLKFreq
                0x08002d0c        0xc CMakeFiles/v1.elf.dir/Drivers/STM32F1xx_HAL_Driver/Src/stm32f1xx_hal_rcc.c.obj
                0x08002d0c                HAL_RCC_GetHCLKFreq
 .text.HAL_RCC_GetPCLK1Freq
                0x08002d18       0x20 CMakeFiles/v1.elf.dir/Drivers/STM32F1xx_HAL_Driver/Src/stm32f1xx_hal_rcc.c.obj
                0x08002d18                HAL_RCC_GetPCLK1Freq
 .text.HAL_RCC_GetPCLK2Freq
                0x08002d38       0x20 CMakeFiles/v1.elf.dir/Drivers/STM32F1xx_HAL_Driver/Src/stm32f1xx_hal_rcc.c.obj
                0x08002d38                HAL_RCC_GetPCLK2Freq
 .text.TIM_OC1_SetConfig
                0x08002d58       0x5c CMakeFiles/v1.elf.dir/Drivers/STM32F1xx_HAL_Driver/Src/stm32f1xx_hal_tim.c.obj
 .text.TIM_OC3_SetConfig
                0x08002db4       0x64 CMakeFiles/v1.elf.dir/Drivers/STM32F1xx_HAL_Driver/Src/stm32f1xx_hal_tim.c.obj
 .text.TIM_OC4_SetConfig
                0x08002e18       0x48 CMakeFiles/v1.elf.dir/Drivers/STM32F1xx_HAL_Driver/Src/stm32f1xx_hal_tim.c.obj
 .text.TIM_TI1_ConfigInputStage
                0x08002e60       0x24 CMakeFiles/v1.elf.dir/Drivers/STM32F1xx_HAL_Driver/Src/stm32f1xx_hal_tim.c.obj
 .text.TIM_TI2_ConfigInputStage
                0x08002e84       0x26 CMakeFiles/v1.elf.dir/Drivers/STM32F1xx_HAL_Driver/Src/stm32f1xx_hal_tim.c.obj
 .text.TIM_ITRx_SetConfig
                0x08002eaa       0x10 CMakeFiles/v1.elf.dir/Drivers/STM32F1xx_HAL_Driver/Src/stm32f1xx_hal_tim.c.obj
 *fill*         0x08002eba        0x2 
 .text.HAL_TIM_Base_Start_IT
                0x08002ebc       0x68 CMakeFiles/v1.elf.dir/Drivers/STM32F1xx_HAL_Driver/Src/stm32f1xx_hal_tim.c.obj
                0x08002ebc                HAL_TIM_Base_Start_IT
 .text.HAL_TIM_PWM_MspInit
                0x08002f24        0x2 CMakeFiles/v1.elf.dir/Drivers/STM32F1xx_HAL_Driver/Src/stm32f1xx_hal_tim.c.obj
                0x08002f24                HAL_TIM_PWM_MspInit
 .text.HAL_TIM_OC_DelayElapsedCallback
                0x08002f26        0x2 CMakeFiles/v1.elf.dir/Drivers/STM32F1xx_HAL_Driver/Src/stm32f1xx_hal_tim.c.obj
                0x08002f26                HAL_TIM_OC_DelayElapsedCallback
 .text.HAL_TIM_IC_CaptureCallback
                0x08002f28        0x2 CMakeFiles/v1.elf.dir/Drivers/STM32F1xx_HAL_Driver/Src/stm32f1xx_hal_tim.c.obj
                0x08002f28                HAL_TIM_IC_CaptureCallback
 .text.HAL_TIM_PWM_PulseFinishedCallback
                0x08002f2a        0x2 CMakeFiles/v1.elf.dir/Drivers/STM32F1xx_HAL_Driver/Src/stm32f1xx_hal_tim.c.obj
                0x08002f2a                HAL_TIM_PWM_PulseFinishedCallback
 .text.HAL_TIM_TriggerCallback
                0x08002f2c        0x2 CMakeFiles/v1.elf.dir/Drivers/STM32F1xx_HAL_Driver/Src/stm32f1xx_hal_tim.c.obj
                0x08002f2c                HAL_TIM_TriggerCallback
 .text.HAL_TIM_IRQHandler
                0x08002f2e      0x17a CMakeFiles/v1.elf.dir/Drivers/STM32F1xx_HAL_Driver/Src/stm32f1xx_hal_tim.c.obj
                0x08002f2e                HAL_TIM_IRQHandler
 .text.TIM_Base_SetConfig
                0x080030a8       0x74 CMakeFiles/v1.elf.dir/Drivers/STM32F1xx_HAL_Driver/Src/stm32f1xx_hal_tim.c.obj
                0x080030a8                TIM_Base_SetConfig
 .text.HAL_TIM_Base_Init
                0x0800311c       0x58 CMakeFiles/v1.elf.dir/Drivers/STM32F1xx_HAL_Driver/Src/stm32f1xx_hal_tim.c.obj
                0x0800311c                HAL_TIM_Base_Init
 .text.HAL_TIM_PWM_Init
                0x08003174       0x58 CMakeFiles/v1.elf.dir/Drivers/STM32F1xx_HAL_Driver/Src/stm32f1xx_hal_tim.c.obj
                0x08003174                HAL_TIM_PWM_Init
 .text.TIM_OC2_SetConfig
                0x080031cc       0x64 CMakeFiles/v1.elf.dir/Drivers/STM32F1xx_HAL_Driver/Src/stm32f1xx_hal_tim.c.obj
                0x080031cc                TIM_OC2_SetConfig
 .text.HAL_TIM_PWM_ConfigChannel
                0x08003230       0xdc CMakeFiles/v1.elf.dir/Drivers/STM32F1xx_HAL_Driver/Src/stm32f1xx_hal_tim.c.obj
                0x08003230                HAL_TIM_PWM_ConfigChannel
 .text.TIM_ETR_SetConfig
                0x0800330c       0x18 CMakeFiles/v1.elf.dir/Drivers/STM32F1xx_HAL_Driver/Src/stm32f1xx_hal_tim.c.obj
                0x0800330c                TIM_ETR_SetConfig
 .text.HAL_TIM_ConfigClockSource
                0x08003324       0xfe CMakeFiles/v1.elf.dir/Drivers/STM32F1xx_HAL_Driver/Src/stm32f1xx_hal_tim.c.obj
                0x08003324                HAL_TIM_ConfigClockSource
 .text.TIM_CCxChannelCmd
                0x08003422       0x1e CMakeFiles/v1.elf.dir/Drivers/STM32F1xx_HAL_Driver/Src/stm32f1xx_hal_tim.c.obj
                0x08003422                TIM_CCxChannelCmd
 .text.HAL_TIM_PWM_Start
                0x08003440       0xdc CMakeFiles/v1.elf.dir/Drivers/STM32F1xx_HAL_Driver/Src/stm32f1xx_hal_tim.c.obj
                0x08003440                HAL_TIM_PWM_Start
 .text.HAL_TIMEx_MasterConfigSynchronization
                0x0800351c       0x6c CMakeFiles/v1.elf.dir/Drivers/STM32F1xx_HAL_Driver/Src/stm32f1xx_hal_tim_ex.c.obj
                0x0800351c                HAL_TIMEx_MasterConfigSynchronization
 .text.HAL_TIMEx_CommutCallback
                0x08003588        0x2 CMakeFiles/v1.elf.dir/Drivers/STM32F1xx_HAL_Driver/Src/stm32f1xx_hal_tim_ex.c.obj
                0x08003588                HAL_TIMEx_CommutCallback
 .text.HAL_TIMEx_BreakCallback
                0x0800358a        0x2 CMakeFiles/v1.elf.dir/Drivers/STM32F1xx_HAL_Driver/Src/stm32f1xx_hal_tim_ex.c.obj
                0x0800358a                HAL_TIMEx_BreakCallback
 .text.UART_EndTxTransfer
                0x0800358c       0x20 CMakeFiles/v1.elf.dir/Drivers/STM32F1xx_HAL_Driver/Src/stm32f1xx_hal_uart.c.obj
 .text.UART_EndRxTransfer
                0x080035ac       0x5c CMakeFiles/v1.elf.dir/Drivers/STM32F1xx_HAL_Driver/Src/stm32f1xx_hal_uart.c.obj
 .text.UART_Transmit_IT
                0x08003608       0x60 CMakeFiles/v1.elf.dir/Drivers/STM32F1xx_HAL_Driver/Src/stm32f1xx_hal_uart.c.obj
 .text.UART_SetConfig
                0x08003668       0x94 CMakeFiles/v1.elf.dir/Drivers/STM32F1xx_HAL_Driver/Src/stm32f1xx_hal_uart.c.obj
 .text.UART_WaitOnFlagUntilTimeout
                0x080036fc       0x88 CMakeFiles/v1.elf.dir/Drivers/STM32F1xx_HAL_Driver/Src/stm32f1xx_hal_uart.c.obj
 .text.HAL_UART_Init
                0x08003784       0x60 CMakeFiles/v1.elf.dir/Drivers/STM32F1xx_HAL_Driver/Src/stm32f1xx_hal_uart.c.obj
                0x08003784                HAL_UART_Init
 .text.HAL_UART_Transmit
                0x080037e4       0xbe CMakeFiles/v1.elf.dir/Drivers/STM32F1xx_HAL_Driver/Src/stm32f1xx_hal_uart.c.obj
                0x080037e4                HAL_UART_Transmit
 .text.HAL_UART_DMAStop
                0x080038a2       0x84 CMakeFiles/v1.elf.dir/Drivers/STM32F1xx_HAL_Driver/Src/stm32f1xx_hal_uart.c.obj
                0x080038a2                HAL_UART_DMAStop
 .text.HAL_UART_TxCpltCallback
                0x08003926        0x2 CMakeFiles/v1.elf.dir/Drivers/STM32F1xx_HAL_Driver/Src/stm32f1xx_hal_uart.c.obj
                0x08003926                HAL_UART_TxCpltCallback
 .text.UART_EndTransmit_IT
                0x08003928       0x1a CMakeFiles/v1.elf.dir/Drivers/STM32F1xx_HAL_Driver/Src/stm32f1xx_hal_uart.c.obj
 .text.HAL_UART_RxHalfCpltCallback
                0x08003942        0x2 CMakeFiles/v1.elf.dir/Drivers/STM32F1xx_HAL_Driver/Src/stm32f1xx_hal_uart.c.obj
                0x08003942                HAL_UART_RxHalfCpltCallback
 .text.HAL_UART_ErrorCallback
                0x08003944        0x2 CMakeFiles/v1.elf.dir/Drivers/STM32F1xx_HAL_Driver/Src/stm32f1xx_hal_uart.c.obj
                0x08003944                HAL_UART_ErrorCallback
 .text.UART_DMAError
                0x08003946       0x58 CMakeFiles/v1.elf.dir/Drivers/STM32F1xx_HAL_Driver/Src/stm32f1xx_hal_uart.c.obj
 .text.UART_DMAAbortOnError
                0x0800399e       0x10 CMakeFiles/v1.elf.dir/Drivers/STM32F1xx_HAL_Driver/Src/stm32f1xx_hal_uart.c.obj
 .text.HAL_UARTEx_RxEventCallback
                0x080039ae        0x2 CMakeFiles/v1.elf.dir/Drivers/STM32F1xx_HAL_Driver/Src/stm32f1xx_hal_uart.c.obj
                0x080039ae                HAL_UARTEx_RxEventCallback
 .text.UART_Receive_IT
                0x080039b0       0xe6 CMakeFiles/v1.elf.dir/Drivers/STM32F1xx_HAL_Driver/Src/stm32f1xx_hal_uart.c.obj
 *fill*         0x08003a96        0x2 
 .text.HAL_UART_IRQHandler
                0x08003a98      0x288 CMakeFiles/v1.elf.dir/Drivers/STM32F1xx_HAL_Driver/Src/stm32f1xx_hal_uart.c.obj
                0x08003a98                HAL_UART_IRQHandler
 .text.UART_DMARxHalfCplt
                0x08003d20       0x1e CMakeFiles/v1.elf.dir/Drivers/STM32F1xx_HAL_Driver/Src/stm32f1xx_hal_uart.c.obj
 .text.UART_DMAReceiveCplt
                0x08003d3e       0x9a CMakeFiles/v1.elf.dir/Drivers/STM32F1xx_HAL_Driver/Src/stm32f1xx_hal_uart.c.obj
 .text.UART_Start_Receive_IT
                0x08003dd8       0x36 CMakeFiles/v1.elf.dir/Drivers/STM32F1xx_HAL_Driver/Src/stm32f1xx_hal_uart.c.obj
                0x08003dd8                UART_Start_Receive_IT
 .text.HAL_UART_Receive_IT
                0x08003e0e       0x26 CMakeFiles/v1.elf.dir/Drivers/STM32F1xx_HAL_Driver/Src/stm32f1xx_hal_uart.c.obj
                0x08003e0e                HAL_UART_Receive_IT
 .text.UART_Start_Receive_DMA
                0x08003e34       0xa4 CMakeFiles/v1.elf.dir/Drivers/STM32F1xx_HAL_Driver/Src/stm32f1xx_hal_uart.c.obj
                0x08003e34                UART_Start_Receive_DMA
 .text.HAL_UART_Receive_DMA
                0x08003ed8       0x26 CMakeFiles/v1.elf.dir/Drivers/STM32F1xx_HAL_Driver/Src/stm32f1xx_hal_uart.c.obj
                0x08003ed8                HAL_UART_Receive_DMA
 *fill*         0x08003efe        0x2 
 .text.Servo_X_Angle_Set
                0x08003f00       0x60 CMakeFiles/v1.elf.dir/control/control.c.obj
                0x08003f00                Servo_X_Angle_Set
 .text.Servo_Y_Angle_Set
                0x08003f60       0x60 CMakeFiles/v1.elf.dir/control/control.c.obj
                0x08003f60                Servo_Y_Angle_Set
 .text.Func_3   0x08003fc0       0x1c CMakeFiles/v1.elf.dir/control/control.c.obj
                0x08003fc0                Func_3
 .text.Coor_To_Angles_PIDx
                0x08003fdc       0x40 CMakeFiles/v1.elf.dir/control/control.c.obj
                0x08003fdc                Coor_To_Angles_PIDx
 .text.Coor_To_Angles_PIDy
                0x0800401c       0x4c CMakeFiles/v1.elf.dir/control/control.c.obj
                0x0800401c                Coor_To_Angles_PIDy
 .text.KEY_Proc
                0x08004068       0x94 CMakeFiles/v1.elf.dir/control/control.c.obj
                0x08004068                KEY_Proc
 .text.IICStart
                0x080040fc       0x3c CMakeFiles/v1.elf.dir/oled_sim/oled.c.obj
                0x080040fc                IICStart
 .text.IICStop  0x08004138       0x30 CMakeFiles/v1.elf.dir/oled_sim/oled.c.obj
                0x08004138                IICStop
 .text.IIC_WaitAck
                0x08004168       0x24 CMakeFiles/v1.elf.dir/oled_sim/oled.c.obj
                0x08004168                IIC_WaitAck
 .text.Write_IIC_Byte
                0x0800418c       0x60 CMakeFiles/v1.elf.dir/oled_sim/oled.c.obj
                0x0800418c                Write_IIC_Byte
 .text.Write_IIC_Command
                0x080041ec       0x2c CMakeFiles/v1.elf.dir/oled_sim/oled.c.obj
                0x080041ec                Write_IIC_Command
 .text.Write_IIC_Data
                0x08004218       0x2c CMakeFiles/v1.elf.dir/oled_sim/oled.c.obj
                0x08004218                Write_IIC_Data
 .text.OLED_WR_Byte
                0x08004244       0x14 CMakeFiles/v1.elf.dir/oled_sim/oled.c.obj
                0x08004244                OLED_WR_Byte
 .text.OLED_DisplayTurn
                0x08004258       0x30 CMakeFiles/v1.elf.dir/oled_sim/oled.c.obj
                0x08004258                OLED_DisplayTurn
 .text.OLED_Set_Pos
                0x08004288       0x26 CMakeFiles/v1.elf.dir/oled_sim/oled.c.obj
                0x08004288                OLED_Set_Pos
 .text.OLED_Clear
                0x080042ae       0x40 CMakeFiles/v1.elf.dir/oled_sim/oled.c.obj
                0x080042ae                OLED_Clear
 *fill*         0x080042ee        0x2 
 .text.OLED_ShowChar
                0x080042f0       0x98 CMakeFiles/v1.elf.dir/oled_sim/oled.c.obj
                0x080042f0                OLED_ShowChar
 .text.OLED_ShowString
                0x08004388       0x36 CMakeFiles/v1.elf.dir/oled_sim/oled.c.obj
                0x08004388                OLED_ShowString
 .text.OLED_Init
                0x080043be       0xe6 CMakeFiles/v1.elf.dir/oled_sim/oled.c.obj
                0x080043be                OLED_Init
 .text.PID_Param_Init
                0x080044a4        0x8 CMakeFiles/v1.elf.dir/pid/PID.c.obj
                0x080044a4                PID_Param_Init
 .text.Position_PID
                0x080044ac       0x78 CMakeFiles/v1.elf.dir/pid/PID.c.obj
                0x080044ac                Position_PID
 .text.atoff    0x08004524        0x8 d:/clion/tools/gcc-arm-none-eabi-10.3-2021.10-win32/gcc-arm-none-eabi-10.3-2021.10/bin/../lib/gcc/arm-none-eabi/10.3.1/../../../../arm-none-eabi/lib/thumb/v7-m/nofp\libg.a(lib_a-atoff.o)
                0x08004524                atoff
 .text.atoi     0x0800452c        0x8 d:/clion/tools/gcc-arm-none-eabi-10.3-2021.10-win32/gcc-arm-none-eabi-10.3-2021.10/bin/../lib/gcc/arm-none-eabi/10.3.1/../../../../arm-none-eabi/lib/thumb/v7-m/nofp\libg.a(lib_a-atoi.o)
                0x0800452c                atoi
 .text.__errno  0x08004534        0xc d:/clion/tools/gcc-arm-none-eabi-10.3-2021.10-win32/gcc-arm-none-eabi-10.3-2021.10/bin/../lib/gcc/arm-none-eabi/10.3.1/../../../../arm-none-eabi/lib/thumb/v7-m/nofp\libg.a(lib_a-errno.o)
                0x08004534                __errno
 .text.__libc_init_array
                0x08004540       0x48 d:/clion/tools/gcc-arm-none-eabi-10.3-2021.10-win32/gcc-arm-none-eabi-10.3-2021.10/bin/../lib/gcc/arm-none-eabi/10.3.1/../../../../arm-none-eabi/lib/thumb/v7-m/nofp\libg.a(lib_a-init.o)
                0x08004540                __libc_init_array
 .text.memset   0x08004588       0xa4 d:/clion/tools/gcc-arm-none-eabi-10.3-2021.10-win32/gcc-arm-none-eabi-10.3-2021.10/bin/../lib/gcc/arm-none-eabi/10.3.1/../../../../arm-none-eabi/lib/thumb/v7-m/nofp\libg.a(lib_a-memset.o)
                0x08004588                memset
 .text.sprintf  0x0800462c       0x44 d:/clion/tools/gcc-arm-none-eabi-10.3-2021.10-win32/gcc-arm-none-eabi-10.3-2021.10/bin/../lib/gcc/arm-none-eabi/10.3.1/../../../../arm-none-eabi/lib/thumb/v7-m/nofp\libg.a(lib_a-sprintf.o)
                0x0800462c                sprintf
 .text.two_way_long_needle
                0x08004670      0x2b8 d:/clion/tools/gcc-arm-none-eabi-10.3-2021.10-win32/gcc-arm-none-eabi-10.3-2021.10/bin/../lib/gcc/arm-none-eabi/10.3.1/../../../../arm-none-eabi/lib/thumb/v7-m/nofp\libg.a(lib_a-strstr.o)
 .text.strstr   0x08004928      0x168 d:/clion/tools/gcc-arm-none-eabi-10.3-2021.10-win32/gcc-arm-none-eabi-10.3-2021.10/bin/../lib/gcc/arm-none-eabi/10.3.1/../../../../arm-none-eabi/lib/thumb/v7-m/nofp\libg.a(lib_a-strstr.o)
                0x08004928                strstr
 .text._strtod_l
                0x08004a90      0xf38 d:/clion/tools/gcc-arm-none-eabi-10.3-2021.10-win32/gcc-arm-none-eabi-10.3-2021.10/bin/../lib/gcc/arm-none-eabi/10.3.1/../../../../arm-none-eabi/lib/thumb/v7-m/nofp\libg.a(lib_a-strtod.o)
                0x08004a90                _strtod_l
 .text.strtof   0x080059c8       0xa0 d:/clion/tools/gcc-arm-none-eabi-10.3-2021.10-win32/gcc-arm-none-eabi-10.3-2021.10/bin/../lib/gcc/arm-none-eabi/10.3.1/../../../../arm-none-eabi/lib/thumb/v7-m/nofp\libg.a(lib_a-strtod.o)
                0x080059c8                strtof
 .text._strtol_l.part.0
                0x08005a68      0x120 d:/clion/tools/gcc-arm-none-eabi-10.3-2021.10-win32/gcc-arm-none-eabi-10.3-2021.10/bin/../lib/gcc/arm-none-eabi/10.3.1/../../../../arm-none-eabi/lib/thumb/v7-m/nofp\libg.a(lib_a-strtol.o)
 .text.strtol   0x08005b88       0x2c d:/clion/tools/gcc-arm-none-eabi-10.3-2021.10-win32/gcc-arm-none-eabi-10.3-2021.10/bin/../lib/gcc/arm-none-eabi/10.3.1/../../../../arm-none-eabi/lib/thumb/v7-m/nofp\libg.a(lib_a-strtol.o)
                0x08005b88                strtol
 .text._svfprintf_r
                0x08005bb4     0x1aa4 d:/clion/tools/gcc-arm-none-eabi-10.3-2021.10-win32/gcc-arm-none-eabi-10.3-2021.10/bin/../lib/gcc/arm-none-eabi/10.3.1/../../../../arm-none-eabi/lib/thumb/v7-m/nofp\libg.a(lib_a-svfprintf.o)
                0x08005bb4                _svfprintf_r
 .text.startup.register_fini
                0x08007658       0x14 d:/clion/tools/gcc-arm-none-eabi-10.3-2021.10-win32/gcc-arm-none-eabi-10.3-2021.10/bin/../lib/gcc/arm-none-eabi/10.3.1/../../../../arm-none-eabi/lib/thumb/v7-m/nofp\libg.a(lib_a-__call_atexit.o)
 .text.atexit   0x0800766c        0xc d:/clion/tools/gcc-arm-none-eabi-10.3-2021.10-win32/gcc-arm-none-eabi-10.3-2021.10/bin/../lib/gcc/arm-none-eabi/10.3.1/../../../../arm-none-eabi/lib/thumb/v7-m/nofp\libg.a(lib_a-atexit.o)
                0x0800766c                atexit
 .text.quorem   0x08007678      0x12c d:/clion/tools/gcc-arm-none-eabi-10.3-2021.10-win32/gcc-arm-none-eabi-10.3-2021.10/bin/../lib/gcc/arm-none-eabi/10.3.1/../../../../arm-none-eabi/lib/thumb/v7-m/nofp\libg.a(lib_a-dtoa.o)
 *fill*         0x080077a4        0x4 
 .text._dtoa_r  0x080077a8      0xecc d:/clion/tools/gcc-arm-none-eabi-10.3-2021.10-win32/gcc-arm-none-eabi-10.3-2021.10/bin/../lib/gcc/arm-none-eabi/10.3.1/../../../../arm-none-eabi/lib/thumb/v7-m/nofp\libg.a(lib_a-dtoa.o)
                0x080077a8                _dtoa_r
 .text.__libc_fini_array
                0x08008674       0x2c d:/clion/tools/gcc-arm-none-eabi-10.3-2021.10-win32/gcc-arm-none-eabi-10.3-2021.10/bin/../lib/gcc/arm-none-eabi/10.3.1/../../../../arm-none-eabi/lib/thumb/v7-m/nofp\libg.a(lib_a-fini.o)
                0x08008674                __libc_fini_array
 .text._malloc_trim_r
                0x080086a0       0xa0 d:/clion/tools/gcc-arm-none-eabi-10.3-2021.10-win32/gcc-arm-none-eabi-10.3-2021.10/bin/../lib/gcc/arm-none-eabi/10.3.1/../../../../arm-none-eabi/lib/thumb/v7-m/nofp\libg.a(lib_a-freer.o)
                0x080086a0                _malloc_trim_r
 .text._free_r  0x08008740      0x200 d:/clion/tools/gcc-arm-none-eabi-10.3-2021.10-win32/gcc-arm-none-eabi-10.3-2021.10/bin/../lib/gcc/arm-none-eabi/10.3.1/../../../../arm-none-eabi/lib/thumb/v7-m/nofp\libg.a(lib_a-freer.o)
                0x08008740                _free_r
 .text.rshift   0x08008940       0xa4 d:/clion/tools/gcc-arm-none-eabi-10.3-2021.10-win32/gcc-arm-none-eabi-10.3-2021.10/bin/../lib/gcc/arm-none-eabi/10.3.1/../../../../arm-none-eabi/lib/thumb/v7-m/nofp\libg.a(lib_a-gdtoa-gethex.o)
 .text.__gethex
                0x080089e4      0x5c4 d:/clion/tools/gcc-arm-none-eabi-10.3-2021.10-win32/gcc-arm-none-eabi-10.3-2021.10/bin/../lib/gcc/arm-none-eabi/10.3.1/../../../../arm-none-eabi/lib/thumb/v7-m/nofp\libg.a(lib_a-gdtoa-gethex.o)
                0x080089e4                __gethex
 .text.__match  0x08008fa8       0x34 d:/clion/tools/gcc-arm-none-eabi-10.3-2021.10-win32/gcc-arm-none-eabi-10.3-2021.10/bin/../lib/gcc/arm-none-eabi/10.3.1/../../../../arm-none-eabi/lib/thumb/v7-m/nofp\libg.a(lib_a-gdtoa-hexnan.o)
                0x08008fa8                __match
 .text.__hexnan
                0x08008fdc      0x1ac d:/clion/tools/gcc-arm-none-eabi-10.3-2021.10-win32/gcc-arm-none-eabi-10.3-2021.10/bin/../lib/gcc/arm-none-eabi/10.3.1/../../../../arm-none-eabi/lib/thumb/v7-m/nofp\libg.a(lib_a-gdtoa-hexnan.o)
                0x08008fdc                __hexnan
 .text.__locale_mb_cur_max
                0x08009188        0xc d:/clion/tools/gcc-arm-none-eabi-10.3-2021.10-win32/gcc-arm-none-eabi-10.3-2021.10/bin/../lib/gcc/arm-none-eabi/10.3.1/../../../../arm-none-eabi/lib/thumb/v7-m/nofp\libg.a(lib_a-locale.o)
                0x08009188                __locale_mb_cur_max
 .text._localeconv_r
                0x08009194        0x8 d:/clion/tools/gcc-arm-none-eabi-10.3-2021.10-win32/gcc-arm-none-eabi-10.3-2021.10/bin/../lib/gcc/arm-none-eabi/10.3.1/../../../../arm-none-eabi/lib/thumb/v7-m/nofp\libg.a(lib_a-localeconv.o)
                0x08009194                _localeconv_r
 .text.__retarget_lock_init_recursive
                0x0800919c        0x4 d:/clion/tools/gcc-arm-none-eabi-10.3-2021.10-win32/gcc-arm-none-eabi-10.3-2021.10/bin/../lib/gcc/arm-none-eabi/10.3.1/../../../../arm-none-eabi/lib/thumb/v7-m/nofp\libg.a(lib_a-lock.o)
                0x0800919c                __retarget_lock_init_recursive
 .text.__retarget_lock_close_recursive
                0x080091a0        0x4 d:/clion/tools/gcc-arm-none-eabi-10.3-2021.10-win32/gcc-arm-none-eabi-10.3-2021.10/bin/../lib/gcc/arm-none-eabi/10.3.1/../../../../arm-none-eabi/lib/thumb/v7-m/nofp\libg.a(lib_a-lock.o)
                0x080091a0                __retarget_lock_close_recursive
 .text.__retarget_lock_acquire_recursive
                0x080091a4        0x4 d:/clion/tools/gcc-arm-none-eabi-10.3-2021.10-win32/gcc-arm-none-eabi-10.3-2021.10/bin/../lib/gcc/arm-none-eabi/10.3.1/../../../../arm-none-eabi/lib/thumb/v7-m/nofp\libg.a(lib_a-lock.o)
                0x080091a4                __retarget_lock_acquire_recursive
 .text.__retarget_lock_release_recursive
                0x080091a8        0x4 d:/clion/tools/gcc-arm-none-eabi-10.3-2021.10-win32/gcc-arm-none-eabi-10.3-2021.10/bin/../lib/gcc/arm-none-eabi/10.3.1/../../../../arm-none-eabi/lib/thumb/v7-m/nofp\libg.a(lib_a-lock.o)
                0x080091a8                __retarget_lock_release_recursive
 .text._malloc_r
                0x080091ac      0x558 d:/clion/tools/gcc-arm-none-eabi-10.3-2021.10-win32/gcc-arm-none-eabi-10.3-2021.10/bin/../lib/gcc/arm-none-eabi/10.3.1/../../../../arm-none-eabi/lib/thumb/v7-m/nofp\libg.a(lib_a-mallocr.o)
                0x080091ac                _malloc_r
 .text.__ascii_mbtowc
                0x08009704       0x2c d:/clion/tools/gcc-arm-none-eabi-10.3-2021.10-win32/gcc-arm-none-eabi-10.3-2021.10/bin/../lib/gcc/arm-none-eabi/10.3.1/../../../../arm-none-eabi/lib/thumb/v7-m/nofp\libg.a(lib_a-mbtowc_r.o)
                0x08009704                __ascii_mbtowc
 .text.memchr   0x08009730       0x90 d:/clion/tools/gcc-arm-none-eabi-10.3-2021.10-win32/gcc-arm-none-eabi-10.3-2021.10/bin/../lib/gcc/arm-none-eabi/10.3.1/../../../../arm-none-eabi/lib/thumb/v7-m/nofp\libg.a(lib_a-memchr-stub.o)
                0x08009730                memchr
 .text.memcmp   0x080097c0       0x68 d:/clion/tools/gcc-arm-none-eabi-10.3-2021.10-win32/gcc-arm-none-eabi-10.3-2021.10/bin/../lib/gcc/arm-none-eabi/10.3.1/../../../../arm-none-eabi/lib/thumb/v7-m/nofp\libg.a(lib_a-memcmp.o)
                0x080097c0                memcmp
 .text.__malloc_lock
                0x08009828        0xc d:/clion/tools/gcc-arm-none-eabi-10.3-2021.10-win32/gcc-arm-none-eabi-10.3-2021.10/bin/../lib/gcc/arm-none-eabi/10.3.1/../../../../arm-none-eabi/lib/thumb/v7-m/nofp\libg.a(lib_a-mlock.o)
                0x08009828                __malloc_lock
 .text.__malloc_unlock
                0x08009834        0xc d:/clion/tools/gcc-arm-none-eabi-10.3-2021.10-win32/gcc-arm-none-eabi-10.3-2021.10/bin/../lib/gcc/arm-none-eabi/10.3.1/../../../../arm-none-eabi/lib/thumb/v7-m/nofp\libg.a(lib_a-mlock.o)
                0x08009834                __malloc_unlock
 .text._Balloc  0x08009840       0x4c d:/clion/tools/gcc-arm-none-eabi-10.3-2021.10-win32/gcc-arm-none-eabi-10.3-2021.10/bin/../lib/gcc/arm-none-eabi/10.3.1/../../../../arm-none-eabi/lib/thumb/v7-m/nofp\libg.a(lib_a-mprec.o)
                0x08009840                _Balloc
 .text._Bfree   0x0800988c       0x14 d:/clion/tools/gcc-arm-none-eabi-10.3-2021.10-win32/gcc-arm-none-eabi-10.3-2021.10/bin/../lib/gcc/arm-none-eabi/10.3.1/../../../../arm-none-eabi/lib/thumb/v7-m/nofp\libg.a(lib_a-mprec.o)
                0x0800988c                _Bfree
 .text.__multadd
                0x080098a0       0xa4 d:/clion/tools/gcc-arm-none-eabi-10.3-2021.10-win32/gcc-arm-none-eabi-10.3-2021.10/bin/../lib/gcc/arm-none-eabi/10.3.1/../../../../arm-none-eabi/lib/thumb/v7-m/nofp\libg.a(lib_a-mprec.o)
                0x080098a0                __multadd
 .text.__s2b    0x08009944       0xb4 d:/clion/tools/gcc-arm-none-eabi-10.3-2021.10-win32/gcc-arm-none-eabi-10.3-2021.10/bin/../lib/gcc/arm-none-eabi/10.3.1/../../../../arm-none-eabi/lib/thumb/v7-m/nofp\libg.a(lib_a-mprec.o)
                0x08009944                __s2b
 .text.__hi0bits
                0x080099f8       0x40 d:/clion/tools/gcc-arm-none-eabi-10.3-2021.10-win32/gcc-arm-none-eabi-10.3-2021.10/bin/../lib/gcc/arm-none-eabi/10.3.1/../../../../arm-none-eabi/lib/thumb/v7-m/nofp\libg.a(lib_a-mprec.o)
                0x080099f8                __hi0bits
 .text.__lo0bits
                0x08009a38       0x58 d:/clion/tools/gcc-arm-none-eabi-10.3-2021.10-win32/gcc-arm-none-eabi-10.3-2021.10/bin/../lib/gcc/arm-none-eabi/10.3.1/../../../../arm-none-eabi/lib/thumb/v7-m/nofp\libg.a(lib_a-mprec.o)
                0x08009a38                __lo0bits
 .text.__i2b    0x08009a90       0x5c d:/clion/tools/gcc-arm-none-eabi-10.3-2021.10-win32/gcc-arm-none-eabi-10.3-2021.10/bin/../lib/gcc/arm-none-eabi/10.3.1/../../../../arm-none-eabi/lib/thumb/v7-m/nofp\libg.a(lib_a-mprec.o)
                0x08009a90                __i2b
 .text.__multiply
                0x08009aec      0x15c d:/clion/tools/gcc-arm-none-eabi-10.3-2021.10-win32/gcc-arm-none-eabi-10.3-2021.10/bin/../lib/gcc/arm-none-eabi/10.3.1/../../../../arm-none-eabi/lib/thumb/v7-m/nofp\libg.a(lib_a-mprec.o)
                0x08009aec                __multiply
 .text.__pow5mult
                0x08009c48       0xb8 d:/clion/tools/gcc-arm-none-eabi-10.3-2021.10-win32/gcc-arm-none-eabi-10.3-2021.10/bin/../lib/gcc/arm-none-eabi/10.3.1/../../../../arm-none-eabi/lib/thumb/v7-m/nofp\libg.a(lib_a-mprec.o)
                0x08009c48                __pow5mult
 .text.__lshift
                0x08009d00       0xec d:/clion/tools/gcc-arm-none-eabi-10.3-2021.10-win32/gcc-arm-none-eabi-10.3-2021.10/bin/../lib/gcc/arm-none-eabi/10.3.1/../../../../arm-none-eabi/lib/thumb/v7-m/nofp\libg.a(lib_a-mprec.o)
                0x08009d00                __lshift
 .text.__mcmp   0x08009dec       0x40 d:/clion/tools/gcc-arm-none-eabi-10.3-2021.10-win32/gcc-arm-none-eabi-10.3-2021.10/bin/../lib/gcc/arm-none-eabi/10.3.1/../../../../arm-none-eabi/lib/thumb/v7-m/nofp\libg.a(lib_a-mprec.o)
                0x08009dec                __mcmp
 .text.__mdiff  0x08009e2c      0x14c d:/clion/tools/gcc-arm-none-eabi-10.3-2021.10-win32/gcc-arm-none-eabi-10.3-2021.10/bin/../lib/gcc/arm-none-eabi/10.3.1/../../../../arm-none-eabi/lib/thumb/v7-m/nofp\libg.a(lib_a-mprec.o)
                0x08009e2c                __mdiff
 .text.__ulp    0x08009f78       0x44 d:/clion/tools/gcc-arm-none-eabi-10.3-2021.10-win32/gcc-arm-none-eabi-10.3-2021.10/bin/../lib/gcc/arm-none-eabi/10.3.1/../../../../arm-none-eabi/lib/thumb/v7-m/nofp\libg.a(lib_a-mprec.o)
                0x08009f78                __ulp
 .text.__b2d    0x08009fbc       0xd0 d:/clion/tools/gcc-arm-none-eabi-10.3-2021.10-win32/gcc-arm-none-eabi-10.3-2021.10/bin/../lib/gcc/arm-none-eabi/10.3.1/../../../../arm-none-eabi/lib/thumb/v7-m/nofp\libg.a(lib_a-mprec.o)
                0x08009fbc                __b2d
 .text.__d2b    0x0800a08c       0xc4 d:/clion/tools/gcc-arm-none-eabi-10.3-2021.10-win32/gcc-arm-none-eabi-10.3-2021.10/bin/../lib/gcc/arm-none-eabi/10.3.1/../../../../arm-none-eabi/lib/thumb/v7-m/nofp\libg.a(lib_a-mprec.o)
                0x0800a08c                __d2b
 .text.__ratio  0x0800a150       0x60 d:/clion/tools/gcc-arm-none-eabi-10.3-2021.10-win32/gcc-arm-none-eabi-10.3-2021.10/bin/../lib/gcc/arm-none-eabi/10.3.1/../../../../arm-none-eabi/lib/thumb/v7-m/nofp\libg.a(lib_a-mprec.o)
                0x0800a150                __ratio
 .text.__copybits
                0x0800a1b0       0x60 d:/clion/tools/gcc-arm-none-eabi-10.3-2021.10-win32/gcc-arm-none-eabi-10.3-2021.10/bin/../lib/gcc/arm-none-eabi/10.3.1/../../../../arm-none-eabi/lib/thumb/v7-m/nofp\libg.a(lib_a-mprec.o)
                0x0800a1b0                __copybits
 .text.__any_on
                0x0800a210       0x60 d:/clion/tools/gcc-arm-none-eabi-10.3-2021.10-win32/gcc-arm-none-eabi-10.3-2021.10/bin/../lib/gcc/arm-none-eabi/10.3.1/../../../../arm-none-eabi/lib/thumb/v7-m/nofp\libg.a(lib_a-mprec.o)
                0x0800a210                __any_on
 .text.frexp    0x0800a270       0x70 d:/clion/tools/gcc-arm-none-eabi-10.3-2021.10-win32/gcc-arm-none-eabi-10.3-2021.10/bin/../lib/gcc/arm-none-eabi/10.3.1/../../../../arm-none-eabi/lib/thumb/v7-m/nofp\libg.a(lib_a-s_frexp.o)
                0x0800a270                frexp
 .text.nan      0x0800a2e0        0xc d:/clion/tools/gcc-arm-none-eabi-10.3-2021.10-win32/gcc-arm-none-eabi-10.3-2021.10/bin/../lib/gcc/arm-none-eabi/10.3.1/../../../../arm-none-eabi/lib/thumb/v7-m/nofp\libg.a(lib_a-s_nan.o)
                0x0800a2e0                nan
 .text._sbrk_r  0x0800a2ec       0x24 d:/clion/tools/gcc-arm-none-eabi-10.3-2021.10-win32/gcc-arm-none-eabi-10.3-2021.10/bin/../lib/gcc/arm-none-eabi/10.3.1/../../../../arm-none-eabi/lib/thumb/v7-m/nofp\libg.a(lib_a-sbrkr.o)
                0x0800a2ec                _sbrk_r
 .text.nanf     0x0800a310        0x8 d:/clion/tools/gcc-arm-none-eabi-10.3-2021.10-win32/gcc-arm-none-eabi-10.3-2021.10/bin/../lib/gcc/arm-none-eabi/10.3.1/../../../../arm-none-eabi/lib/thumb/v7-m/nofp\libg.a(lib_a-sf_nan.o)
                0x0800a310                nanf
 .text.strchr   0x0800a318       0xcc d:/clion/tools/gcc-arm-none-eabi-10.3-2021.10-win32/gcc-arm-none-eabi-10.3-2021.10/bin/../lib/gcc/arm-none-eabi/10.3.1/../../../../arm-none-eabi/lib/thumb/v7-m/nofp\libg.a(lib_a-strchr.o)
                0x0800a318                strchr
 .text.strlen   0x0800a3e4       0x5c d:/clion/tools/gcc-arm-none-eabi-10.3-2021.10-win32/gcc-arm-none-eabi-10.3-2021.10/bin/../lib/gcc/arm-none-eabi/10.3.1/../../../../arm-none-eabi/lib/thumb/v7-m/nofp\libg.a(lib_a-strlen-stub.o)
                0x0800a3e4                strlen
 .text.strncmp  0x0800a440       0x7c d:/clion/tools/gcc-arm-none-eabi-10.3-2021.10-win32/gcc-arm-none-eabi-10.3-2021.10/bin/../lib/gcc/arm-none-eabi/10.3.1/../../../../arm-none-eabi/lib/thumb/v7-m/nofp\libg.a(lib_a-strncmp.o)
                0x0800a440                strncmp
 .text.strncpy  0x0800a4bc       0x68 d:/clion/tools/gcc-arm-none-eabi-10.3-2021.10-win32/gcc-arm-none-eabi-10.3-2021.10/bin/../lib/gcc/arm-none-eabi/10.3.1/../../../../arm-none-eabi/lib/thumb/v7-m/nofp\libg.a(lib_a-strncpy.o)
                0x0800a4bc                strncpy
 .text.strnlen  0x0800a524       0x24 d:/clion/tools/gcc-arm-none-eabi-10.3-2021.10-win32/gcc-arm-none-eabi-10.3-2021.10/bin/../lib/gcc/arm-none-eabi/10.3.1/../../../../arm-none-eabi/lib/thumb/v7-m/nofp\libg.a(lib_a-strnlen.o)
                0x0800a524                strnlen
 .text.__ssprint_r
                0x0800a548       0xfc d:/clion/tools/gcc-arm-none-eabi-10.3-2021.10-win32/gcc-arm-none-eabi-10.3-2021.10/bin/../lib/gcc/arm-none-eabi/10.3.1/../../../../arm-none-eabi/lib/thumb/v7-m/nofp\libg.a(lib_a-svfiprintf.o)
                0x0800a548                __ssprint_r
 .text.__ascii_wctomb
                0x0800a644       0x1c d:/clion/tools/gcc-arm-none-eabi-10.3-2021.10-win32/gcc-arm-none-eabi-10.3-2021.10/bin/../lib/gcc/arm-none-eabi/10.3.1/../../../../arm-none-eabi/lib/thumb/v7-m/nofp\libg.a(lib_a-wctomb_r.o)
                0x0800a644                __ascii_wctomb
 .text.__register_exitproc
                0x0800a660       0x8c d:/clion/tools/gcc-arm-none-eabi-10.3-2021.10-win32/gcc-arm-none-eabi-10.3-2021.10/bin/../lib/gcc/arm-none-eabi/10.3.1/../../../../arm-none-eabi/lib/thumb/v7-m/nofp\libg.a(lib_a-__atexit.o)
                0x0800a660                __register_exitproc
 .text.__assert_func
                0x0800a6ec       0x40 d:/clion/tools/gcc-arm-none-eabi-10.3-2021.10-win32/gcc-arm-none-eabi-10.3-2021.10/bin/../lib/gcc/arm-none-eabi/10.3.1/../../../../arm-none-eabi/lib/thumb/v7-m/nofp\libg.a(lib_a-assert.o)
                0x0800a6ec                __assert_func
 .text._calloc_r
                0x0800a72c       0x78 d:/clion/tools/gcc-arm-none-eabi-10.3-2021.10-win32/gcc-arm-none-eabi-10.3-2021.10/bin/../lib/gcc/arm-none-eabi/10.3.1/../../../../arm-none-eabi/lib/thumb/v7-m/nofp\libg.a(lib_a-callocr.o)
                0x0800a72c                _calloc_r
 .text.fiprintf
                0x0800a7a4       0x28 d:/clion/tools/gcc-arm-none-eabi-10.3-2021.10-win32/gcc-arm-none-eabi-10.3-2021.10/bin/../lib/gcc/arm-none-eabi/10.3.1/../../../../arm-none-eabi/lib/thumb/v7-m/nofp\libg.a(lib_a-fiprintf.o)
                0x0800a7a4                fiprintf
 .text.memmove  0x0800a7cc       0xf8 d:/clion/tools/gcc-arm-none-eabi-10.3-2021.10-win32/gcc-arm-none-eabi-10.3-2021.10/bin/../lib/gcc/arm-none-eabi/10.3.1/../../../../arm-none-eabi/lib/thumb/v7-m/nofp\libg.a(lib_a-memmove.o)
                0x0800a7cc                memmove
 .text._realloc_r
                0x0800a8c4      0x3dc d:/clion/tools/gcc-arm-none-eabi-10.3-2021.10-win32/gcc-arm-none-eabi-10.3-2021.10/bin/../lib/gcc/arm-none-eabi/10.3.1/../../../../arm-none-eabi/lib/thumb/v7-m/nofp\libg.a(lib_a-reallocr.o)
                0x0800a8c4                _realloc_r
 .text.__sprint_r.part.0
                0x0800aca0       0x78 d:/clion/tools/gcc-arm-none-eabi-10.3-2021.10-win32/gcc-arm-none-eabi-10.3-2021.10/bin/../lib/gcc/arm-none-eabi/10.3.1/../../../../arm-none-eabi/lib/thumb/v7-m/nofp\libg.a(lib_a-vfiprintf.o)
 .text._vfiprintf_r
                0x0800ad18      0xd98 d:/clion/tools/gcc-arm-none-eabi-10.3-2021.10-win32/gcc-arm-none-eabi-10.3-2021.10/bin/../lib/gcc/arm-none-eabi/10.3.1/../../../../arm-none-eabi/lib/thumb/v7-m/nofp\libg.a(lib_a-vfiprintf.o)
                0x0800ad18                _vfiprintf_r
 .text.__sbprintf
                0x0800bab0       0x84 d:/clion/tools/gcc-arm-none-eabi-10.3-2021.10-win32/gcc-arm-none-eabi-10.3-2021.10/bin/../lib/gcc/arm-none-eabi/10.3.1/../../../../arm-none-eabi/lib/thumb/v7-m/nofp\libg.a(lib_a-vfiprintf.o)
 .text.__swsetup_r
                0x0800bb34       0xd4 d:/clion/tools/gcc-arm-none-eabi-10.3-2021.10-win32/gcc-arm-none-eabi-10.3-2021.10/bin/../lib/gcc/arm-none-eabi/10.3.1/../../../../arm-none-eabi/lib/thumb/v7-m/nofp\libg.a(lib_a-wsetup.o)
                0x0800bb34                __swsetup_r
 .text.abort    0x0800bc08       0x10 d:/clion/tools/gcc-arm-none-eabi-10.3-2021.10-win32/gcc-arm-none-eabi-10.3-2021.10/bin/../lib/gcc/arm-none-eabi/10.3.1/../../../../arm-none-eabi/lib/thumb/v7-m/nofp\libg.a(lib_a-abort.o)
                0x0800bc08                abort
 .text.__sflush_r
                0x0800bc18      0x124 d:/clion/tools/gcc-arm-none-eabi-10.3-2021.10-win32/gcc-arm-none-eabi-10.3-2021.10/bin/../lib/gcc/arm-none-eabi/10.3.1/../../../../arm-none-eabi/lib/thumb/v7-m/nofp\libg.a(lib_a-fflush.o)
                0x0800bc18                __sflush_r
 .text._fflush_r
                0x0800bd3c       0x5c d:/clion/tools/gcc-arm-none-eabi-10.3-2021.10-win32/gcc-arm-none-eabi-10.3-2021.10/bin/../lib/gcc/arm-none-eabi/10.3.1/../../../../arm-none-eabi/lib/thumb/v7-m/nofp\libg.a(lib_a-fflush.o)
                0x0800bd3c                _fflush_r
 .text._cleanup_r
                0x0800bd98        0xc d:/clion/tools/gcc-arm-none-eabi-10.3-2021.10-win32/gcc-arm-none-eabi-10.3-2021.10/bin/../lib/gcc/arm-none-eabi/10.3.1/../../../../arm-none-eabi/lib/thumb/v7-m/nofp\libg.a(lib_a-findfp.o)
                0x0800bd98                _cleanup_r
 .text.__sinit  0x0800bda4      0x10c d:/clion/tools/gcc-arm-none-eabi-10.3-2021.10-win32/gcc-arm-none-eabi-10.3-2021.10/bin/../lib/gcc/arm-none-eabi/10.3.1/../../../../arm-none-eabi/lib/thumb/v7-m/nofp\libg.a(lib_a-findfp.o)
                0x0800bda4                __sinit
 .text.__sfp_lock_acquire
                0x0800beb0        0xc d:/clion/tools/gcc-arm-none-eabi-10.3-2021.10-win32/gcc-arm-none-eabi-10.3-2021.10/bin/../lib/gcc/arm-none-eabi/10.3.1/../../../../arm-none-eabi/lib/thumb/v7-m/nofp\libg.a(lib_a-findfp.o)
                0x0800beb0                __sfp_lock_acquire
 .text.__sfp_lock_release
                0x0800bebc        0xc d:/clion/tools/gcc-arm-none-eabi-10.3-2021.10-win32/gcc-arm-none-eabi-10.3-2021.10/bin/../lib/gcc/arm-none-eabi/10.3.1/../../../../arm-none-eabi/lib/thumb/v7-m/nofp\libg.a(lib_a-findfp.o)
                0x0800bebc                __sfp_lock_release
 .text.__fputwc
                0x0800bec8       0xa0 d:/clion/tools/gcc-arm-none-eabi-10.3-2021.10-win32/gcc-arm-none-eabi-10.3-2021.10/bin/../lib/gcc/arm-none-eabi/10.3.1/../../../../arm-none-eabi/lib/thumb/v7-m/nofp\libg.a(lib_a-fputwc.o)
                0x0800bec8                __fputwc
 .text._fputwc_r
                0x0800bf68       0x68 d:/clion/tools/gcc-arm-none-eabi-10.3-2021.10-win32/gcc-arm-none-eabi-10.3-2021.10/bin/../lib/gcc/arm-none-eabi/10.3.1/../../../../arm-none-eabi/lib/thumb/v7-m/nofp\libg.a(lib_a-fputwc.o)
                0x0800bf68                _fputwc_r
 .text.__sfvwrite_r
                0x0800bfd0      0x2f0 d:/clion/tools/gcc-arm-none-eabi-10.3-2021.10-win32/gcc-arm-none-eabi-10.3-2021.10/bin/../lib/gcc/arm-none-eabi/10.3.1/../../../../arm-none-eabi/lib/thumb/v7-m/nofp\libg.a(lib_a-fvwrite.o)
                0x0800bfd0                __sfvwrite_r
 .text._fwalk_reent
                0x0800c2c0       0x48 d:/clion/tools/gcc-arm-none-eabi-10.3-2021.10-win32/gcc-arm-none-eabi-10.3-2021.10/bin/../lib/gcc/arm-none-eabi/10.3.1/../../../../arm-none-eabi/lib/thumb/v7-m/nofp\libg.a(lib_a-fwalk.o)
                0x0800c2c0                _fwalk_reent
 .text.__smakebuf_r
                0x0800c308       0xe0 d:/clion/tools/gcc-arm-none-eabi-10.3-2021.10-win32/gcc-arm-none-eabi-10.3-2021.10/bin/../lib/gcc/arm-none-eabi/10.3.1/../../../../arm-none-eabi/lib/thumb/v7-m/nofp\libg.a(lib_a-makebuf.o)
                0x0800c308                __smakebuf_r
 .text.raise    0x0800c3e8       0x5c d:/clion/tools/gcc-arm-none-eabi-10.3-2021.10-win32/gcc-arm-none-eabi-10.3-2021.10/bin/../lib/gcc/arm-none-eabi/10.3.1/../../../../arm-none-eabi/lib/thumb/v7-m/nofp\libg.a(lib_a-signal.o)
                0x0800c3e8                raise
 .text._kill_r  0x0800c444       0x28 d:/clion/tools/gcc-arm-none-eabi-10.3-2021.10-win32/gcc-arm-none-eabi-10.3-2021.10/bin/../lib/gcc/arm-none-eabi/10.3.1/../../../../arm-none-eabi/lib/thumb/v7-m/nofp\libg.a(lib_a-signalr.o)
                0x0800c444                _kill_r
 .text._getpid_r
                0x0800c46c        0x4 d:/clion/tools/gcc-arm-none-eabi-10.3-2021.10-win32/gcc-arm-none-eabi-10.3-2021.10/bin/../lib/gcc/arm-none-eabi/10.3.1/../../../../arm-none-eabi/lib/thumb/v7-m/nofp\libg.a(lib_a-signalr.o)
                0x0800c46c                _getpid_r
 .text.__sread  0x0800c470       0x24 d:/clion/tools/gcc-arm-none-eabi-10.3-2021.10-win32/gcc-arm-none-eabi-10.3-2021.10/bin/../lib/gcc/arm-none-eabi/10.3.1/../../../../arm-none-eabi/lib/thumb/v7-m/nofp\libg.a(lib_a-stdio.o)
                0x0800c470                __sread
 .text.__swrite
                0x0800c494       0x40 d:/clion/tools/gcc-arm-none-eabi-10.3-2021.10-win32/gcc-arm-none-eabi-10.3-2021.10/bin/../lib/gcc/arm-none-eabi/10.3.1/../../../../arm-none-eabi/lib/thumb/v7-m/nofp\libg.a(lib_a-stdio.o)
                0x0800c494                __swrite
 .text.__sseek  0x0800c4d4       0x20 d:/clion/tools/gcc-arm-none-eabi-10.3-2021.10-win32/gcc-arm-none-eabi-10.3-2021.10/bin/../lib/gcc/arm-none-eabi/10.3.1/../../../../arm-none-eabi/lib/thumb/v7-m/nofp\libg.a(lib_a-stdio.o)
                0x0800c4d4                __sseek
 .text.__sclose
                0x0800c4f4        0x8 d:/clion/tools/gcc-arm-none-eabi-10.3-2021.10-win32/gcc-arm-none-eabi-10.3-2021.10/bin/../lib/gcc/arm-none-eabi/10.3.1/../../../../arm-none-eabi/lib/thumb/v7-m/nofp\libg.a(lib_a-stdio.o)
                0x0800c4f4                __sclose
 .text.__swbuf_r
                0x0800c4fc       0xb0 d:/clion/tools/gcc-arm-none-eabi-10.3-2021.10-win32/gcc-arm-none-eabi-10.3-2021.10/bin/../lib/gcc/arm-none-eabi/10.3.1/../../../../arm-none-eabi/lib/thumb/v7-m/nofp\libg.a(lib_a-wbuf.o)
                0x0800c4fc                __swbuf_r
 .text._wcrtomb_r
                0x0800c5ac       0x3c d:/clion/tools/gcc-arm-none-eabi-10.3-2021.10-win32/gcc-arm-none-eabi-10.3-2021.10/bin/../lib/gcc/arm-none-eabi/10.3.1/../../../../arm-none-eabi/lib/thumb/v7-m/nofp\libg.a(lib_a-wcrtomb.o)
                0x0800c5ac                _wcrtomb_r
 .text._write_r
                0x0800c5e8       0x2c d:/clion/tools/gcc-arm-none-eabi-10.3-2021.10-win32/gcc-arm-none-eabi-10.3-2021.10/bin/../lib/gcc/arm-none-eabi/10.3.1/../../../../arm-none-eabi/lib/thumb/v7-m/nofp\libg.a(lib_a-writer.o)
                0x0800c5e8                _write_r
 .text._close_r
                0x0800c614       0x24 d:/clion/tools/gcc-arm-none-eabi-10.3-2021.10-win32/gcc-arm-none-eabi-10.3-2021.10/bin/../lib/gcc/arm-none-eabi/10.3.1/../../../../arm-none-eabi/lib/thumb/v7-m/nofp\libg.a(lib_a-closer.o)
                0x0800c614                _close_r
 .text._fclose_r
                0x0800c638       0xcc d:/clion/tools/gcc-arm-none-eabi-10.3-2021.10-win32/gcc-arm-none-eabi-10.3-2021.10/bin/../lib/gcc/arm-none-eabi/10.3.1/../../../../arm-none-eabi/lib/thumb/v7-m/nofp\libg.a(lib_a-fclose.o)
                0x0800c638                _fclose_r
 .text._fstat_r
                0x0800c704       0x28 d:/clion/tools/gcc-arm-none-eabi-10.3-2021.10-win32/gcc-arm-none-eabi-10.3-2021.10/bin/../lib/gcc/arm-none-eabi/10.3.1/../../../../arm-none-eabi/lib/thumb/v7-m/nofp\libg.a(lib_a-fstatr.o)
                0x0800c704                _fstat_r
 .text._isatty_r
                0x0800c72c       0x24 d:/clion/tools/gcc-arm-none-eabi-10.3-2021.10-win32/gcc-arm-none-eabi-10.3-2021.10/bin/../lib/gcc/arm-none-eabi/10.3.1/../../../../arm-none-eabi/lib/thumb/v7-m/nofp\libg.a(lib_a-isattyr.o)
                0x0800c72c                _isatty_r
 .text._lseek_r
                0x0800c750       0x2c d:/clion/tools/gcc-arm-none-eabi-10.3-2021.10-win32/gcc-arm-none-eabi-10.3-2021.10/bin/../lib/gcc/arm-none-eabi/10.3.1/../../../../arm-none-eabi/lib/thumb/v7-m/nofp\libg.a(lib_a-lseekr.o)
                0x0800c750                _lseek_r
 .text._read_r  0x0800c77c       0x2c d:/clion/tools/gcc-arm-none-eabi-10.3-2021.10-win32/gcc-arm-none-eabi-10.3-2021.10/bin/../lib/gcc/arm-none-eabi/10.3.1/../../../../arm-none-eabi/lib/thumb/v7-m/nofp\libg.a(lib_a-readr.o)
                0x0800c77c                _read_r
 *(.glue_7)
 .glue_7        0x0800c7a8        0x0 linker stubs
 *(.glue_7t)
 .glue_7t       0x0800c7a8        0x0 linker stubs
 *(.eh_frame)
 .eh_frame      0x0800c7a8        0x0 d:/clion/tools/gcc-arm-none-eabi-10.3-2021.10-win32/gcc-arm-none-eabi-10.3-2021.10/bin/../lib/gcc/arm-none-eabi/10.3.1/thumb/v7-m/nofp/crtbegin.o
 *(.init)
 .init          0x0800c7a8        0x4 d:/clion/tools/gcc-arm-none-eabi-10.3-2021.10-win32/gcc-arm-none-eabi-10.3-2021.10/bin/../lib/gcc/arm-none-eabi/10.3.1/thumb/v7-m/nofp/crti.o
                0x0800c7a8                _init
 .init          0x0800c7ac        0x8 d:/clion/tools/gcc-arm-none-eabi-10.3-2021.10-win32/gcc-arm-none-eabi-10.3-2021.10/bin/../lib/gcc/arm-none-eabi/10.3.1/thumb/v7-m/nofp/crtn.o
 *(.fini)
 .fini          0x0800c7b4        0x4 d:/clion/tools/gcc-arm-none-eabi-10.3-2021.10-win32/gcc-arm-none-eabi-10.3-2021.10/bin/../lib/gcc/arm-none-eabi/10.3.1/thumb/v7-m/nofp/crti.o
                0x0800c7b4                _fini
 .fini          0x0800c7b8        0x8 d:/clion/tools/gcc-arm-none-eabi-10.3-2021.10-win32/gcc-arm-none-eabi-10.3-2021.10/bin/../lib/gcc/arm-none-eabi/10.3.1/thumb/v7-m/nofp/crtn.o
                0x0800c7c0                . = ALIGN (0x4)
                0x0800c7c0                _etext = .

.vfp11_veneer   0x0800c7c0        0x0
 .vfp11_veneer  0x0800c7c0        0x0 linker stubs

.v4_bx          0x0800c7c0        0x0
 .v4_bx         0x0800c7c0        0x0 linker stubs

.iplt           0x0800c7c0        0x0
 .iplt          0x0800c7c0        0x0 d:/clion/tools/gcc-arm-none-eabi-10.3-2021.10-win32/gcc-arm-none-eabi-10.3-2021.10/bin/../lib/gcc/arm-none-eabi/10.3.1/thumb/v7-m/nofp/crtbegin.o

.rodata         0x0800c7c0      0xeac
                0x0800c7c0                . = ALIGN (0x4)
 *(.rodata)
 *(.rodata*)
 .rodata.main.str1.4
                0x0800c7c0       0x18 CMakeFiles/v1.elf.dir/Core/Src/main.c.obj
 .rodata.AHBPrescTable
                0x0800c7d8       0x10 CMakeFiles/v1.elf.dir/Core/Src/system_stm32f1xx.c.obj
                0x0800c7d8                AHBPrescTable
 .rodata.APBPrescTable
                0x0800c7e8        0x8 CMakeFiles/v1.elf.dir/Core/Src/system_stm32f1xx.c.obj
                0x0800c7e8                APBPrescTable
 .rodata.HAL_UART_RxCpltCallback.str1.4
                0x0800c7f0       0x4d CMakeFiles/v1.elf.dir/Core/Src/usart.c.obj
 *fill*         0x0800c83d        0x3 
 .rodata.aPLLMULFactorTable.1
                0x0800c840       0x10 CMakeFiles/v1.elf.dir/Drivers/STM32F1xx_HAL_Driver/Src/stm32f1xx_hal_rcc.c.obj
 .rodata.aPredivFactorTable.0
                0x0800c850        0x2 CMakeFiles/v1.elf.dir/Drivers/STM32F1xx_HAL_Driver/Src/stm32f1xx_hal_rcc.c.obj
 *fill*         0x0800c852        0x2 
 .rodata.KEY_Proc.str1.4
                0x0800c854        0x9 CMakeFiles/v1.elf.dir/control/control.c.obj
 *fill*         0x0800c85d        0x3 
 .rodata.F6x8   0x0800c860      0x228 CMakeFiles/v1.elf.dir/oled_sim/oled.c.obj
                0x0800c860                F6x8
 .rodata.F8X16  0x0800ca88      0x5f0 CMakeFiles/v1.elf.dir/oled_sim/oled.c.obj
                0x0800ca88                F8X16
 .rodata._global_impure_ptr
                0x0800d078        0x4 d:/clion/tools/gcc-arm-none-eabi-10.3-2021.10-win32/gcc-arm-none-eabi-10.3-2021.10/bin/../lib/gcc/arm-none-eabi/10.3.1/../../../../arm-none-eabi/lib/thumb/v7-m/nofp\libg.a(lib_a-impure.o)
                0x0800d078                _global_impure_ptr
 .rodata._strtod_l.str1.4
                0x0800d07c        0xf d:/clion/tools/gcc-arm-none-eabi-10.3-2021.10-win32/gcc-arm-none-eabi-10.3-2021.10/bin/../lib/gcc/arm-none-eabi/10.3.1/../../../../arm-none-eabi/lib/thumb/v7-m/nofp\libg.a(lib_a-strtod.o)
                                 0x11 (size before relaxing)
 *fill*         0x0800d08b        0x1 
 .rodata.fpi.1  0x0800d08c       0x14 d:/clion/tools/gcc-arm-none-eabi-10.3-2021.10-win32/gcc-arm-none-eabi-10.3-2021.10/bin/../lib/gcc/arm-none-eabi/10.3.1/../../../../arm-none-eabi/lib/thumb/v7-m/nofp\libg.a(lib_a-strtod.o)
 .rodata.fpinan.0
                0x0800d0a0       0x14 d:/clion/tools/gcc-arm-none-eabi-10.3-2021.10-win32/gcc-arm-none-eabi-10.3-2021.10/bin/../lib/gcc/arm-none-eabi/10.3.1/../../../../arm-none-eabi/lib/thumb/v7-m/nofp\libg.a(lib_a-strtod.o)
 *fill*         0x0800d0b4        0x4 
 .rodata.tinytens
                0x0800d0b8       0x28 d:/clion/tools/gcc-arm-none-eabi-10.3-2021.10-win32/gcc-arm-none-eabi-10.3-2021.10/bin/../lib/gcc/arm-none-eabi/10.3.1/../../../../arm-none-eabi/lib/thumb/v7-m/nofp\libg.a(lib_a-strtod.o)
 .rodata._svfprintf_r.str1.4
                0x0800d0e0       0x42 d:/clion/tools/gcc-arm-none-eabi-10.3-2021.10-win32/gcc-arm-none-eabi-10.3-2021.10/bin/../lib/gcc/arm-none-eabi/10.3.1/../../../../arm-none-eabi/lib/thumb/v7-m/nofp\libg.a(lib_a-svfprintf.o)
 *fill*         0x0800d122        0x2 
 .rodata.blanks.1
                0x0800d124       0x10 d:/clion/tools/gcc-arm-none-eabi-10.3-2021.10-win32/gcc-arm-none-eabi-10.3-2021.10/bin/../lib/gcc/arm-none-eabi/10.3.1/../../../../arm-none-eabi/lib/thumb/v7-m/nofp\libg.a(lib_a-svfprintf.o)
 .rodata.zeroes.0
                0x0800d134       0x10 d:/clion/tools/gcc-arm-none-eabi-10.3-2021.10-win32/gcc-arm-none-eabi-10.3-2021.10/bin/../lib/gcc/arm-none-eabi/10.3.1/../../../../arm-none-eabi/lib/thumb/v7-m/nofp\libg.a(lib_a-svfprintf.o)
 .rodata._ctype_
                0x0800d144      0x101 d:/clion/tools/gcc-arm-none-eabi-10.3-2021.10-win32/gcc-arm-none-eabi-10.3-2021.10/bin/../lib/gcc/arm-none-eabi/10.3.1/../../../../arm-none-eabi/lib/thumb/v7-m/nofp\libg.a(lib_a-ctype_.o)
                0x0800d144                _ctype_
 *fill*         0x0800d245        0x3 
 .rodata._dtoa_r.str1.4
                0x0800d248       0xa2 d:/clion/tools/gcc-arm-none-eabi-10.3-2021.10-win32/gcc-arm-none-eabi-10.3-2021.10/bin/../lib/gcc/arm-none-eabi/10.3.1/../../../../arm-none-eabi/lib/thumb/v7-m/nofp\libg.a(lib_a-dtoa.o)
                                 0xa6 (size before relaxing)
 *fill*         0x0800d2ea        0x2 
 .rodata.__gethex.str1.4
                0x0800d2ec       0x86 d:/clion/tools/gcc-arm-none-eabi-10.3-2021.10-win32/gcc-arm-none-eabi-10.3-2021.10/bin/../lib/gcc/arm-none-eabi/10.3.1/../../../../arm-none-eabi/lib/thumb/v7-m/nofp\libg.a(lib_a-gdtoa-gethex.o)
                                 0x9a (size before relaxing)
 *fill*         0x0800d372        0x2 
 .rodata.__hexdig
                0x0800d374      0x100 d:/clion/tools/gcc-arm-none-eabi-10.3-2021.10-win32/gcc-arm-none-eabi-10.3-2021.10/bin/../lib/gcc/arm-none-eabi/10.3.1/../../../../arm-none-eabi/lib/thumb/v7-m/nofp\libg.a(lib_a-gdtoa-gethex.o)
                0x0800d374                __hexdig
 .rodata.str1.4
                0x0800d474        0x2 d:/clion/tools/gcc-arm-none-eabi-10.3-2021.10-win32/gcc-arm-none-eabi-10.3-2021.10/bin/../lib/gcc/arm-none-eabi/10.3.1/../../../../arm-none-eabi/lib/thumb/v7-m/nofp\libg.a(lib_a-lnumeric.o)
                                  0x5 (size before relaxing)
 *fill*         0x0800d476        0x2 
 .rodata._C_numeric_locale
                0x0800d478        0xc d:/clion/tools/gcc-arm-none-eabi-10.3-2021.10-win32/gcc-arm-none-eabi-10.3-2021.10/bin/../lib/gcc/arm-none-eabi/10.3.1/../../../../arm-none-eabi/lib/thumb/v7-m/nofp\libg.a(lib_a-lnumeric.o)
                0x0800d478                _C_numeric_locale
 .rodata._setlocale_r.str1.4
                0x0800d484        0xa d:/clion/tools/gcc-arm-none-eabi-10.3-2021.10-win32/gcc-arm-none-eabi-10.3-2021.10/bin/../lib/gcc/arm-none-eabi/10.3.1/../../../../arm-none-eabi/lib/thumb/v7-m/nofp\libg.a(lib_a-locale.o)
                                  0xd (size before relaxing)
 .rodata.str1.4
                0x0800d48e        0x2 d:/clion/tools/gcc-arm-none-eabi-10.3-2021.10-win32/gcc-arm-none-eabi-10.3-2021.10/bin/../lib/gcc/arm-none-eabi/10.3.1/../../../../arm-none-eabi/lib/thumb/v7-m/nofp\libg.a(lib_a-locale.o)
 *fill*         0x0800d48e        0x2 
 .rodata.__multadd.str1.4
                0x0800d490       0x7f d:/clion/tools/gcc-arm-none-eabi-10.3-2021.10-win32/gcc-arm-none-eabi-10.3-2021.10/bin/../lib/gcc/arm-none-eabi/10.3.1/../../../../arm-none-eabi/lib/thumb/v7-m/nofp\libg.a(lib_a-mprec.o)
                                 0x93 (size before relaxing)
 *fill*         0x0800d50f        0x1 
 .rodata.__mprec_bigtens
                0x0800d510       0x28 d:/clion/tools/gcc-arm-none-eabi-10.3-2021.10-win32/gcc-arm-none-eabi-10.3-2021.10/bin/../lib/gcc/arm-none-eabi/10.3.1/../../../../arm-none-eabi/lib/thumb/v7-m/nofp\libg.a(lib_a-mprec.o)
                0x0800d510                __mprec_bigtens
 .rodata.__mprec_tens
                0x0800d538       0xc8 d:/clion/tools/gcc-arm-none-eabi-10.3-2021.10-win32/gcc-arm-none-eabi-10.3-2021.10/bin/../lib/gcc/arm-none-eabi/10.3.1/../../../../arm-none-eabi/lib/thumb/v7-m/nofp\libg.a(lib_a-mprec.o)
                0x0800d538                __mprec_tens
 .rodata.p05.0  0x0800d600        0xc d:/clion/tools/gcc-arm-none-eabi-10.3-2021.10-win32/gcc-arm-none-eabi-10.3-2021.10/bin/../lib/gcc/arm-none-eabi/10.3.1/../../../../arm-none-eabi/lib/thumb/v7-m/nofp\libg.a(lib_a-mprec.o)
 .rodata.__assert_func.str1.4
                0x0800d60c       0x3f d:/clion/tools/gcc-arm-none-eabi-10.3-2021.10-win32/gcc-arm-none-eabi-10.3-2021.10/bin/../lib/gcc/arm-none-eabi/10.3.1/../../../../arm-none-eabi/lib/thumb/v7-m/nofp\libg.a(lib_a-assert.o)
                                 0x43 (size before relaxing)
 .rodata._vfiprintf_r.str1.4
                0x0800d64b       0x2f d:/clion/tools/gcc-arm-none-eabi-10.3-2021.10-win32/gcc-arm-none-eabi-10.3-2021.10/bin/../lib/gcc/arm-none-eabi/10.3.1/../../../../arm-none-eabi/lib/thumb/v7-m/nofp\libg.a(lib_a-vfiprintf.o)
 *fill*         0x0800d64b        0x1 
 .rodata.blanks.1
                0x0800d64c       0x10 d:/clion/tools/gcc-arm-none-eabi-10.3-2021.10-win32/gcc-arm-none-eabi-10.3-2021.10/bin/../lib/gcc/arm-none-eabi/10.3.1/../../../../arm-none-eabi/lib/thumb/v7-m/nofp\libg.a(lib_a-vfiprintf.o)
 .rodata.zeroes.0
                0x0800d65c       0x10 d:/clion/tools/gcc-arm-none-eabi-10.3-2021.10-win32/gcc-arm-none-eabi-10.3-2021.10/bin/../lib/gcc/arm-none-eabi/10.3.1/../../../../arm-none-eabi/lib/thumb/v7-m/nofp\libg.a(lib_a-vfiprintf.o)
                0x0800d66c                . = ALIGN (0x4)

.ARM.extab      0x0800d66c        0x0
                0x0800d66c                . = ALIGN (0x4)
 *(.ARM.extab* .gnu.linkonce.armextab.*)
                0x0800d66c                . = ALIGN (0x4)

.ARM            0x0800d66c        0x8
                0x0800d66c                . = ALIGN (0x4)
                0x0800d66c                __exidx_start = .
 *(.ARM.exidx*)
 .ARM.exidx     0x0800d66c        0x8 d:/clion/tools/gcc-arm-none-eabi-10.3-2021.10-win32/gcc-arm-none-eabi-10.3-2021.10/bin/../lib/gcc/arm-none-eabi/10.3.1/thumb/v7-m/nofp\libgcc.a(_udivmoddi4.o)
                0x0800d674                __exidx_end = .
                0x0800d674                . = ALIGN (0x4)

.rel.dyn        0x0800d674        0x0
 .rel.iplt      0x0800d674        0x0 d:/clion/tools/gcc-arm-none-eabi-10.3-2021.10-win32/gcc-arm-none-eabi-10.3-2021.10/bin/../lib/gcc/arm-none-eabi/10.3.1/thumb/v7-m/nofp/crtbegin.o

.preinit_array  0x0800d674        0x0
                0x0800d674                . = ALIGN (0x4)
                0x0800d674                PROVIDE (__preinit_array_start = .)
 *(.preinit_array*)
                0x0800d674                PROVIDE (__preinit_array_end = .)
                0x0800d674                . = ALIGN (0x4)

.init_array     0x0800d674        0x8
                0x0800d674                . = ALIGN (0x4)
                0x0800d674                PROVIDE (__init_array_start = .)
 *(SORT_BY_NAME(.init_array.*))
 .init_array.00000
                0x0800d674        0x4 d:/clion/tools/gcc-arm-none-eabi-10.3-2021.10-win32/gcc-arm-none-eabi-10.3-2021.10/bin/../lib/gcc/arm-none-eabi/10.3.1/../../../../arm-none-eabi/lib/thumb/v7-m/nofp\libg.a(lib_a-__call_atexit.o)
 *(.init_array*)
 .init_array    0x0800d678        0x4 d:/clion/tools/gcc-arm-none-eabi-10.3-2021.10-win32/gcc-arm-none-eabi-10.3-2021.10/bin/../lib/gcc/arm-none-eabi/10.3.1/thumb/v7-m/nofp/crtbegin.o
                0x0800d67c                PROVIDE (__init_array_end = .)
                0x0800d67c                . = ALIGN (0x4)

.fini_array     0x0800d67c        0x4
                0x0800d67c                . = ALIGN (0x4)
                0x0800d67c                PROVIDE (__fini_array_start = .)
 *(SORT_BY_NAME(.fini_array.*))
 *(.fini_array*)
 .fini_array    0x0800d67c        0x4 d:/clion/tools/gcc-arm-none-eabi-10.3-2021.10-win32/gcc-arm-none-eabi-10.3-2021.10/bin/../lib/gcc/arm-none-eabi/10.3.1/thumb/v7-m/nofp/crtbegin.o
                0x0800d680                PROVIDE (__fini_array_end = .)
                0x0800d680                . = ALIGN (0x4)
                0x0800d680                _sidata = LOADADDR (.data)

.data           0x20000000      0x9c4 load address 0x0800d680
                0x20000000                . = ALIGN (0x4)
                0x20000000                _sdata = .
 *(.data)
 *(.data*)
 .data.SystemCoreClock
                0x20000000        0x4 CMakeFiles/v1.elf.dir/Core/Src/system_stm32f1xx.c.obj
                0x20000000                SystemCoreClock
 .data.uwTickFreq
                0x20000004        0x1 CMakeFiles/v1.elf.dir/Drivers/STM32F1xx_HAL_Driver/Src/stm32f1xx_hal.c.obj
                0x20000004                uwTickFreq
 *fill*         0x20000005        0x3 
 .data.uwTickPrio
                0x20000008        0x4 CMakeFiles/v1.elf.dir/Drivers/STM32F1xx_HAL_Driver/Src/stm32f1xx_hal.c.obj
                0x20000008                uwTickPrio
 .data.BUFFER_SIZE
                0x2000000c        0x1 CMakeFiles/v1.elf.dir/uart/USART_2.c.obj
                0x2000000c                BUFFER_SIZE
 *fill*         0x2000000d        0x3 
 .data._impure_ptr
                0x20000010        0x4 d:/clion/tools/gcc-arm-none-eabi-10.3-2021.10-win32/gcc-arm-none-eabi-10.3-2021.10/bin/../lib/gcc/arm-none-eabi/10.3.1/../../../../arm-none-eabi/lib/thumb/v7-m/nofp\libg.a(lib_a-impure.o)
                0x20000010                _impure_ptr
 *fill*         0x20000014        0x4 
 .data.impure_data
                0x20000018      0x428 d:/clion/tools/gcc-arm-none-eabi-10.3-2021.10-win32/gcc-arm-none-eabi-10.3-2021.10/bin/../lib/gcc/arm-none-eabi/10.3.1/../../../../arm-none-eabi/lib/thumb/v7-m/nofp\libg.a(lib_a-impure.o)
 .data.__atexit_recursive_mutex
                0x20000440        0x4 d:/clion/tools/gcc-arm-none-eabi-10.3-2021.10-win32/gcc-arm-none-eabi-10.3-2021.10/bin/../lib/gcc/arm-none-eabi/10.3.1/../../../../arm-none-eabi/lib/thumb/v7-m/nofp\libg.a(lib_a-__call_atexit.o)
                0x20000440                __atexit_recursive_mutex
 .data.numempty
                0x20000444        0x2 d:/clion/tools/gcc-arm-none-eabi-10.3-2021.10-win32/gcc-arm-none-eabi-10.3-2021.10/bin/../lib/gcc/arm-none-eabi/10.3.1/../../../../arm-none-eabi/lib/thumb/v7-m/nofp\libg.a(lib_a-lnumeric.o)
 *fill*         0x20000446        0x2 
 .data.__global_locale
                0x20000448      0x16c d:/clion/tools/gcc-arm-none-eabi-10.3-2021.10-win32/gcc-arm-none-eabi-10.3-2021.10/bin/../lib/gcc/arm-none-eabi/10.3.1/../../../../arm-none-eabi/lib/thumb/v7-m/nofp\libg.a(lib_a-locale.o)
                0x20000448                __global_locale
 .data.__malloc_av_
                0x200005b4      0x408 d:/clion/tools/gcc-arm-none-eabi-10.3-2021.10-win32/gcc-arm-none-eabi-10.3-2021.10/bin/../lib/gcc/arm-none-eabi/10.3.1/../../../../arm-none-eabi/lib/thumb/v7-m/nofp\libg.a(lib_a-mallocr.o)
                0x200005b4                __malloc_av_
 .data.__malloc_sbrk_base
                0x200009bc        0x4 d:/clion/tools/gcc-arm-none-eabi-10.3-2021.10-win32/gcc-arm-none-eabi-10.3-2021.10/bin/../lib/gcc/arm-none-eabi/10.3.1/../../../../arm-none-eabi/lib/thumb/v7-m/nofp\libg.a(lib_a-mallocr.o)
                0x200009bc                __malloc_sbrk_base
 .data.__malloc_trim_threshold
                0x200009c0        0x4 d:/clion/tools/gcc-arm-none-eabi-10.3-2021.10-win32/gcc-arm-none-eabi-10.3-2021.10/bin/../lib/gcc/arm-none-eabi/10.3.1/../../../../arm-none-eabi/lib/thumb/v7-m/nofp\libg.a(lib_a-mallocr.o)
                0x200009c0                __malloc_trim_threshold
 *(.RamFunc)
 *(.RamFunc*)
                0x200009c4                . = ALIGN (0x4)
                0x200009c4                _edata = .

.igot.plt       0x200009c4        0x0 load address 0x0800e044
 .igot.plt      0x200009c4        0x0 d:/clion/tools/gcc-arm-none-eabi-10.3-2021.10-win32/gcc-arm-none-eabi-10.3-2021.10/bin/../lib/gcc/arm-none-eabi/10.3.1/thumb/v7-m/nofp/crtbegin.o
                0x200009c4                . = ALIGN (0x4)

.bss            0x200009c4      0x448 load address 0x0800e044
                0x200009c4                _sbss = .
                0x200009c4                __bss_start__ = _sbss
 *(.bss)
 .bss           0x200009c4       0x1c d:/clion/tools/gcc-arm-none-eabi-10.3-2021.10-win32/gcc-arm-none-eabi-10.3-2021.10/bin/../lib/gcc/arm-none-eabi/10.3.1/thumb/v7-m/nofp/crtbegin.o
 *(.bss*)
 .bss.sbuf      0x200009e0       0x14 CMakeFiles/v1.elf.dir/Core/Src/main.c.obj
                0x200009e0                sbuf
 .bss.__sbrk_heap_end
                0x200009f4        0x4 CMakeFiles/v1.elf.dir/Core/Src/sysmem.c.obj
 .bss.htim2     0x200009f8       0x48 CMakeFiles/v1.elf.dir/Core/Src/tim.c.obj
                0x200009f8                htim2
 .bss.htim4     0x20000a40       0x48 CMakeFiles/v1.elf.dir/Core/Src/tim.c.obj
                0x20000a40                htim4
 .bss.tim_cnt.0
                0x20000a88        0x4 CMakeFiles/v1.elf.dir/Core/Src/tim.c.obj
 .bss.None      0x20000a8c        0x4 CMakeFiles/v1.elf.dir/Core/Src/usart.c.obj
                0x20000a8c                None
 .bss.X_data    0x20000a90        0x4 CMakeFiles/v1.elf.dir/Core/Src/usart.c.obj
                0x20000a90                X_data
 .bss.Y_data    0x20000a94        0x4 CMakeFiles/v1.elf.dir/Core/Src/usart.c.obj
                0x20000a94                Y_data
 .bss.cnt.0     0x20000a98        0x1 CMakeFiles/v1.elf.dir/Core/Src/usart.c.obj
 *fill*         0x20000a99        0x3 
 .bss.hdma_usart2_rx
                0x20000a9c       0x44 CMakeFiles/v1.elf.dir/Core/Src/usart.c.obj
                0x20000a9c                hdma_usart2_rx
 .bss.hdma_usart2_tx
                0x20000ae0       0x44 CMakeFiles/v1.elf.dir/Core/Src/usart.c.obj
                0x20000ae0                hdma_usart2_tx
 .bss.huart1    0x20000b24       0x48 CMakeFiles/v1.elf.dir/Core/Src/usart.c.obj
                0x20000b24                huart1
 .bss.huart2    0x20000b6c       0x48 CMakeFiles/v1.elf.dir/Core/Src/usart.c.obj
                0x20000b6c                huart2
 .bss.rec       0x20000bb4        0x1 CMakeFiles/v1.elf.dir/Core/Src/usart.c.obj
                0x20000bb4                rec
 *fill*         0x20000bb5        0x3 
 .bss.rec_buff  0x20000bb8       0xc8 CMakeFiles/v1.elf.dir/Core/Src/usart.c.obj
                0x20000bb8                rec_buff
 .bss.rect_data
                0x20000c80       0x20 CMakeFiles/v1.elf.dir/Core/Src/usart.c.obj
                0x20000c80                rect_data
 .bss.uwTick    0x20000ca0        0x4 CMakeFiles/v1.elf.dir/Drivers/STM32F1xx_HAL_Driver/Src/stm32f1xx_hal.c.obj
                0x20000ca0                uwTick
 .bss.flag      0x20000ca4        0x2 CMakeFiles/v1.elf.dir/control/control.c.obj
                0x20000ca4                flag
 *fill*         0x20000ca6        0x2 
 .bss.Coordinate_To_Anglex
                0x20000ca8       0x28 CMakeFiles/v1.elf.dir/pid/PID.c.obj
                0x20000ca8                Coordinate_To_Anglex
 .bss.Coordinate_To_Angley
                0x20000cd0       0x28 CMakeFiles/v1.elf.dir/pid/PID.c.obj
                0x20000cd0                Coordinate_To_Angley
 .bss.recv_end_flag_1
                0x20000cf8        0x1 CMakeFiles/v1.elf.dir/uart/USART_2.c.obj
                0x20000cf8                recv_end_flag_1
 .bss.rx_len_1  0x20000cf9        0x1 CMakeFiles/v1.elf.dir/uart/USART_2.c.obj
                0x20000cf9                rx_len_1
 *fill*         0x20000cfa        0x2 
 .bss.uart2_rx_buffer
                0x20000cfc       0xc8 CMakeFiles/v1.elf.dir/uart/USART_2.c.obj
                0x20000cfc                uart2_rx_buffer
 .bss.__lock___atexit_recursive_mutex
                0x20000dc4        0x1 d:/clion/tools/gcc-arm-none-eabi-10.3-2021.10-win32/gcc-arm-none-eabi-10.3-2021.10/bin/../lib/gcc/arm-none-eabi/10.3.1/../../../../arm-none-eabi/lib/thumb/v7-m/nofp\libg.a(lib_a-lock.o)
                0x20000dc4                __lock___atexit_recursive_mutex
 *fill*         0x20000dc5        0x3 
 .bss.__lock___malloc_recursive_mutex
                0x20000dc8        0x1 d:/clion/tools/gcc-arm-none-eabi-10.3-2021.10-win32/gcc-arm-none-eabi-10.3-2021.10/bin/../lib/gcc/arm-none-eabi/10.3.1/../../../../arm-none-eabi/lib/thumb/v7-m/nofp\libg.a(lib_a-lock.o)
                0x20000dc8                __lock___malloc_recursive_mutex
 *fill*         0x20000dc9        0x3 
 .bss.__lock___sfp_recursive_mutex
                0x20000dcc        0x1 d:/clion/tools/gcc-arm-none-eabi-10.3-2021.10-win32/gcc-arm-none-eabi-10.3-2021.10/bin/../lib/gcc/arm-none-eabi/10.3.1/../../../../arm-none-eabi/lib/thumb/v7-m/nofp\libg.a(lib_a-lock.o)
                0x20000dcc                __lock___sfp_recursive_mutex
 *fill*         0x20000dcd        0x3 
 .bss.__lock___sinit_recursive_mutex
                0x20000dd0        0x1 d:/clion/tools/gcc-arm-none-eabi-10.3-2021.10-win32/gcc-arm-none-eabi-10.3-2021.10/bin/../lib/gcc/arm-none-eabi/10.3.1/../../../../arm-none-eabi/lib/thumb/v7-m/nofp\libg.a(lib_a-lock.o)
                0x20000dd0                __lock___sinit_recursive_mutex
 *fill*         0x20000dd1        0x3 
 .bss.__malloc_current_mallinfo
                0x20000dd4       0x28 d:/clion/tools/gcc-arm-none-eabi-10.3-2021.10-win32/gcc-arm-none-eabi-10.3-2021.10/bin/../lib/gcc/arm-none-eabi/10.3.1/../../../../arm-none-eabi/lib/thumb/v7-m/nofp\libg.a(lib_a-mallocr.o)
                0x20000dd4                __malloc_current_mallinfo
 .bss.__malloc_max_sbrked_mem
                0x20000dfc        0x4 d:/clion/tools/gcc-arm-none-eabi-10.3-2021.10-win32/gcc-arm-none-eabi-10.3-2021.10/bin/../lib/gcc/arm-none-eabi/10.3.1/../../../../arm-none-eabi/lib/thumb/v7-m/nofp\libg.a(lib_a-mallocr.o)
                0x20000dfc                __malloc_max_sbrked_mem
 .bss.__malloc_max_total_mem
                0x20000e00        0x4 d:/clion/tools/gcc-arm-none-eabi-10.3-2021.10-win32/gcc-arm-none-eabi-10.3-2021.10/bin/../lib/gcc/arm-none-eabi/10.3.1/../../../../arm-none-eabi/lib/thumb/v7-m/nofp\libg.a(lib_a-mallocr.o)
                0x20000e00                __malloc_max_total_mem
 .bss.__malloc_top_pad
                0x20000e04        0x4 d:/clion/tools/gcc-arm-none-eabi-10.3-2021.10-win32/gcc-arm-none-eabi-10.3-2021.10/bin/../lib/gcc/arm-none-eabi/10.3.1/../../../../arm-none-eabi/lib/thumb/v7-m/nofp\libg.a(lib_a-mallocr.o)
                0x20000e04                __malloc_top_pad
 .bss.errno     0x20000e08        0x4 d:/clion/tools/gcc-arm-none-eabi-10.3-2021.10-win32/gcc-arm-none-eabi-10.3-2021.10/bin/../lib/gcc/arm-none-eabi/10.3.1/../../../../arm-none-eabi/lib/thumb/v7-m/nofp\libg.a(lib_a-reent.o)
                0x20000e08                errno
 *(COMMON)
                0x20000e0c                . = ALIGN (0x4)
                0x20000e0c                _ebss = .
                0x20000e0c                __bss_end__ = _ebss

._user_heap_stack
                0x20000e0c      0x604 load address 0x0800e044
                0x20000e10                . = ALIGN (0x8)
 *fill*         0x20000e0c        0x4 
                [!provide]                PROVIDE (end = .)
                0x20000e10                PROVIDE (_end = .)
                0x20001010                . = (. + _Min_Heap_Size)
 *fill*         0x20000e10      0x200 
                0x20001410                . = (. + _Min_Stack_Size)
 *fill*         0x20001010      0x400 
                0x20001410                . = ALIGN (0x8)

/DISCARD/
 libc.a(*)
 libm.a(*)
 libgcc.a(*)

.ARM.attributes
                0x00000000       0x29
 *(.ARM.attributes)
 .ARM.attributes
                0x00000000       0x1d d:/clion/tools/gcc-arm-none-eabi-10.3-2021.10-win32/gcc-arm-none-eabi-10.3-2021.10/bin/../lib/gcc/arm-none-eabi/10.3.1/thumb/v7-m/nofp/crti.o
 .ARM.attributes
                0x0000001d       0x2d d:/clion/tools/gcc-arm-none-eabi-10.3-2021.10-win32/gcc-arm-none-eabi-10.3-2021.10/bin/../lib/gcc/arm-none-eabi/10.3.1/thumb/v7-m/nofp/crtbegin.o
 .ARM.attributes
                0x0000004a       0x2d CMakeFiles/v1.elf.dir/Core/Src/dma.c.obj
 .ARM.attributes
                0x00000077       0x2d CMakeFiles/v1.elf.dir/Core/Src/gpio.c.obj
 .ARM.attributes
                0x000000a4       0x2d CMakeFiles/v1.elf.dir/Core/Src/main.c.obj
 .ARM.attributes
                0x000000d1       0x2d CMakeFiles/v1.elf.dir/Core/Src/stm32f1xx_hal_msp.c.obj
 .ARM.attributes
                0x000000fe       0x2d CMakeFiles/v1.elf.dir/Core/Src/stm32f1xx_it.c.obj
 .ARM.attributes
                0x0000012b       0x2d CMakeFiles/v1.elf.dir/Core/Src/syscalls.c.obj
 .ARM.attributes
                0x00000158       0x2d CMakeFiles/v1.elf.dir/Core/Src/sysmem.c.obj
 .ARM.attributes
                0x00000185       0x2d CMakeFiles/v1.elf.dir/Core/Src/system_stm32f1xx.c.obj
 .ARM.attributes
                0x000001b2       0x2d CMakeFiles/v1.elf.dir/Core/Src/tim.c.obj
 .ARM.attributes