Archive member included to satisfy reference by file (symbol)

d:/clion/tools/gcc-arm-none-eabi-10.3-2021.10-win32/gcc-arm-none-eabi-10.3-2021.10/bin/../lib/gcc/arm-none-eabi/10.3.1/thumb/v7-m/nofp\libgcc.a(_arm_mulsf3.o)
                              CMakeFiles/v1.elf.dir/pid/PID.c.obj (__aeabi_fmul)
d:/clion/tools/gcc-arm-none-eabi-10.3-2021.10-win32/gcc-arm-none-eabi-10.3-2021.10/bin/../lib/gcc/arm-none-eabi/10.3.1/thumb/v7-m/nofp\libgcc.a(_arm_addsubsf3.o)
                              CMakeFiles/v1.elf.dir/pid/PID.c.obj (__aeabi_fsub)
d:/clion/tools/gcc-arm-none-eabi-10.3-2021.10-win32/gcc-arm-none-eabi-10.3-2021.10/bin/../lib/gcc/arm-none-eabi/10.3.1/thumb/v7-m/nofp\libgcc.a(_arm_cmpsf2.o)
                              CMakeFiles/v1.elf.dir/pid/PID.c.obj (__aeabi_fcmplt)
d:/clion/tools/gcc-arm-none-eabi-10.3-2021.10-win32/gcc-arm-none-eabi-10.3-2021.10/bin/../lib/gcc/arm-none-eabi/10.3.1/../../../../arm-none-eabi/lib/thumb/v7-m/nofp\libg.a(lib_a-errno.o)
                              CMakeFiles/v1.elf.dir/Core/Src/syscalls.c.obj (__errno)
d:/clion/tools/gcc-arm-none-eabi-10.3-2021.10-win32/gcc-arm-none-eabi-10.3-2021.10/bin/../lib/gcc/arm-none-eabi/10.3.1/../../../../arm-none-eabi/lib/thumb/v7-m/nofp\libg.a(lib_a-exit.o)
                              d:/clion/tools/gcc-arm-none-eabi-10.3-2021.10-win32/gcc-arm-none-eabi-10.3-2021.10/bin/../lib/gcc/arm-none-eabi/10.3.1/../../../../arm-none-eabi/lib/thumb/v7-m/nofp/crt0.o (exit)
d:/clion/tools/gcc-arm-none-eabi-10.3-2021.10-win32/gcc-arm-none-eabi-10.3-2021.10/bin/../lib/gcc/arm-none-eabi/10.3.1/../../../../arm-none-eabi/lib/thumb/v7-m/nofp\libg.a(lib_a-impure.o)
                              d:/clion/tools/gcc-arm-none-eabi-10.3-2021.10-win32/gcc-arm-none-eabi-10.3-2021.10/bin/../lib/gcc/arm-none-eabi/10.3.1/../../../../arm-none-eabi/lib/thumb/v7-m/nofp\libg.a(lib_a-exit.o) (_global_impure_ptr)
d:/clion/tools/gcc-arm-none-eabi-10.3-2021.10-win32/gcc-arm-none-eabi-10.3-2021.10/bin/../lib/gcc/arm-none-eabi/10.3.1/../../../../arm-none-eabi/lib/thumb/v7-m/nofp\libg.a(lib_a-init.o)
                              d:/clion/tools/gcc-arm-none-eabi-10.3-2021.10-win32/gcc-arm-none-eabi-10.3-2021.10/bin/../lib/gcc/arm-none-eabi/10.3.1/../../../../arm-none-eabi/lib/thumb/v7-m/nofp/crt0.o (__libc_init_array)
d:/clion/tools/gcc-arm-none-eabi-10.3-2021.10-win32/gcc-arm-none-eabi-10.3-2021.10/bin/../lib/gcc/arm-none-eabi/10.3.1/../../../../arm-none-eabi/lib/thumb/v7-m/nofp\libg.a(lib_a-memset.o)
                              d:/clion/tools/gcc-arm-none-eabi-10.3-2021.10-win32/gcc-arm-none-eabi-10.3-2021.10/bin/../lib/gcc/arm-none-eabi/10.3.1/../../../../arm-none-eabi/lib/thumb/v7-m/nofp/crt0.o (memset)
d:/clion/tools/gcc-arm-none-eabi-10.3-2021.10-win32/gcc-arm-none-eabi-10.3-2021.10/bin/../lib/gcc/arm-none-eabi/10.3.1/../../../../arm-none-eabi/lib/thumb/v7-m/nofp\libg.a(lib_a-__call_atexit.o)
                              d:/clion/tools/gcc-arm-none-eabi-10.3-2021.10-win32/gcc-arm-none-eabi-10.3-2021.10/bin/../lib/gcc/arm-none-eabi/10.3.1/../../../../arm-none-eabi/lib/thumb/v7-m/nofp\libg.a(lib_a-exit.o) (__call_exitprocs)
d:/clion/tools/gcc-arm-none-eabi-10.3-2021.10-win32/gcc-arm-none-eabi-10.3-2021.10/bin/../lib/gcc/arm-none-eabi/10.3.1/../../../../arm-none-eabi/lib/thumb/v7-m/nofp\libg.a(lib_a-atexit.o)
                              d:/clion/tools/gcc-arm-none-eabi-10.3-2021.10-win32/gcc-arm-none-eabi-10.3-2021.10/bin/../lib/gcc/arm-none-eabi/10.3.1/../../../../arm-none-eabi/lib/thumb/v7-m/nofp\libg.a(lib_a-__call_atexit.o) (atexit)
d:/clion/tools/gcc-arm-none-eabi-10.3-2021.10-win32/gcc-arm-none-eabi-10.3-2021.10/bin/../lib/gcc/arm-none-eabi/10.3.1/../../../../arm-none-eabi/lib/thumb/v7-m/nofp\libg.a(lib_a-fini.o)
                              d:/clion/tools/gcc-arm-none-eabi-10.3-2021.10-win32/gcc-arm-none-eabi-10.3-2021.10/bin/../lib/gcc/arm-none-eabi/10.3.1/../../../../arm-none-eabi/lib/thumb/v7-m/nofp\libg.a(lib_a-__call_atexit.o) (__libc_fini_array)
d:/clion/tools/gcc-arm-none-eabi-10.3-2021.10-win32/gcc-arm-none-eabi-10.3-2021.10/bin/../lib/gcc/arm-none-eabi/10.3.1/../../../../arm-none-eabi/lib/thumb/v7-m/nofp\libg.a(lib_a-lock.o)
                              d:/clion/tools/gcc-arm-none-eabi-10.3-2021.10-win32/gcc-arm-none-eabi-10.3-2021.10/bin/../lib/gcc/arm-none-eabi/10.3.1/../../../../arm-none-eabi/lib/thumb/v7-m/nofp\libg.a(lib_a-__call_atexit.o) (__retarget_lock_acquire_recursive)
d:/clion/tools/gcc-arm-none-eabi-10.3-2021.10-win32/gcc-arm-none-eabi-10.3-2021.10/bin/../lib/gcc/arm-none-eabi/10.3.1/../../../../arm-none-eabi/lib/thumb/v7-m/nofp\libg.a(lib_a-__atexit.o)
                              d:/clion/tools/gcc-arm-none-eabi-10.3-2021.10-win32/gcc-arm-none-eabi-10.3-2021.10/bin/../lib/gcc/arm-none-eabi/10.3.1/../../../../arm-none-eabi/lib/thumb/v7-m/nofp\libg.a(lib_a-atexit.o) (__register_exitproc)

Discarded input sections

[...]
Memory Configuration

Name             Origin             Length             Attributes
RAM              0x20000000         0x00005000         xrw
FLASH            0x08000000         0x00010000         xr
*default*        0x00000000         0xffffffff

Linker script and memory map

LOAD d:/clion/tools/gcc-arm-none-eabi-10.3-2021.10-win32/gcc-arm-none-eabi-10.3-2021.10/bin/../lib/gcc/arm-none-eabi/10.3.1/thumb/v7-m/nofp/crti.o
LOAD d:/clion/tools/gcc-arm-none-eabi-10.3-2021.10-win32/gcc-arm-none-eabi-10.3-2021.10/bin/../lib/gcc/arm-none-eabi/10.3.1/thumb/v7-m/nofp/crtbegin.o
LOAD d:/clion/tools/gcc-arm-none-eabi-10.3-2021.10-win32/gcc-arm-none-eabi-10.3-2021.10/bin/../lib/gcc/arm-none-eabi/10.3.1/../../../../arm-none-eabi/lib/thumb/v7-m/nofp/crt0.o
LOAD CMakeFiles/v1.elf.dir/Core/Src/gpio.c.obj
LOAD CMakeFiles/v1.elf.dir/Core/Src/main.c.obj
LOAD CMakeFiles/v1.elf.dir/Core/Src/stm32f1xx_hal_msp.c.obj
LOAD CMakeFiles/v1.elf.dir/Core/Src/stm32f1xx_it.c.obj
LOAD CMakeFiles/v1.elf.dir/Core/Src/syscalls.c.obj
LOAD CMakeFiles/v1.elf.dir/Core/Src/sysmem.c.obj
LOAD CMakeFiles/v1.elf.dir/Core/Src/system_stm32f1xx.c.obj
LOAD CMakeFiles/v1.elf.dir/Core/Src/tim.c.obj
LOAD CMakeFiles/v1.elf.dir/Core/Src/usart.c.obj
LOAD CMakeFiles/v1.elf.dir/Core/Startup/startup_stm32f103c8tx.s.obj
LOAD CMakeFiles/v1.elf.dir/Drivers/STM32F1xx_HAL_Driver/Src/stm32f1xx_hal.c.obj
LOAD CMakeFiles/v1.elf.dir/Drivers/STM32F1xx_HAL_Driver/Src/stm32f1xx_hal_cortex.c.obj
LOAD CMakeFiles/v1.elf.dir/Drivers/STM32F1xx_HAL_Driver/Src/stm32f1xx_hal_dma.c.obj
LOAD CMakeFiles/v1.elf.dir/Drivers/STM32F1xx_HAL_Driver/Src/stm32f1xx_hal_exti.c.obj
LOAD CMakeFiles/v1.elf.dir/Drivers/STM32F1xx_HAL_Driver/Src/stm32f1xx_hal_flash.c.obj
LOAD CMakeFiles/v1.elf.dir/Drivers/STM32F1xx_HAL_Driver/Src/stm32f1xx_hal_flash_ex.c.obj
LOAD CMakeFiles/v1.elf.dir/Drivers/STM32F1xx_HAL_Driver/Src/stm32f1xx_hal_gpio.c.obj
LOAD CMakeFiles/v1.elf.dir/Drivers/STM32F1xx_HAL_Driver/Src/stm32f1xx_hal_gpio_ex.c.obj
LOAD CMakeFiles/v1.elf.dir/Drivers/STM32F1xx_HAL_Driver/Src/stm32f1xx_hal_pwr.c.obj
LOAD CMakeFiles/v1.elf.dir/Drivers/STM32F1xx_HAL_Driver/Src/stm32f1xx_hal_rcc.c.obj
LOAD CMakeFiles/v1.elf.dir/Drivers/STM32F1xx_HAL_Driver/Src/stm32f1xx_hal_rcc_ex.c.obj
LOAD CMakeFiles/v1.elf.dir/Drivers/STM32F1xx_HAL_Driver/Src/stm32f1xx_hal_tim.c.obj
LOAD CMakeFiles/v1.elf.dir/Drivers/STM32F1xx_HAL_Driver/Src/stm32f1xx_hal_tim_ex.c.obj
LOAD CMakeFiles/v1.elf.dir/Drivers/STM32F1xx_HAL_Driver/Src/stm32f1xx_hal_uart.c.obj
LOAD CMakeFiles/v1.elf.dir/pid/PID.c.obj
LOAD CMakeFiles/v1.elf.dir/servo/servo.c.obj
START GROUP
LOAD d:/clion/tools/gcc-arm-none-eabi-10.3-2021.10-win32/gcc-arm-none-eabi-10.3-2021.10/bin/../lib/gcc/arm-none-eabi/10.3.1/thumb/v7-m/nofp\libgcc.a
LOAD d:/clion/tools/gcc-arm-none-eabi-10.3-2021.10-win32/gcc-arm-none-eabi-10.3-2021.10/bin/../lib/gcc/arm-none-eabi/10.3.1/../../../../arm-none-eabi/lib/thumb/v7-m/nofp\libg.a
LOAD d:/clion/tools/gcc-arm-none-eabi-10.3-2021.10-win32/gcc-arm-none-eabi-10.3-2021.10/bin/../lib/gcc/arm-none-eabi/10.3.1/../../../../arm-none-eabi/lib/thumb/v7-m/nofp\libc.a
END GROUP
LOAD d:/clion/tools/gcc-arm-none-eabi-10.3-2021.10-win32/gcc-arm-none-eabi-10.3-2021.10/bin/../lib/gcc/arm-none-eabi/10.3.1/thumb/v7-m/nofp/crtend.o
LOAD d:/clion/tools/gcc-arm-none-eabi-10.3-2021.10-win32/gcc-arm-none-eabi-10.3-2021.10/bin/../lib/gcc/arm-none-eabi/10.3.1/thumb/v7-m/nofp/crtn.o
                0x20005000                _estack = (ORIGIN (RAM) + LENGTH (RAM))
                0x00000200                _Min_Heap_Size = 0x200
                0x00000400                _Min_Stack_Size = 0x400

.isr_vector     0x08000000      0x10c
                0x08000000                . = ALIGN (0x4)
 *(.isr_vector)
 .isr_vector    0x08000000      0x10c CMakeFiles/v1.elf.dir/Core/Startup/startup_stm32f103c8tx.s.obj
                0x08000000                g_pfnVectors
                0x0800010c                . = ALIGN (0x4)

.text           0x0800010c     0x1644
                0x0800010c                . = ALIGN (0x4)
 *(.text)
 .text          0x0800010c       0x40 d:/clion/tools/gcc-arm-none-eabi-10.3-2021.10-win32/gcc-arm-none-eabi-10.3-2021.10/bin/../lib/gcc/arm-none-eabi/10.3.1/thumb/v7-m/nofp/crtbegin.o
 *(.text*)
 .text.MX_GPIO_Init
                0x0800014c       0x44 CMakeFiles/v1.elf.dir/Core/Src/gpio.c.obj
                0x0800014c                MX_GPIO_Init
 .text.Error_Handler
                0x08000190        0x4 CMakeFiles/v1.elf.dir/Core/Src/main.c.obj
                0x08000190                Error_Handler
 .text.SystemClock_Config
                0x08000194       0x64 CMakeFiles/v1.elf.dir/Core/Src/main.c.obj
                0x08000194                SystemClock_Config
 .text.main     0x080001f8       0x1c CMakeFiles/v1.elf.dir/Core/Src/main.c.obj
                0x080001f8                main
 .text.HAL_MspInit
                0x08000214       0x44 CMakeFiles/v1.elf.dir/Core/Src/stm32f1xx_hal_msp.c.obj
                0x08000214                HAL_MspInit
 .text.NMI_Handler
                0x08000258        0x2 CMakeFiles/v1.elf.dir/Core/Src/stm32f1xx_it.c.obj
                0x08000258                NMI_Handler
 .text.HardFault_Handler
                0x0800025a        0x2 CMakeFiles/v1.elf.dir/Core/Src/stm32f1xx_it.c.obj
                0x0800025a                HardFault_Handler
 .text.MemManage_Handler
                0x0800025c        0x2 CMakeFiles/v1.elf.dir/Core/Src/stm32f1xx_it.c.obj
                0x0800025c                MemManage_Handler
 .text.BusFault_Handler
                0x0800025e        0x2 CMakeFiles/v1.elf.dir/Core/Src/stm32f1xx_it.c.obj
                0x0800025e                BusFault_Handler
 .text.UsageFault_Handler
                0x08000260        0x2 CMakeFiles/v1.elf.dir/Core/Src/stm32f1xx_it.c.obj
                0x08000260                UsageFault_Handler
 .text.SVC_Handler
                0x08000262        0x2 CMakeFiles/v1.elf.dir/Core/Src/stm32f1xx_it.c.obj
                0x08000262                SVC_Handler
 .text.DebugMon_Handler
                0x08000264        0x2 CMakeFiles/v1.elf.dir/Core/Src/stm32f1xx_it.c.obj
                0x08000264                DebugMon_Handler
 .text.PendSV_Handler
                0x08000266        0x2 CMakeFiles/v1.elf.dir/Core/Src/stm32f1xx_it.c.obj
                0x08000266                PendSV_Handler
 .text.SysTick_Handler
                0x08000268        0x8 CMakeFiles/v1.elf.dir/Core/Src/stm32f1xx_it.c.obj
                0x08000268                SysTick_Handler
 .text.SystemInit
                0x08000270        0x2 CMakeFiles/v1.elf.dir/Core/Src/system_stm32f1xx.c.obj
                0x08000270                SystemInit
 *fill*         0x08000272        0x2 
 .text.MX_TIM4_Init
                0x08000274       0x70 CMakeFiles/v1.elf.dir/Core/Src/tim.c.obj
                0x08000274                MX_TIM4_Init
 .text.HAL_TIM_Base_MspInit
                0x080002e4       0x4c CMakeFiles/v1.elf.dir/Core/Src/tim.c.obj
                0x080002e4                HAL_TIM_Base_MspInit
 .text.HAL_TIM_MspPostInit
                0x08000330       0x88 CMakeFiles/v1.elf.dir/Core/Src/tim.c.obj
                0x08000330                HAL_TIM_MspPostInit
 .text.MX_TIM2_Init
                0x080003b8       0xc0 CMakeFiles/v1.elf.dir/Core/Src/tim.c.obj
                0x080003b8                MX_TIM2_Init
 .text.MX_USART1_UART_Init
                0x08000478       0x34 CMakeFiles/v1.elf.dir/Core/Src/usart.c.obj
                0x08000478                MX_USART1_UART_Init
 .text.HAL_UART_MspInit
                0x080004ac       0x78 CMakeFiles/v1.elf.dir/Core/Src/usart.c.obj
                0x080004ac                HAL_UART_MspInit
 .text.Reset_Handler
                0x08000524       0x48 CMakeFiles/v1.elf.dir/Core/Startup/startup_stm32f103c8tx.s.obj
                0x08000524                Reset_Handler
 .text.Default_Handler
                0x0800056c        0x2 CMakeFiles/v1.elf.dir/Core/Startup/startup_stm32f103c8tx.s.obj
                0x0800056c                RTC_Alarm_IRQHandler
                0x0800056c                EXTI2_IRQHandler
                0x0800056c                TIM1_CC_IRQHandler
                0x0800056c                PVD_IRQHandler
                0x0800056c                EXTI3_IRQHandler
                0x0800056c                EXTI0_IRQHandler
                0x0800056c                I2C2_EV_IRQHandler
                0x0800056c                ADC1_2_IRQHandler
                0x0800056c                SPI1_IRQHandler
                0x0800056c                TAMPER_IRQHandler
                0x0800056c                DMA1_Channel4_IRQHandler
                0x0800056c                USART3_IRQHandler
                0x0800056c                RTC_IRQHandler
                0x0800056c                DMA1_Channel7_IRQHandler
                0x0800056c                CAN1_RX1_IRQHandler
                0x0800056c                TIM4_IRQHandler
                0x0800056c                I2C1_EV_IRQHandler
                0x0800056c                DMA1_Channel6_IRQHandler
                0x0800056c                TIM3_IRQHandler
                0x0800056c                RCC_IRQHandler
                0x0800056c                TIM1_TRG_COM_IRQHandler
                0x0800056c                DMA1_Channel1_IRQHandler
                0x0800056c                Default_Handler
                0x0800056c                EXTI15_10_IRQHandler
                0x0800056c                EXTI9_5_IRQHandler
                0x0800056c                SPI2_IRQHandler
                0x0800056c                DMA1_Channel5_IRQHandler
                0x0800056c                EXTI4_IRQHandler
                0x0800056c                USB_LP_CAN1_RX0_IRQHandler
                0x0800056c                USB_HP_CAN1_TX_IRQHandler
                0x0800056c                DMA1_Channel3_IRQHandler
                0x0800056c                TIM1_UP_IRQHandler
                0x0800056c                WWDG_IRQHandler
                0x0800056c                TIM2_IRQHandler
                0x0800056c                TIM1_BRK_IRQHandler
                0x0800056c                EXTI1_IRQHandler
                0x0800056c                USART2_IRQHandler
                0x0800056c                I2C2_ER_IRQHandler
                0x0800056c                DMA1_Channel2_IRQHandler
                0x0800056c                CAN1_SCE_IRQHandler
                0x0800056c                FLASH_IRQHandler
                0x0800056c                USART1_IRQHandler
                0x0800056c                I2C1_ER_IRQHandler
                0x0800056c                USBWakeUp_IRQHandler
 *fill*         0x0800056e        0x2 
 .text.HAL_InitTick
                0x08000570       0x4c CMakeFiles/v1.elf.dir/Drivers/STM32F1xx_HAL_Driver/Src/stm32f1xx_hal.c.obj
                0x08000570                HAL_InitTick
 .text.HAL_Init
                0x080005bc       0x24 CMakeFiles/v1.elf.dir/Drivers/STM32F1xx_HAL_Driver/Src/stm32f1xx_hal.c.obj
                0x080005bc                HAL_Init
 .text.HAL_IncTick
                0x080005e0       0x18 CMakeFiles/v1.elf.dir/Drivers/STM32F1xx_HAL_Driver/Src/stm32f1xx_hal.c.obj
                0x080005e0                HAL_IncTick
 .text.HAL_GetTick
                0x080005f8        0xc CMakeFiles/v1.elf.dir/Drivers/STM32F1xx_HAL_Driver/Src/stm32f1xx_hal.c.obj
                0x080005f8                HAL_GetTick
 .text.HAL_NVIC_SetPriorityGrouping
                0x08000604       0x24 CMakeFiles/v1.elf.dir/Drivers/STM32F1xx_HAL_Driver/Src/stm32f1xx_hal_cortex.c.obj
                0x08000604                HAL_NVIC_SetPriorityGrouping
 .text.HAL_NVIC_SetPriority
                0x08000628       0x70 CMakeFiles/v1.elf.dir/Drivers/STM32F1xx_HAL_Driver/Src/stm32f1xx_hal_cortex.c.obj
                0x08000628                HAL_NVIC_SetPriority
 .text.HAL_SYSTICK_Config
                0x08000698       0x28 CMakeFiles/v1.elf.dir/Drivers/STM32F1xx_HAL_Driver/Src/stm32f1xx_hal_cortex.c.obj
                0x08000698                HAL_SYSTICK_Config
 .text.HAL_GPIO_Init
                0x080006c0      0x224 CMakeFiles/v1.elf.dir/Drivers/STM32F1xx_HAL_Driver/Src/stm32f1xx_hal_gpio.c.obj
                0x080006c0                HAL_GPIO_Init
 .text.RCC_Delay
                0x080008e4       0x2c CMakeFiles/v1.elf.dir/Drivers/STM32F1xx_HAL_Driver/Src/stm32f1xx_hal_rcc.c.obj
 .text.HAL_RCC_OscConfig
                0x08000910      0x410 CMakeFiles/v1.elf.dir/Drivers/STM32F1xx_HAL_Driver/Src/stm32f1xx_hal_rcc.c.obj
                0x08000910                HAL_RCC_OscConfig
 .text.HAL_RCC_GetSysClockFreq
                0x08000d20       0x54 CMakeFiles/v1.elf.dir/Drivers/STM32F1xx_HAL_Driver/Src/stm32f1xx_hal_rcc.c.obj
                0x08000d20                HAL_RCC_GetSysClockFreq
 .text.HAL_RCC_ClockConfig
                0x08000d74      0x16c CMakeFiles/v1.elf.dir/Drivers/STM32F1xx_HAL_Driver/Src/stm32f1xx_hal_rcc.c.obj
                0x08000d74                HAL_RCC_ClockConfig
 .text.HAL_RCC_GetHCLKFreq
                0x08000ee0        0xc CMakeFiles/v1.elf.dir/Drivers/STM32F1xx_HAL_Driver/Src/stm32f1xx_hal_rcc.c.obj
                0x08000ee0                HAL_RCC_GetHCLKFreq
 .text.HAL_RCC_GetPCLK1Freq
                0x08000eec       0x20 CMakeFiles/v1.elf.dir/Drivers/STM32F1xx_HAL_Driver/Src/stm32f1xx_hal_rcc.c.obj
                0x08000eec                HAL_RCC_GetPCLK1Freq
 .text.HAL_RCC_GetPCLK2Freq
                0x08000f0c       0x20 CMakeFiles/v1.elf.dir/Drivers/STM32F1xx_HAL_Driver/Src/stm32f1xx_hal_rcc.c.obj
                0x08000f0c                HAL_RCC_GetPCLK2Freq
 .text.TIM_OC1_SetConfig
                0x08000f2c       0x5c CMakeFiles/v1.elf.dir/Drivers/STM32F1xx_HAL_Driver/Src/stm32f1xx_hal_tim.c.obj
 .text.TIM_OC3_SetConfig
                0x08000f88       0x64 CMakeFiles/v1.elf.dir/Drivers/STM32F1xx_HAL_Driver/Src/stm32f1xx_hal_tim.c.obj
 .text.TIM_OC4_SetConfig
                0x08000fec       0x48 CMakeFiles/v1.elf.dir/Drivers/STM32F1xx_HAL_Driver/Src/stm32f1xx_hal_tim.c.obj
 .text.TIM_TI1_ConfigInputStage
                0x08001034       0x24 CMakeFiles/v1.elf.dir/Drivers/STM32F1xx_HAL_Driver/Src/stm32f1xx_hal_tim.c.obj
 .text.TIM_TI2_ConfigInputStage
                0x08001058       0x26 CMakeFiles/v1.elf.dir/Drivers/STM32F1xx_HAL_Driver/Src/stm32f1xx_hal_tim.c.obj
 .text.TIM_ITRx_SetConfig
                0x0800107e       0x10 CMakeFiles/v1.elf.dir/Drivers/STM32F1xx_HAL_Driver/Src/stm32f1xx_hal_tim.c.obj
 .text.HAL_TIM_PWM_MspInit
                0x0800108e        0x2 CMakeFiles/v1.elf.dir/Drivers/STM32F1xx_HAL_Driver/Src/stm32f1xx_hal_tim.c.obj
                0x0800108e                HAL_TIM_PWM_MspInit
 .text.TIM_Base_SetConfig
                0x08001090       0x74 CMakeFiles/v1.elf.dir/Drivers/STM32F1xx_HAL_Driver/Src/stm32f1xx_hal_tim.c.obj
                0x08001090                TIM_Base_SetConfig
 .text.HAL_TIM_Base_Init
                0x08001104       0x58 CMakeFiles/v1.elf.dir/Drivers/STM32F1xx_HAL_Driver/Src/stm32f1xx_hal_tim.c.obj
                0x08001104                HAL_TIM_Base_Init
 .text.HAL_TIM_PWM_Init
                0x0800115c       0x58 CMakeFiles/v1.elf.dir/Drivers/STM32F1xx_HAL_Driver/Src/stm32f1xx_hal_tim.c.obj
                0x0800115c                HAL_TIM_PWM_Init
 .text.TIM_OC2_SetConfig
                0x080011b4       0x64 CMakeFiles/v1.elf.dir/Drivers/STM32F1xx_HAL_Driver/Src/stm32f1xx_hal_tim.c.obj
                0x080011b4                TIM_OC2_SetConfig
 .text.HAL_TIM_PWM_ConfigChannel
                0x08001218       0xdc CMakeFiles/v1.elf.dir/Drivers/STM32F1xx_HAL_Driver/Src/stm32f1xx_hal_tim.c.obj
                0x08001218                HAL_TIM_PWM_ConfigChannel
 .text.TIM_ETR_SetConfig
                0x080012f4       0x18 CMakeFiles/v1.elf.dir/Drivers/STM32F1xx_HAL_Driver/Src/stm32f1xx_hal_tim.c.obj
                0x080012f4                TIM_ETR_SetConfig
 .text.HAL_TIM_ConfigClockSource
                0x0800130c       0xfe CMakeFiles/v1.elf.dir/Drivers/STM32F1xx_HAL_Driver/Src/stm32f1xx_hal_tim.c.obj
                0x0800130c                HAL_TIM_ConfigClockSource
 *fill*         0x0800140a        0x2 
 .text.HAL_TIMEx_MasterConfigSynchronization
                0x0800140c       0x6c CMakeFiles/v1.elf.dir/Drivers/STM32F1xx_HAL_Driver/Src/stm32f1xx_hal_tim_ex.c.obj
                0x0800140c                HAL_TIMEx_MasterConfigSynchronization
 .text.UART_SetConfig
                0x08001478       0x94 CMakeFiles/v1.elf.dir/Drivers/STM32F1xx_HAL_Driver/Src/stm32f1xx_hal_uart.c.obj
 .text.HAL_UART_Init
                0x0800150c       0x60 CMakeFiles/v1.elf.dir/Drivers/STM32F1xx_HAL_Driver/Src/stm32f1xx_hal_uart.c.obj
                0x0800150c                HAL_UART_Init
 .text.__libc_init_array
                0x0800156c       0x48 d:/clion/tools/gcc-arm-none-eabi-10.3-2021.10-win32/gcc-arm-none-eabi-10.3-2021.10/bin/../lib/gcc/arm-none-eabi/10.3.1/../../../../arm-none-eabi/lib/thumb/v7-m/nofp\libg.a(lib_a-init.o)
                0x0800156c                __libc_init_array
 .text.memset   0x080015b4       0xa4 d:/clion/tools/gcc-arm-none-eabi-10.3-2021.10-win32/gcc-arm-none-eabi-10.3-2021.10/bin/../lib/gcc/arm-none-eabi/10.3.1/../../../../arm-none-eabi/lib/thumb/v7-m/nofp\libg.a(lib_a-memset.o)
                0x080015b4                memset
 .text.startup.register_fini
                0x08001658       0x14 d:/clion/tools/gcc-arm-none-eabi-10.3-2021.10-win32/gcc-arm-none-eabi-10.3-2021.10/bin/../lib/gcc/arm-none-eabi/10.3.1/../../../../arm-none-eabi/lib/thumb/v7-m/nofp\libg.a(lib_a-__call_atexit.o)
 .text.atexit   0x0800166c        0xc d:/clion/tools/gcc-arm-none-eabi-10.3-2021.10-win32/gcc-arm-none-eabi-10.3-2021.10/bin/../lib/gcc/arm-none-eabi/10.3.1/../../../../arm-none-eabi/lib/thumb/v7-m/nofp\libg.a(lib_a-atexit.o)
                0x0800166c                atexit
 .text.__libc_fini_array
                0x08001678       0x2c d:/clion/tools/gcc-arm-none-eabi-10.3-2021.10-win32/gcc-arm-none-eabi-10.3-2021.10/bin/../lib/gcc/arm-none-eabi/10.3.1/../../../../arm-none-eabi/lib/thumb/v7-m/nofp\libg.a(lib_a-fini.o)
                0x08001678                __libc_fini_array
 .text.__retarget_lock_acquire_recursive
                0x080016a4        0x4 d:/clion/tools/gcc-arm-none-eabi-10.3-2021.10-win32/gcc-arm-none-eabi-10.3-2021.10/bin/../lib/gcc/arm-none-eabi/10.3.1/../../../../arm-none-eabi/lib/thumb/v7-m/nofp\libg.a(lib_a-lock.o)
                0x080016a4                __retarget_lock_acquire_recursive
 .text.__retarget_lock_release_recursive
                0x080016a8        0x4 d:/clion/tools/gcc-arm-none-eabi-10.3-2021.10-win32/gcc-arm-none-eabi-10.3-2021.10/bin/../lib/gcc/arm-none-eabi/10.3.1/../../../../arm-none-eabi/lib/thumb/v7-m/nofp\libg.a(lib_a-lock.o)
                0x080016a8                __retarget_lock_release_recursive
 .text.__register_exitproc
                0x080016ac       0x8c d:/clion/tools/gcc-arm-none-eabi-10.3-2021.10-win32/gcc-arm-none-eabi-10.3-2021.10/bin/../lib/gcc/arm-none-eabi/10.3.1/../../../../arm-none-eabi/lib/thumb/v7-m/nofp\libg.a(lib_a-__atexit.o)
                0x080016ac                __register_exitproc
 *(.glue_7)
 .glue_7        0x08001738        0x0 linker stubs
 *(.glue_7t)
 .glue_7t       0x08001738        0x0 linker stubs
 *(.eh_frame)
 .eh_frame      0x08001738        0x0 d:/clion/tools/gcc-arm-none-eabi-10.3-2021.10-win32/gcc-arm-none-eabi-10.3-2021.10/bin/../lib/gcc/arm-none-eabi/10.3.1/thumb/v7-m/nofp/crtbegin.o
 *(.init)
 .init          0x08001738        0x4 d:/clion/tools/gcc-arm-none-eabi-10.3-2021.10-win32/gcc-arm-none-eabi-10.3-2021.10/bin/../lib/gcc/arm-none-eabi/10.3.1/thumb/v7-m/nofp/crti.o
                0x08001738                _init
 .init          0x0800173c        0x8 d:/clion/tools/gcc-arm-none-eabi-10.3-2021.10-win32/gcc-arm-none-eabi-10.3-2021.10/bin/../lib/gcc/arm-none-eabi/10.3.1/thumb/v7-m/nofp/crtn.o
 *(.fini)
 .fini          0x08001744        0x4 d:/clion/tools/gcc-arm-none-eabi-10.3-2021.10-win32/gcc-arm-none-eabi-10.3-2021.10/bin/../lib/gcc/arm-none-eabi/10.3.1/thumb/v7-m/nofp/crti.o
                0x08001744                _fini
 .fini          0x08001748        0x8 d:/clion/tools/gcc-arm-none-eabi-10.3-2021.10-win32/gcc-arm-none-eabi-10.3-2021.10/bin/../lib/gcc/arm-none-eabi/10.3.1/thumb/v7-m/nofp/crtn.o
                0x08001750                . = ALIGN (0x4)
                0x08001750                _etext = .

.vfp11_veneer   0x08001750        0x0
 .vfp11_veneer  0x08001750        0x0 linker stubs

.v4_bx          0x08001750        0x0
 .v4_bx         0x08001750        0x0 linker stubs

.iplt           0x08001750        0x0
 .iplt          0x08001750        0x0 d:/clion/tools/gcc-arm-none-eabi-10.3-2021.10-win32/gcc-arm-none-eabi-10.3-2021.10/bin/../lib/gcc/arm-none-eabi/10.3.1/thumb/v7-m/nofp/crtbegin.o

.rodata         0x08001750       0x30
                0x08001750                . = ALIGN (0x4)
 *(.rodata)
 *(.rodata*)
 .rodata.AHBPrescTable
                0x08001750       0x10 CMakeFiles/v1.elf.dir/Core/Src/system_stm32f1xx.c.obj
                0x08001750                AHBPrescTable
 .rodata.APBPrescTable
                0x08001760        0x8 CMakeFiles/v1.elf.dir/Core/Src/system_stm32f1xx.c.obj
                0x08001760                APBPrescTable
 .rodata.aPLLMULFactorTable.1
                0x08001768       0x10 CMakeFiles/v1.elf.dir/Drivers/STM32F1xx_HAL_Driver/Src/stm32f1xx_hal_rcc.c.obj
 .rodata.aPredivFactorTable.0
                0x08001778        0x2 CMakeFiles/v1.elf.dir/Drivers/STM32F1xx_HAL_Driver/Src/stm32f1xx_hal_rcc.c.obj
 *fill*         0x0800177a        0x2 
 .rodata._global_impure_ptr
                0x0800177c        0x4 d:/clion/tools/gcc-arm-none-eabi-10.3-2021.10-win32/gcc-arm-none-eabi-10.3-2021.10/bin/../lib/gcc/arm-none-eabi/10.3.1/../../../../arm-none-eabi/lib/thumb/v7-m/nofp\libg.a(lib_a-impure.o)
                0x0800177c                _global_impure_ptr
                0x08001780                . = ALIGN (0x4)

.rel.dyn        0x08001780        0x0
 .rel.iplt      0x08001780        0x0 d:/clion/tools/gcc-arm-none-eabi-10.3-2021.10-win32/gcc-arm-none-eabi-10.3-2021.10/bin/../lib/gcc/arm-none-eabi/10.3.1/thumb/v7-m/nofp/crtbegin.o

.ARM.extab      0x08001780        0x0
                0x08001780                . = ALIGN (0x4)
 *(.ARM.extab* .gnu.linkonce.armextab.*)
                0x08001780                . = ALIGN (0x4)

.ARM            0x08001780        0x0
                0x08001780                . = ALIGN (0x4)
                0x08001780                __exidx_start = .
 *(.ARM.exidx*)
                0x08001780                __exidx_end = .
                0x08001780                . = ALIGN (0x4)

.preinit_array  0x08001780        0x0
                0x08001780                . = ALIGN (0x4)
                0x08001780                PROVIDE (__preinit_array_start = .)
 *(.preinit_array*)
                0x08001780                PROVIDE (__preinit_array_end = .)
                0x08001780                . = ALIGN (0x4)

.init_array     0x08001780        0x8
                0x08001780                . = ALIGN (0x4)
                0x08001780                PROVIDE (__init_array_start = .)
 *(SORT_BY_NAME(.init_array.*))
 .init_array.00000
                0x08001780        0x4 d:/clion/tools/gcc-arm-none-eabi-10.3-2021.10-win32/gcc-arm-none-eabi-10.3-2021.10/bin/../lib/gcc/arm-none-eabi/10.3.1/../../../../arm-none-eabi/lib/thumb/v7-m/nofp\libg.a(lib_a-__call_atexit.o)
 *(.init_array*)
 .init_array    0x08001784        0x4 d:/clion/tools/gcc-arm-none-eabi-10.3-2021.10-win32/gcc-arm-none-eabi-10.3-2021.10/bin/../lib/gcc/arm-none-eabi/10.3.1/thumb/v7-m/nofp/crtbegin.o
                0x08001788                PROVIDE (__init_array_end = .)
                0x08001788                . = ALIGN (0x4)

.fini_array     0x08001788        0x4
                0x08001788                . = ALIGN (0x4)
                0x08001788                PROVIDE (__fini_array_start = .)
 *(SORT_BY_NAME(.fini_array.*))
 *(.fini_array*)
 .fini_array    0x08001788        0x4 d:/clion/tools/gcc-arm-none-eabi-10.3-2021.10-win32/gcc-arm-none-eabi-10.3-2021.10/bin/../lib/gcc/arm-none-eabi/10.3.1/thumb/v7-m/nofp/crtbegin.o
                0x0800178c                PROVIDE (__fini_array_end = .)
                0x0800178c                . = ALIGN (0x4)
                0x0800178c                _sidata = LOADADDR (.data)

.data           0x20000000      0x43c load address 0x0800178c
                0x20000000                . = ALIGN (0x4)
                0x20000000                _sdata = .
 *(.data)
 *(.data*)
 .data.SystemCoreClock
                0x20000000        0x4 CMakeFiles/v1.elf.dir/Core/Src/system_stm32f1xx.c.obj
                0x20000000                SystemCoreClock
 .data.uwTickFreq
                0x20000004        0x1 CMakeFiles/v1.elf.dir/Drivers/STM32F1xx_HAL_Driver/Src/stm32f1xx_hal.c.obj
                0x20000004                uwTickFreq
 *fill*         0x20000005        0x3 
 .data.uwTickPrio
                0x20000008        0x4 CMakeFiles/v1.elf.dir/Drivers/STM32F1xx_HAL_Driver/Src/stm32f1xx_hal.c.obj
                0x20000008                uwTickPrio
 *fill*         0x2000000c        0x4 
 .data.impure_data
                0x20000010      0x428 d:/clion/tools/gcc-arm-none-eabi-10.3-2021.10-win32/gcc-arm-none-eabi-10.3-2021.10/bin/../lib/gcc/arm-none-eabi/10.3.1/../../../../arm-none-eabi/lib/thumb/v7-m/nofp\libg.a(lib_a-impure.o)
 .data.__atexit_recursive_mutex
                0x20000438        0x4 d:/clion/tools/gcc-arm-none-eabi-10.3-2021.10-win32/gcc-arm-none-eabi-10.3-2021.10/bin/../lib/gcc/arm-none-eabi/10.3.1/../../../../arm-none-eabi/lib/thumb/v7-m/nofp\libg.a(lib_a-__call_atexit.o)
                0x20000438                __atexit_recursive_mutex
 *(.RamFunc)
 *(.RamFunc*)
                0x2000043c                . = ALIGN (0x4)
                0x2000043c                _edata = .

.igot.plt       0x2000043c        0x0 load address 0x08001bc8
 .igot.plt      0x2000043c        0x0 d:/clion/tools/gcc-arm-none-eabi-10.3-2021.10-win32/gcc-arm-none-eabi-10.3-2021.10/bin/../lib/gcc/arm-none-eabi/10.3.1/thumb/v7-m/nofp/crtbegin.o
                0x2000043c                . = ALIGN (0x4)

.bss            0x2000043c       0xfc load address 0x08001bc8
                0x2000043c                _sbss = .
                0x2000043c                __bss_start__ = _sbss
 *(.bss)
 .bss           0x2000043c       0x1c d:/clion/tools/gcc-arm-none-eabi-10.3-2021.10-win32/gcc-arm-none-eabi-10.3-2021.10/bin/../lib/gcc/arm-none-eabi/10.3.1/thumb/v7-m/nofp/crtbegin.o
 *(.bss*)
 .bss.htim2     0x20000458       0x48 CMakeFiles/v1.elf.dir/Core/Src/tim.c.obj
                0x20000458                htim2
 .bss.htim4     0x200004a0       0x48 CMakeFiles/v1.elf.dir/Core/Src/tim.c.obj
                0x200004a0                htim4
 .bss.huart1    0x200004e8       0x48 CMakeFiles/v1.elf.dir/Core/Src/usart.c.obj
                0x200004e8                huart1
 .bss.uwTick    0x20000530        0x4 CMakeFiles/v1.elf.dir/Drivers/STM32F1xx_HAL_Driver/Src/stm32f1xx_hal.c.obj
                0x20000530                uwTick
 .bss.__lock___atexit_recursive_mutex
                0x20000534        0x1 d:/clion/tools/gcc-arm-none-eabi-10.3-2021.10-win32/gcc-arm-none-eabi-10.3-2021.10/bin/../lib/gcc/arm-none-eabi/10.3.1/../../../../arm-none-eabi/lib/thumb/v7-m/nofp\libg.a(lib_a-lock.o)
                0x20000534                __lock___atexit_recursive_mutex
 *(COMMON)
                0x20000538                . = ALIGN (0x4)
 *fill*         0x20000535        0x3 
                0x20000538                _ebss = .
                0x20000538                __bss_end__ = _ebss

._user_heap_stack
                0x20000538      0x600 load address 0x08001bc8
                0x20000538                . = ALIGN (0x8)
                [!provide]                PROVIDE (end = .)
                0x20000538                PROVIDE (_end = .)
                0x20000738                . = (. + _Min_Heap_Size)
 *fill*         0x20000538      0x200 
                0x20000b38                . = (. + _Min_Stack_Size)
 *fill*         0x20000738      0x400 
                0x20000b38                . = ALIGN (0x8)

/DISCARD/
 libc.a(*)
 libm.a(*)
 libgcc.a(*)

.ARM.attributes
                0x00000000       0x29
 *(.ARM.attributes)
 .ARM.attributes
                0x00000000       0x1d d:/clion/tools/gcc-arm-none-eabi-10.3-2021.10-win32/gcc-arm-none-eabi-10.3-2021.10/bin/../lib/gcc/arm-none-eabi/10.3.1/thumb/v7-m/nofp/crti.o
 .ARM.attributes
                0x0000001d       0x2d d:/clion/tools/gcc-arm-none-eabi-10.3-2021.10-win32/gcc-arm-none-eabi-10.3-2021.10/bin/../lib/gcc/arm-none-eabi/10.3.1/thumb/v7-m/nofp/crtbegin.o
 .ARM.attributes
                0x0000004a       0x2d CMakeFiles/v1.elf.dir/Core/Src/gpio.c.obj
 .ARM.attributes
                0x00000077       0x2d CMakeFiles/v1.elf.dir/Core/Src/main.c.obj
 .ARM.attributes
                0x000000a4       0x2d CMakeFiles/v1.elf.dir/Core/Src/stm32f1xx_hal_msp.c.obj
 .ARM.attributes
                0x000000d1       0x2d CMakeFiles/v1.elf.dir/Core/Src/stm32f1xx_it.c.obj
 .ARM.attributes
                0x000000fe       0x2d CMakeFiles/v1.elf.dir/Core/Src/system_stm32f1xx.c.obj
 .ARM.attributes
                0x0000012b       0x2d CMakeFiles/v1.elf.dir/Core/Src/tim.c.obj
 .ARM.attributes
                0x00000158       0x2d CMakeFiles/v1.elf.dir/Core/Src/usart.c.obj
 .ARM.attributes
                0x00000185       0x21 CMakeFiles/v1.elf.dir/Core/Startup/startup_stm32f103c8tx.s.obj
 .ARM.attributes
                0x000001a6       0x2d CMakeFiles/v1.elf.dir/Drivers/STM32F1xx_HAL_Driver/Src/stm32f1xx_hal.c.obj
 .ARM.attributes
                0x000001d3       0x2d CMakeFiles/v1.elf.dir/Drivers/STM32F1xx_HAL_Driver/Src/stm32f1xx_hal_cortex.c.obj
 .ARM.attributes
                0x00000200       0x2d CMakeFiles/v1.elf.dir/Drivers/STM32F1xx_HAL_Driver/Src/stm32f1xx_hal_gpio.c.obj
 .ARM.attributes
                0x0000022d       0x2d CMakeFiles/v1.elf.dir/Drivers/STM32F1xx_HAL_Driver/Src/stm32f1xx_hal_rcc.c.obj
 .ARM.attributes
                0x0000025a       0x2d CMakeFiles/v1.elf.dir/Drivers/STM32F1xx_HAL_Driver/Src/stm32f1xx_hal_tim.c.obj
 .ARM.attributes
                0x00000287       0x2d CMakeFiles/v1.elf.dir/Drivers/STM32F1xx_HAL_Driver/Src/stm32f1xx_hal_tim_ex.c.obj
 .ARM.attributes
                0x000002b4       0x2d CMakeFiles/v1.elf.dir/Drivers/STM32F1xx_HAL_Driver/Src/stm32f1xx_hal_uart.c.obj
 .ARM.attributes
                0x000002e1       0x2d d:/clion/tools/gcc-arm-none-eabi-10.3-2021.10-win32/gcc-arm-none-eabi-10.3-2021.10/bin/../lib/gcc/arm-none-eabi/10.3.1/../../../../arm-none-eabi/lib/thumb/v7-m/nofp\libg.a(lib_a-impure.o)
 .ARM.attributes
                0x0000030e       0x2d d:/clion/tools/gcc-arm-none-eabi-10.3-2021.10-win32/gcc-arm-none-eabi-10.3-2021.10/bin/../lib/gcc/arm-none-eabi/10.3.1/../../../../arm-none-eabi/lib/thumb/v7-m/nofp\libg.a(lib_a-init.o)
 .ARM.attributes
                0x0000033b       0x2d d:/clion/tools/gcc-arm-none-eabi-10.3-2021.10-win32/gcc-arm-none-eabi-10.3-2021.10/bin/../lib/gcc/arm-none-eabi/10.3.1/../../../../arm-none-eabi/lib/thumb/v7-m/nofp\libg.a(lib_a-memset.o)
 .ARM.attributes
                0x00000368       0x2d d:/clion/tools/gcc-arm-none-eabi-10.3-2021.10-win32/gcc-arm-none-eabi-10.3-2021.10/bin/../lib/gcc/arm-none-eabi/10.3.1/../../../../arm-none-eabi/lib/thumb/v7-m/nofp\libg.a(lib_a-__call_atexit.o)
 .ARM.attributes
                0x00000395       0x2d d:/clion/tools/gcc-arm-none-eabi-10.3-2021.10-win32/gcc-arm-none-eabi-10.3-2021.10/bin/../lib/gcc/arm-none-eabi/10.3.1/../../../../arm-none-eabi/lib/thumb/v7-m/nofp\libg.a(lib_a-atexit.o)
 .ARM.attributes
                0x000003c2       0x2d d:/clion/tools/gcc-arm-none-eabi-10.3-2021.10-win32/gcc-arm-none-eabi-10.3-2021.10/bin/../lib/gcc/arm-none-eabi/10.3.1/../../../../arm-none-eabi/lib/thumb/v7-m/nofp\libg.a(lib_a-fini.o)
 .ARM.attributes
                0x000003ef       0x2d d:/clion/tools/gcc-arm-none-eabi-10.3-2021.10-win32/gcc-arm-none-eabi-10.3-2021.10/bin/../lib/gcc/arm-none-eabi/10.3.1/../../../../arm-none-eabi/lib/thumb/v7-m/nofp\libg.a(lib_a-lock.o)
 .ARM.attributes
                0x0000041c       0x2d d:/clion/tools/gcc-arm-none-eabi-10.3-2021.10-win32/gcc-arm-none-eabi-10.3-2021.10/bin/../lib/gcc/arm-none-eabi/10.3.1/../../../../arm-none-eabi/lib/thumb/v7-m/nofp\libg.a(lib_a-__atexit.o)
 .ARM.attributes
                0x00000449       0x1d d:/clion/tools/gcc-arm-none-eabi-10.3-2021.10-win32/gcc-arm-none-eabi-10.3-2021.10/bin/../lib/gcc/arm-none-eabi/10.3.1/thumb/v7-m/nofp/crtn.o
OUTPUT(v1.elf elf32-littlearm)
LOAD linker stubs
LOAD d:/clion/tools/gcc-arm-none-eabi-10.3-2021.10-win32/gcc-arm-none-eabi-10.3-2021.10/bin/../lib/gcc/arm-none-eabi/10.3.1/../../../../arm-none-eabi/lib/thumb/v7-m/nofp\libc.a
LOAD d:/clion/tools/gcc-arm-none-eabi-10.3-2021.10-win32/gcc-arm-none-eabi-10.3-2021.10/bin/../lib/gcc/arm-none-eabi/10.3.1/../../../../arm-none-eabi/lib/thumb/v7-m/nofp\libm.a
LOAD d:/clion/tools/gcc-arm-none-eabi-10.3-2021.10-win32/gcc-arm-none-eabi-10.3-2021.10/bin/../lib/gcc/arm-none-eabi/10.3.1/thumb/v7-m/nofp\libgcc.a

.debug_info     0x00000000     0xe4db
 .debug_info    0x00000000      0x199 CMakeFiles/v1.elf.dir/Core/Src/gpio.c.obj
 .debug_info    0x00000199      0x87e CMakeFiles/v1.elf.dir/Core/Src/main.c.obj
 .debug_info    0x00000a17      0x211 CMakeFiles/v1.elf.dir/Core/Src/stm32f1xx_hal_msp.c.obj
 .debug_info    0x00000c28      0x130 CMakeFiles/v1.elf.dir/Core/Src/stm32f1xx_it.c.obj
 .debug_info    0x00000d58      0x248 CMakeFiles/v1.elf.dir/Core/Src/system_stm32f1xx.c.obj
 .debug_info    0x00000fa0      0xcc9 CMakeFiles/v1.elf.dir/Core/Src/tim.c.obj
 .debug_info    0x00001c69      0x855 CMakeFiles/v1.elf.dir/Core/Src/usart.c.obj
 .debug_info    0x000024be       0x22 CMakeFiles/v1.elf.dir/Core/Startup/startup_stm32f103c8tx.s.obj
 .debug_info    0x000024e0      0x7a8 CMakeFiles/v1.elf.dir/Drivers/STM32F1xx_HAL_Driver/Src/stm32f1xx_hal.c.obj
 .debug_info    0x00002c88      0xd8a CMakeFiles/v1.elf.dir/Drivers/STM32F1xx_HAL_Driver/Src/stm32f1xx_hal_cortex.c.obj
 .debug_info    0x00003a12      0x66f CMakeFiles/v1.elf.dir/Drivers/STM32F1xx_HAL_Driver/Src/stm32f1xx_hal_gpio.c.obj
 .debug_info    0x00004081      0xa3b CMakeFiles/v1.elf.dir/Drivers/STM32F1xx_HAL_Driver/Src/stm32f1xx_hal_rcc.c.obj
 .debug_info    0x00004abc     0x3d52 CMakeFiles/v1.elf.dir/Drivers/STM32F1xx_HAL_Driver/Src/stm32f1xx_hal_tim.c.obj
 .debug_info    0x0000880e     0x1abb CMakeFiles/v1.elf.dir/Drivers/STM32F1xx_HAL_Driver/Src/stm32f1xx_hal_tim_ex.c.obj
 .debug_info    0x0000a2c9     0x4212 CMakeFiles/v1.elf.dir/Drivers/STM32F1xx_HAL_Driver/Src/stm32f1xx_hal_uart.c.obj

.debug_abbrev   0x00000000     0x1a51
 .debug_abbrev  0x00000000       0xbf CMakeFiles/v1.elf.dir/Core/Src/gpio.c.obj
 .debug_abbrev  0x000000bf      0x204 CMakeFiles/v1.elf.dir/Core/Src/main.c.obj
 .debug_abbrev  0x000002c3       0xe5 CMakeFiles/v1.elf.dir/Core/Src/stm32f1xx_hal_msp.c.obj
 .debug_abbrev  0x000003a8       0x7e CMakeFiles/v1.elf.dir/Core/Src/stm32f1xx_it.c.obj
 .debug_abbrev  0x00000426      0x13e CMakeFiles/v1.elf.dir/Core/Src/system_stm32f1xx.c.obj
 .debug_abbrev  0x00000564      0x214 CMakeFiles/v1.elf.dir/Core/Src/tim.c.obj
 .debug_abbrev  0x00000778      0x1c8 CMakeFiles/v1.elf.dir/Core/Src/usart.c.obj
 .debug_abbrev  0x00000940       0x12 CMakeFiles/v1.elf.dir/Core/Startup/startup_stm32f103c8tx.s.obj
 .debug_abbrev  0x00000952      0x1f4 CMakeFiles/v1.elf.dir/Drivers/STM32F1xx_HAL_Driver/Src/stm32f1xx_hal.c.obj
 .debug_abbrev  0x00000b46      0x341 CMakeFiles/v1.elf.dir/Drivers/STM32F1xx_HAL_Driver/Src/stm32f1xx_hal_cortex.c.obj
 .debug_abbrev  0x00000e87      0x1e6 CMakeFiles/v1.elf.dir/Drivers/STM32F1xx_HAL_Driver/Src/stm32f1xx_hal_gpio.c.obj
 .debug_abbrev  0x0000106d      0x27a CMakeFiles/v1.elf.dir/Drivers/STM32F1xx_HAL_Driver/Src/stm32f1xx_hal_rcc.c.obj
 .debug_abbrev  0x000012e7      0x245 CMakeFiles/v1.elf.dir/Drivers/STM32F1xx_HAL_Driver/Src/stm32f1xx_hal_tim.c.obj
 .debug_abbrev  0x0000152c      0x248 CMakeFiles/v1.elf.dir/Drivers/STM32F1xx_HAL_Driver/Src/stm32f1xx_hal_tim_ex.c.obj
 .debug_abbrev  0x00001774      0x2dd CMakeFiles/v1.elf.dir/Drivers/STM32F1xx_HAL_Driver/Src/stm32f1xx_hal_uart.c.obj

.debug_aranges  0x00000000      0xb30
 .debug_aranges
                0x00000000       0x20 CMakeFiles/v1.elf.dir/Core/Src/gpio.c.obj
 .debug_aranges
                0x00000020       0x38 CMakeFiles/v1.elf.dir/Core/Src/main.c.obj
 .debug_aranges
                0x00000058       0x20 CMakeFiles/v1.elf.dir/Core/Src/stm32f1xx_hal_msp.c.obj
 .debug_aranges
                0x00000078       0x60 CMakeFiles/v1.elf.dir/Core/Src/stm32f1xx_it.c.obj
 .debug_aranges
                0x000000d8       0x28 CMakeFiles/v1.elf.dir/Core/Src/system_stm32f1xx.c.obj
 .debug_aranges
                0x00000100       0x40 CMakeFiles/v1.elf.dir/Core/Src/tim.c.obj
 .debug_aranges
                0x00000140       0x30 CMakeFiles/v1.elf.dir/Core/Src/usart.c.obj
 .debug_aranges
                0x00000170       0x28 CMakeFiles/v1.elf.dir/Core/Startup/startup_stm32f103c8tx.s.obj
 .debug_aranges
                0x00000198       0xe0 CMakeFiles/v1.elf.dir/Drivers/STM32F1xx_HAL_Driver/Src/stm32f1xx_hal.c.obj
 .debug_aranges
                0x00000278       0x90 CMakeFiles/v1.elf.dir/Drivers/STM32F1xx_HAL_Driver/Src/stm32f1xx_hal_cortex.c.obj
 .debug_aranges
                0x00000308       0x58 CMakeFiles/v1.elf.dir/Drivers/STM32F1xx_HAL_Driver/Src/stm32f1xx_hal_gpio.c.obj
 .debug_aranges
                0x00000360       0x90 CMakeFiles/v1.elf.dir/Drivers/STM32F1xx_HAL_Driver/Src/stm32f1xx_hal_rcc.c.obj
 .debug_aranges
                0x000003f0      0x3d0 CMakeFiles/v1.elf.dir/Drivers/STM32F1xx_HAL_Driver/Src/stm32f1xx_hal_tim.c.obj
 .debug_aranges
                0x000007c0      0x168 CMakeFiles/v1.elf.dir/Drivers/STM32F1xx_HAL_Driver/Src/stm32f1xx_hal_tim_ex.c.obj
 .debug_aranges
                0x00000928      0x208 CMakeFiles/v1.elf.dir/Drivers/STM32F1xx_HAL_Driver/Src/stm32f1xx_hal_uart.c.obj

.debug_ranges   0x00000000      0xae0
 .debug_ranges  0x00000000       0x10 CMakeFiles/v1.elf.dir/Core/Src/gpio.c.obj
 .debug_ranges  0x00000010       0x28 CMakeFiles/v1.elf.dir/Core/Src/main.c.obj
 .debug_ranges  0x00000038       0x10 CMakeFiles/v1.elf.dir/Core/Src/stm32f1xx_hal_msp.c.obj
 .debug_ranges  0x00000048       0x50 CMakeFiles/v1.elf.dir/Core/Src/stm32f1xx_it.c.obj
 .debug_ranges  0x00000098       0x18 CMakeFiles/v1.elf.dir/Core/Src/system_stm32f1xx.c.obj
 .debug_ranges  0x000000b0       0x30 CMakeFiles/v1.elf.dir/Core/Src/tim.c.obj
 .debug_ranges  0x000000e0       0x20 CMakeFiles/v1.elf.dir/Core/Src/usart.c.obj
 .debug_ranges  0x00000100       0x20 CMakeFiles/v1.elf.dir/Core/Startup/startup_stm32f103c8tx.s.obj
 .debug_ranges  0x00000120       0xd0 CMakeFiles/v1.elf.dir/Drivers/STM32F1xx_HAL_Driver/Src/stm32f1xx_hal.c.obj
 .debug_ranges  0x000001f0       0xe0 CMakeFiles/v1.elf.dir/Drivers/STM32F1xx_HAL_Driver/Src/stm32f1xx_hal_cortex.c.obj
 .debug_ranges  0x000002d0       0x48 CMakeFiles/v1.elf.dir/Drivers/STM32F1xx_HAL_Driver/Src/stm32f1xx_hal_gpio.c.obj
 .debug_ranges  0x00000318       0xa0 CMakeFiles/v1.elf.dir/Drivers/STM32F1xx_HAL_Driver/Src/stm32f1xx_hal_rcc.c.obj
 .debug_ranges  0x000003b8      0x3c0 CMakeFiles/v1.elf.dir/Drivers/STM32F1xx_HAL_Driver/Src/stm32f1xx_hal_tim.c.obj
 .debug_ranges  0x00000778      0x158 CMakeFiles/v1.elf.dir/Drivers/STM32F1xx_HAL_Driver/Src/stm32f1xx_hal_tim_ex.c.obj
 .debug_ranges  0x000008d0      0x210 CMakeFiles/v1.elf.dir/Drivers/STM32F1xx_HAL_Driver/Src/stm32f1xx_hal_uart.c.obj

.debug_line     0x00000000     0xdf2e
 .debug_line    0x00000000      0x1c9 CMakeFiles/v1.elf.dir/Core/Src/gpio.c.obj
 .debug_line    0x000001c9      0x444 CMakeFiles/v1.elf.dir/Core/Src/main.c.obj
 .debug_line    0x0000060d      0x1d6 CMakeFiles/v1.elf.dir/Core/Src/stm32f1xx_hal_msp.c.obj
 .debug_line    0x000007e3      0x1ad CMakeFiles/v1.elf.dir/Core/Src/stm32f1xx_it.c.obj
 .debug_line    0x00000990      0x2a0 CMakeFiles/v1.elf.dir/Core/Src/system_stm32f1xx.c.obj
 .debug_line    0x00000c30      0x504 CMakeFiles/v1.elf.dir/Core/Src/tim.c.obj
 .debug_line    0x00001134      0x383 CMakeFiles/v1.elf.dir/Core/Src/usart.c.obj
 .debug_line    0x000014b7       0x9e CMakeFiles/v1.elf.dir/Core/Startup/startup_stm32f103c8tx.s.obj
 .debug_line    0x00001555      0x5be CMakeFiles/v1.elf.dir/Drivers/STM32F1xx_HAL_Driver/Src/stm32f1xx_hal.c.obj
 .debug_line    0x00001b13      0x6ae CMakeFiles/v1.elf.dir/Drivers/STM32F1xx_HAL_Driver/Src/stm32f1xx_hal_cortex.c.obj
 .debug_line    0x000021c1      0x656 CMakeFiles/v1.elf.dir/Drivers/STM32F1xx_HAL_Driver/Src/stm32f1xx_hal_gpio.c.obj
 .debug_line    0x00002817      0xc93 CMakeFiles/v1.elf.dir/Drivers/STM32F1xx_HAL_Driver/Src/stm32f1xx_hal_rcc.c.obj
 .debug_line    0x000034aa     0x49ee CMakeFiles/v1.elf.dir/Drivers/STM32F1xx_HAL_Driver/Src/stm32f1xx_hal_tim.c.obj
 .debug_line    0x00007e98     0x1c63 CMakeFiles/v1.elf.dir/Drivers/STM32F1xx_HAL_Driver/Src/stm32f1xx_hal_tim_ex.c.obj
 .debug_line    0x00009afb     0x4433 CMakeFiles/v1.elf.dir/Drivers/STM32F1xx_HAL_Driver/Src/stm32f1xx_hal_uart.c.obj

.debug_str      0x00000000     0x3633
 .debug_str     0x00000000      0x1d6 CMakeFiles/v1.elf.dir/Core/Src/gpio.c.obj
                                0x213 (size before relaxing)
 .debug_str     0x000001d6      0x5ce CMakeFiles/v1.elf.dir/Core/Src/main.c.obj
                                0x7d7 (size before relaxing)
 .debug_str     0x000007a4       0x72 CMakeFiles/v1.elf.dir/Core/Src/stm32f1xx_hal_msp.c.obj
                                0x24d (size before relaxing)
 .debug_str     0x00000816       0xcf CMakeFiles/v1.elf.dir/Core/Src/stm32f1xx_it.c.obj
                                0x250 (size before relaxing)
 .debug_str     0x000008e5       0x96 CMakeFiles/v1.elf.dir/Core/Src/system_stm32f1xx.c.obj
                                0x282 (size before relaxing)
 .debug_str     0x0000097b      0x501 CMakeFiles/v1.elf.dir/Core/Src/tim.c.obj
                                0x98a (size before relaxing)
 .debug_str     0x00000e7c       0x79 CMakeFiles/v1.elf.dir/Core/Src/usart.c.obj
                                0x6ee (size before relaxing)
 .debug_str     0x00000ef5       0x4e CMakeFiles/v1.elf.dir/Core/Startup/startup_stm32f103c8tx.s.obj
                                 0x7b (size before relaxing)
 .debug_str     0x00000f43      0x610 CMakeFiles/v1.elf.dir/Drivers/STM32F1xx_HAL_Driver/Src/stm32f1xx_hal.c.obj
                                0x852 (size before relaxing)
 .debug_str     0x00001553      0x3dd CMakeFiles/v1.elf.dir/Drivers/STM32F1xx_HAL_Driver/Src/stm32f1xx_hal_cortex.c.obj
                                0x901 (size before relaxing)
 .debug_str     0x00001930      0x160 CMakeFiles/v1.elf.dir/Drivers/STM32F1xx_HAL_Driver/Src/stm32f1xx_hal_gpio.c.obj
                                0x42e (size before relaxing)
 .debug_str     0x00001a90      0x20c CMakeFiles/v1.elf.dir/Drivers/STM32F1xx_HAL_Driver/Src/stm32f1xx_hal_rcc.c.obj
                                0x659 (size before relaxing)
 .debug_str     0x00001c9c      0xe19 CMakeFiles/v1.elf.dir/Drivers/STM32F1xx_HAL_Driver/Src/stm32f1xx_hal_tim.c.obj
                               0x166d (size before relaxing)
 .debug_str     0x00002ab5      0x53c CMakeFiles/v1.elf.dir/Drivers/STM32F1xx_HAL_Driver/Src/stm32f1xx_hal_tim_ex.c.obj
                                0xe6e (size before relaxing)
 .debug_str     0x00002ff1      0x642 CMakeFiles/v1.elf.dir/Drivers/STM32F1xx_HAL_Driver/Src/stm32f1xx_hal_uart.c.obj
                                0xd22 (size before relaxing)

.comment        0x00000000       0x49
 .comment       0x00000000       0x49 CMakeFiles/v1.elf.dir/Core/Src/gpio.c.obj
                                 0x4a (size before relaxing)
 .comment       0x00000049       0x4a CMakeFiles/v1.elf.dir/Core/Src/main.c.obj
 .comment       0x00000049       0x4a CMakeFiles/v1.elf.dir/Core/Src/stm32f1xx_hal_msp.c.obj
 .comment       0x00000049       0x4a CMakeFiles/v1.elf.dir/Core/Src/stm32f1xx_it.c.obj
 .comment       0x00000049       0x4a CMakeFiles/v1.elf.dir/Core/Src/system_stm32f1xx.c.obj
 .comment       0x00000049       0x4a CMakeFiles/v1.elf.dir/Core/Src/tim.c.obj
 .comment       0x00000049       0x4a CMakeFiles/v1.elf.dir/Core/Src/usart.c.obj
 .comment       0x00000049       0x4a CMakeFiles/v1.elf.dir/Drivers/STM32F1xx_HAL_Driver/Src/stm32f1xx_hal.c.obj
 .comment       0x00000049       0x4a CMakeFiles/v1.elf.dir/Drivers/STM32F1xx_HAL_Driver/Src/stm32f1xx_hal_cortex.c.obj
 .comment       0x00000049       0x4a CMakeFiles/v1.elf.dir/Drivers/STM32F1xx_HAL_Driver/Src/stm32f1xx_hal_gpio.c.obj
 .comment       0x00000049       0x4a CMakeFiles/v1.elf.dir/Drivers/STM32F1xx_HAL_Driver/Src/stm32f1xx_hal_rcc.c.obj
 .comment       0x00000049       0x4a CMakeFiles/v1.elf.dir/Drivers/STM32F1xx_HAL_Driver/Src/stm32f1xx_hal_tim.c.obj
 .comment       0x00000049       0x4a CMakeFiles/v1.elf.dir/Drivers/STM32F1xx_HAL_Driver/Src/stm32f1xx_hal_tim_ex.c.obj
 .comment       0x00000049       0x4a CMakeFiles/v1.elf.dir/Drivers/STM32F1xx_HAL_Driver/Src/stm32f1xx_hal_uart.c.obj

.debug_frame    0x00000000     0x1ecc
 .debug_frame   0x00000000       0x28 CMakeFiles/v1.elf.dir/Core/Src/gpio.c.obj
 .debug_frame   0x00000028       0x74 CMakeFiles/v1.elf.dir/Core/Src/main.c.obj
 .debug_frame   0x0000009c       0x28 CMakeFiles/v1.elf.dir/Core/Src/stm32f1xx_hal_msp.c.obj
 .debug_frame   0x000000c4       0xa8 CMakeFiles/v1.elf.dir/Core/Src/stm32f1xx_it.c.obj
 .debug_frame   0x0000016c       0x30 CMakeFiles/v1.elf.dir/Core/Src/system_stm32f1xx.c.obj
 .debug_frame   0x0000019c       0x9c CMakeFiles/v1.elf.dir/Core/Src/tim.c.obj
 .debug_frame   0x00000238       0x60 CMakeFiles/v1.elf.dir/Core/Src/usart.c.obj
 .debug_frame   0x00000298      0x1cc CMakeFiles/v1.elf.dir/Drivers/STM32F1xx_HAL_Driver/Src/stm32f1xx_hal.c.obj
 .debug_frame   0x00000464      0x118 CMakeFiles/v1.elf.dir/Drivers/STM32F1xx_HAL_Driver/Src/stm32f1xx_hal_cortex.c.obj
 .debug_frame   0x0000057c       0xe4 CMakeFiles/v1.elf.dir/Drivers/STM32F1xx_HAL_Driver/Src/stm32f1xx_hal_gpio.c.obj
 .debug_frame   0x00000660      0x184 CMakeFiles/v1.elf.dir/Drivers/STM32F1xx_HAL_Driver/Src/stm32f1xx_hal_rcc.c.obj
 .debug_frame   0x000007e4      0xb18 CMakeFiles/v1.elf.dir/Drivers/STM32F1xx_HAL_Driver/Src/stm32f1xx_hal_tim.c.obj
 .debug_frame   0x000012fc      0x40c CMakeFiles/v1.elf.dir/Drivers/STM32F1xx_HAL_Driver/Src/stm32f1xx_hal_tim_ex.c.obj
 .debug_frame   0x00001708      0x5d8 CMakeFiles/v1.elf.dir/Drivers/STM32F1xx_HAL_Driver/Src/stm32f1xx_hal_uart.c.obj
 .debug_frame   0x00001ce0       0x2c d:/clion/tools/gcc-arm-none-eabi-10.3-2021.10-win32/gcc-arm-none-eabi-10.3-2021.10/bin/../lib/gcc/arm-none-eabi/10.3.1/../../../../arm-none-eabi/lib/thumb/v7-m/nofp\libg.a(lib_a-init.o)
 .debug_frame   0x00001d0c       0x2c d:/clion/tools/gcc-arm-none-eabi-10.3-2021.10-win32/gcc-arm-none-eabi-10.3-2021.10/bin/../lib/gcc/arm-none-eabi/10.3.1/../../../../arm-none-eabi/lib/thumb/v7-m/nofp\libg.a(lib_a-memset.o)
 .debug_frame   0x00001d38       0x5c d:/clion/tools/gcc-arm-none-eabi-10.3-2021.10-win32/gcc-arm-none-eabi-10.3-2021.10/bin/../lib/gcc/arm-none-eabi/10.3.1/../../../../arm-none-eabi/lib/thumb/v7-m/nofp\libg.a(lib_a-__call_atexit.o)
 .debug_frame   0x00001d94       0x20 d:/clion/tools/gcc-arm-none-eabi-10.3-2021.10-win32/gcc-arm-none-eabi-10.3-2021.10/bin/../lib/gcc/arm-none-eabi/10.3.1/../../../../arm-none-eabi/lib/thumb/v7-m/nofp\libg.a(lib_a-atexit.o)
 .debug_frame   0x00001db4       0x34 d:/clion/tools/gcc-arm-none-eabi-10.3-2021.10-win32/gcc-arm-none-eabi-10.3-2021.10/bin/../lib/gcc/arm-none-eabi/10.3.1/../../../../arm-none-eabi/lib/thumb/v7-m/nofp\libg.a(lib_a-fini.o)
 .debug_frame   0x00001de8       0xb0 d:/clion/tools/gcc-arm-none-eabi-10.3-2021.10-win32/gcc-arm-none-eabi-10.3-2021.10/bin/../lib/gcc/arm-none-eabi/10.3.1/../../../../arm-none-eabi/lib/thumb/v7-m/nofp\libg.a(lib_a-lock.o)
 .debug_frame   0x00001e98       0x34 d:/clion/tools/gcc-arm-none-eabi-10.3-2021.10-win32/gcc-arm-none-eabi-10.3-2021.10/bin/../lib/gcc/arm-none-eabi/10.3.1/../../../../arm-none-eabi/lib/thumb/v7-m/nofp\libg.a(lib_a-__atexit.o)

.debug_loc      0x00000000     0xcb2f
 .debug_loc     0x00000000       0x23 CMakeFiles/v1.elf.dir/Core/Src/main.c.obj
 .debug_loc     0x00000023       0x15 CMakeFiles/v1.elf.dir/Core/Src/stm32f1xx_hal_msp.c.obj
 .debug_loc     0x00000038       0xff CMakeFiles/v1.elf.dir/Core/Src/system_stm32f1xx.c.obj
 .debug_loc     0x00000137       0x77 CMakeFiles/v1.elf.dir/Core/Src/tim.c.obj
 .debug_loc     0x000001ae       0x84 CMakeFiles/v1.elf.dir/Core/Src/usart.c.obj
 .debug_loc     0x00000232      0x141 CMakeFiles/v1.elf.dir/Drivers/STM32F1xx_HAL_Driver/Src/stm32f1xx_hal.c.obj
 .debug_loc     0x00000373      0x71f CMakeFiles/v1.elf.dir/Drivers/STM32F1xx_HAL_Driver/Src/stm32f1xx_hal_cortex.c.obj
 .debug_loc     0x00000a92      0x47d CMakeFiles/v1.elf.dir/Drivers/STM32F1xx_HAL_Driver/Src/stm32f1xx_hal_gpio.c.obj
 .debug_loc     0x00000f0f      0x618 CMakeFiles/v1.elf.dir/Drivers/STM32F1xx_HAL_Driver/Src/stm32f1xx_hal_rcc.c.obj
 .debug_loc     0x00001527     0x50fa CMakeFiles/v1.elf.dir/Drivers/STM32F1xx_HAL_Driver/Src/stm32f1xx_hal_tim.c.obj
 .debug_loc     0x00006621     0x1c93 CMakeFiles/v1.elf.dir/Drivers/STM32F1xx_HAL_Driver/Src/stm32f1xx_hal_tim_ex.c.obj
 .debug_loc     0x000082b4     0x487b CMakeFiles/v1.elf.dir/Drivers/STM32F1xx_HAL_Driver/Src/stm32f1xx_hal_uart.c.obj
